/sitemap-static-scotland/	http://www.fish4.co.uk/jobs/search/location-scotland/
/sitemap-locations-scotland-browse/	http://www.fish4.co.uk/jobs/search/location-scotland/
/sitemap-locations-scotland-search/	http://www.fish4.co.uk/jobs/search/location-scotland/
/	http://www.fish4.co.uk/jobs/search/location-scotland/
/browse/	http://www.fish4.co.uk/jobs/search/location-scotland/
/browse/l-Aberdeenshire/	http://www.fish4.co.uk/jobs/search/location-aberdeenshire/areaid-234470/
/browse/l-Aberdeenshire/sl-Aberdeen/	http://www.fish4.co.uk/jobs/search/location-aberdeen/areaid-204969/within-10/
/browse/l-Aberdeenshire/sl-Alford/	http://www.fish4.co.uk/jobs/search/location-alford/areaid-234948/within-10/
/browse/l-Angus/	http://www.fish4.co.uk/jobs/search/location-angus/areaid-234471/within-10/
/browse/l-Angus/sl-Arbroath/	http://www.fish4.co.uk/jobs/search/location-arbroath/areaid-205009/within-10/
/browse/l-Angus/sl-Dundee/	http://www.fish4.co.uk/jobs/search/location-dundee/areaid-205415/within-10/
/browse/l-Angus/sl-Forfar/	http://www.fish4.co.uk/jobs/search/location-forfar/areaid-205487/within-10/
/browse/l-Angus/sl-Montrose/	http://www.fish4.co.uk/jobs/search/location-montrose/areaid-205908/within-10/
/browse/l-Argyll/	http://www.fish4.co.uk/jobs/search/location-argyll/areaid-234472/
/browse/l-Argyll/sl-Lochgilphead/	http://www.fish4.co.uk/jobs/search/location-lochgilphead/areaid-205816/within-10/
/browse/l-Argyll/sl-Oban/	http://www.fish4.co.uk/jobs/search/location-oban/areaid-205974/within-10/
/browse/l-Ayrshire/	http://www.fish4.co.uk/jobs/search/location-ayrshire/areaid-10000162/
/browse/l-Ayrshire/sl-Ayr/	http://www.fish4.co.uk/jobs/search/location-ayr/areaid-205037/within-10/
/browse/l-Ayrshire/sl-Beith/	http://www.fish4.co.uk/jobs/search/location-beith/areaid-205094/within-10/
/browse/l-Ayrshire/sl-Irvine/	http://www.fish4.co.uk/jobs/search/location-irvine/areaid-205653/within-10/
/browse/l-Ayrshire/sl-Kilmarnock/	http://www.fish4.co.uk/jobs/search/location-kilmarnock/areaid-205703/within-10/
/browse/l-Ayrshire/sl-Maybole/	http://www.fish4.co.uk/jobs/search/location-maybole/areaid-205877/within-10/
/browse/l-Ayrshire/sl-Prestwick/	http://www.fish4.co.uk/jobs/search/location-prestwick/areaid-206051/within-10/
/browse/l-Ayrshire/sl-Saltcoats/	http://www.fish4.co.uk/jobs/search/location-saltcoats/areaid-206119/within-10/
/browse/l-Caithness/	http://www.fish4.co.uk/jobs/search/location-caithness/areaid-10000173/
/browse/l-Caithness/sl-Dunbeath/	http://www.fish4.co.uk/jobs/search/location-dunbeath/areaid-205413/within-10/
/browse/l-Clackmannanshire/	http://www.fish4.co.uk/jobs/search/location-clackmannanshire/areaid-234474/
/browse/l-Clackmannanshire/sl-Alloa/	http://www.fish4.co.uk/jobs/search/location-alloa/areaid-204991/within-10/
/browse/l-Dunbartonshire/sl-Clydebank/	http://www.fish4.co.uk/jobs/search/location-clydebank/areaid-205302/within-10/
/browse/l-Dunbartonshire/sl-Dumbarton/	http://www.fish4.co.uk/jobs/search/location-dumbarton/areaid-205410/within-10/
/browse/l-Fife/	http://www.fish4.co.uk/jobs/search/location-fife/areaid-234484/
/browse/l-Fife/sl-Anstruther/	http://www.fish4.co.uk/jobs/search/location-anstruther/areaid-205005/within-10/
/browse/l-Fife/sl-Cupar/	http://www.fish4.co.uk/jobs/search/location-cupar/areaid-205358/within-10/
/browse/l-Fife/sl-Dunfermline/	http://www.fish4.co.uk/jobs/search/location-dunfermline/areaid-205416/within-10/
/browse/l-Fife/sl-Glenrothes/	http://www.fish4.co.uk/jobs/search/location-glenrothes/areaid-205515/within-10/
/browse/l-Fife/sl-Kirkcaldy/	http://www.fish4.co.uk/jobs/search/location-kirkcaldy/areaid-205717/within-10/
/browse/l-Inverness-Shire/sl-Inverness/	http://www.fish4.co.uk/jobs/search/location-inverness/areaid-205650/within-10/
/browse/l-Isle+Of+Arran/	http://www.fish4.co.uk/jobs/search/location-isle+of+arran/areaid-205654/
/browse/l-Isle+Of+Arran/sl-Isle+Of+Arran/	http://www.fish4.co.uk/jobs/search/location-isle+of+arran/areaid-205654/within-10/
/browse/l-Isle+Of+Lewis/	http://www.fish4.co.uk/jobs/search/location-isle+of+lewis/areaid-205668/
/browse/l-Isle+Of+Lewis/sl-Isle+Of+Lewis/	http://www.fish4.co.uk/jobs/search/location-isle+of+lewis/areaid-205668/within-10/
/browse/l-Lanarkshire/	http://www.fish4.co.uk/jobs/search/location-lanarkshire/areaid-10000163/
/browse/l-Lanarkshire/sl-Airdrie/	http://www.fish4.co.uk/jobs/search/location-airdrie/areaid-204983/within-10/
/browse/l-Lanarkshire/sl-Bellshill/	http://www.fish4.co.uk/jobs/search/location-bellshill/areaid-205097/within-10/
/browse/l-Lanarkshire/sl-Glasgow/	http://www.fish4.co.uk/jobs/search/location-glasgow/areaid-205512/within-10/
/browse/l-Lanarkshire/sl-Hamilton/	http://www.fish4.co.uk/jobs/search/location-hamilton/areaid-205554/within-10/
/browse/l-Lanarkshire/sl-Lanark/	http://www.fish4.co.uk/jobs/search/location-lanark/areaid-205731/within-10/
/browse/l-Lanarkshire/sl-Motherwell/	http://www.fish4.co.uk/jobs/search/location-motherwell/areaid-205914/within-10/
/browse/l-Lanarkshire/sl-Wishaw/	http://www.fish4.co.uk/jobs/search/location-wishaw/areaid-206418/within-10/
/browse/l-Midlothian/	http://www.fish4.co.uk/jobs/search/location-midlothian/areaid-234488/
/browse/l-Midlothian/sl-Edinburgh/	http://www.fish4.co.uk/jobs/search/location-edinburgh/areaid-205438/within-10/
/browse/l-Midlothian/sl-Loanhead/	http://www.fish4.co.uk/jobs/search/location-loanhead/areaid-205812/within-10/
/browse/l-Midlothian/sl-Newbridge/	http://www.fish4.co.uk/jobs/search/location-newbridge/areaid-205935/within-10/
/browse/l-Midlothian/sl-Roslin/	http://www.fish4.co.uk/jobs/search/location-roslin/areaid-206093/within-10/
/browse/l-Morayshire/	http://www.fish4.co.uk/jobs/search/location-morayshire/areaid-234489/
/browse/l-Morayshire/sl-Elgin/	http://www.fish4.co.uk/jobs/search/location-elgin/areaid-205441/within-10/
/browse/l-Perthshire/	http://www.fish4.co.uk/jobs/search/location-perthshire/areaid-234493/
/browse/l-Perthshire/sl-Perth/	http://www.fish4.co.uk/jobs/search/location-perth/areaid-206012/within-10/
/browse/l-Renfrewshire/	http://www.fish4.co.uk/jobs/search/location-renfrewshire/areaid-234494/
/browse/l-Renfrewshire/sl-Greenock/	http://www.fish4.co.uk/jobs/search/location-greenock/areaid-205538/within-10/
/browse/l-Renfrewshire/sl-Johnstone/	http://www.fish4.co.uk/jobs/search/location-johnstone/areaid-205684/within-10/
/browse/l-Renfrewshire/sl-Paisley/	http://www.fish4.co.uk/jobs/search/location-paisley/areaid-205992/within-10/
/browse/l-Renfrewshire/sl-Port+Glasgow/	http://www.fish4.co.uk/jobs/search/location-port+glasgow/areaid-206032/within-10/
/browse/l-Renfrewshire/sl-Renfrew/	http://www.fish4.co.uk/jobs/search/location-renfrew/areaid-206072/within-10/
/browse/l-Ross-Shire/sl-Alness/	http://www.fish4.co.uk/jobs/search/location-alness/areaid-204992/within-10/
/browse/l-Ross-Shire/sl-Dingwall/	http://www.fish4.co.uk/jobs/search/location-dingwall/areaid-205386/within-10/
/browse/l-Ross-Shire/sl-Invergordon/	http://www.fish4.co.uk/jobs/search/location-invergordon/areaid-205648/within-10/
/browse/l-Roxburghshire/sl-Melrose/	http://www.fish4.co.uk/jobs/search/location-melrose/areaid-205881/within-10/
/browse/l-Selkirkshire/sl-Galashiels/	http://www.fish4.co.uk/jobs/search/location-galashiels/areaid-205503/within-10/
/browse/l-Stirlingshire/	http://www.fish4.co.uk/jobs/search/location-stirlingshire/areaid-234498/
/browse/l-Stirlingshire/sl-Falkirk/	http://www.fish4.co.uk/jobs/search/location-falkirk/areaid-205464/within-10/
/browse/l-Stirlingshire/sl-Grangemouth/	http://www.fish4.co.uk/jobs/search/location-grangemouth/areaid-205528/within-10/
/browse/l-Stirlingshire/sl-Stirling/	http://www.fish4.co.uk/jobs/search/location-stirling/areaid-206216/within-10/
/browse/l-West+Lothian/	http://www.fish4.co.uk/jobs/search/location-lothian/areaid-10000145/
/browse/l-West+Lothian/sl-Broxburn/	http://www.fish4.co.uk/jobs/search/location-broxburn/areaid-205195/
/browse/l-West+Lothian/sl-Livingston/	http://www.fish4.co.uk/jobs/search/location-livingston/areaid-205778/within-10/
/search/l-Aberdeenshire/	http://www.fish4.co.uk/jobs/search/location-aberdeenshire/areaid-234470/
/search/l-Aberdeenshire/sl-Aberdeen/	http://www.fish4.co.uk/jobs/search/location-aberdeen/areaid-204969/within-10/
/search/l-Aberdeenshire/sl-Alford/	http://www.fish4.co.uk/jobs/search/location-alford/areaid-234948/within-10/
/search/l-Angus/	http://www.fish4.co.uk/jobs/search/location-angus/areaid-234471/within-10/
/search/l-Angus/sl-Arbroath/	http://www.fish4.co.uk/jobs/search/location-arbroath/areaid-205009/within-10/
/search/l-Angus/sl-Dundee/	http://www.fish4.co.uk/jobs/search/location-dundee/areaid-205415/within-10/
/search/l-Angus/sl-Forfar/	http://www.fish4.co.uk/jobs/search/location-forfar/areaid-205487/within-10/
/search/l-Angus/sl-Montrose/	http://www.fish4.co.uk/jobs/search/location-montrose/areaid-205908/within-10/
/search/l-Argyll/	http://www.fish4.co.uk/jobs/search/location-argyll/areaid-234472/
/search/l-Argyll/sl-Lochgilphead/	http://www.fish4.co.uk/jobs/search/location-lochgilphead/areaid-205816/within-10/
/search/l-Argyll/sl-Oban/	http://www.fish4.co.uk/jobs/search/location-oban/areaid-205974/within-10/
/search/l-Ayrshire/	http://www.fish4.co.uk/jobs/search/location-ayrshire/areaid-10000162/
/search/l-Ayrshire/sl-Ayr/	http://www.fish4.co.uk/jobs/search/location-ayr/areaid-205037/within-10/
/search/l-Ayrshire/sl-Beith/	http://www.fish4.co.uk/jobs/search/location-beith/areaid-205094/within-10/
/search/l-Ayrshire/sl-Irvine/	http://www.fish4.co.uk/jobs/search/location-irvine/areaid-205653/within-10/
/search/l-Ayrshire/sl-Kilmarnock/	http://www.fish4.co.uk/jobs/search/location-kilmarnock/areaid-205703/within-10/
/search/l-Ayrshire/sl-Maybole/	http://www.fish4.co.uk/jobs/search/location-maybole/areaid-205877/within-10/
/search/l-Ayrshire/sl-Prestwick/	http://www.fish4.co.uk/jobs/search/location-prestwick/areaid-206051/within-10/
/search/l-Ayrshire/sl-Saltcoats/	http://www.fish4.co.uk/jobs/search/location-saltcoats/areaid-206119/within-10/
/search/l-Caithness/	http://www.fish4.co.uk/jobs/search/location-caithness/areaid-10000173/
/search/l-Caithness/sl-Dunbeath/	http://www.fish4.co.uk/jobs/search/location-dunbeath/areaid-205413/within-10/
/search/l-Clackmannanshire/	http://www.fish4.co.uk/jobs/search/location-clackmannanshire/areaid-234474/
/search/l-Clackmannanshire/sl-Alloa/	http://www.fish4.co.uk/jobs/search/location-alloa/areaid-204991/within-10/
/search/l-Dunbartonshire/sl-Clydebank/	http://www.fish4.co.uk/jobs/search/location-clydebank/areaid-205302/within-10/
/search/l-Dunbartonshire/sl-Dumbarton/	http://www.fish4.co.uk/jobs/search/location-dumbarton/areaid-205410/within-10/
/search/l-Fife/	http://www.fish4.co.uk/jobs/search/location-fife/areaid-234484/
/search/l-Fife/sl-Anstruther/	http://www.fish4.co.uk/jobs/search/location-anstruther/areaid-205005/within-10/
/search/l-Fife/sl-Cupar/	http://www.fish4.co.uk/jobs/search/location-cupar/areaid-205358/within-10/
/search/l-Fife/sl-Dunfermline/	http://www.fish4.co.uk/jobs/search/location-dunfermline/areaid-205416/within-10/
/search/l-Fife/sl-Glenrothes/	http://www.fish4.co.uk/jobs/search/location-glenrothes/areaid-205515/within-10/
/search/l-Fife/sl-Kirkcaldy/	http://www.fish4.co.uk/jobs/search/location-kirkcaldy/areaid-205717/within-10/
/search/l-Inverness-Shire/sl-Inverness/	http://www.fish4.co.uk/jobs/search/location-inverness/areaid-205650/within-10/
/search/l-Isle+Of+Arran/	http://www.fish4.co.uk/jobs/search/location-isle+of+arran/areaid-205654/
/search/l-Isle+Of+Arran/sl-Isle+Of+Arran/	http://www.fish4.co.uk/jobs/search/location-isle+of+arran/areaid-205654/within-10/
/search/l-Isle+Of+Lewis/	http://www.fish4.co.uk/jobs/search/location-isle+of+lewis/areaid-205668/
/search/l-Isle+Of+Lewis/sl-Isle+Of+Lewis/	http://www.fish4.co.uk/jobs/search/location-isle+of+lewis/areaid-205668/within-10/
/search/l-Lanarkshire/	http://www.fish4.co.uk/jobs/search/location-lanarkshire/areaid-10000163/
/search/l-Lanarkshire/sl-Airdrie/	http://www.fish4.co.uk/jobs/search/location-airdrie/areaid-204983/within-10/
/search/l-Lanarkshire/sl-Bellshill/	http://www.fish4.co.uk/jobs/search/location-bellshill/areaid-205097/within-10/
/search/l-Lanarkshire/sl-Glasgow/	http://www.fish4.co.uk/jobs/search/location-glasgow/areaid-205512/within-10/
/search/l-Lanarkshire/sl-Hamilton/	http://www.fish4.co.uk/jobs/search/location-hamilton/areaid-205554/within-10/
/search/l-Lanarkshire/sl-Lanark/	http://www.fish4.co.uk/jobs/search/location-lanark/areaid-205731/within-10/
/search/l-Lanarkshire/sl-Motherwell/	http://www.fish4.co.uk/jobs/search/location-motherwell/areaid-205914/within-10/
/search/l-Lanarkshire/sl-Wishaw/	http://www.fish4.co.uk/jobs/search/location-wishaw/areaid-206418/within-10/
/search/l-Midlothian/	http://www.fish4.co.uk/jobs/search/location-midlothian/areaid-234488/
/search/l-Midlothian/sl-Edinburgh/	http://www.fish4.co.uk/jobs/search/location-edinburgh/areaid-205438/within-10/
/search/l-Midlothian/sl-Loanhead/	http://www.fish4.co.uk/jobs/search/location-loanhead/areaid-205812/within-10/
/search/l-Midlothian/sl-Newbridge/	http://www.fish4.co.uk/jobs/search/location-newbridge/areaid-205935/within-10/
/search/l-Midlothian/sl-Roslin/	http://www.fish4.co.uk/jobs/search/location-roslin/areaid-206093/within-10/
/search/l-Morayshire/	http://www.fish4.co.uk/jobs/search/location-morayshire/areaid-234489/
/search/l-Morayshire/sl-Elgin/	http://www.fish4.co.uk/jobs/search/location-elgin/areaid-205441/within-10/
/search/l-Perthshire/	http://www.fish4.co.uk/jobs/search/location-perthshire/areaid-234493/
/search/l-Perthshire/sl-Perth/	http://www.fish4.co.uk/jobs/search/location-perth/areaid-206012/within-10/
/search/l-Renfrewshire/	http://www.fish4.co.uk/jobs/search/location-renfrewshire/areaid-234494/
/search/l-Renfrewshire/sl-Greenock/	http://www.fish4.co.uk/jobs/search/location-greenock/areaid-205538/within-10/
/search/l-Renfrewshire/sl-Johnstone/	http://www.fish4.co.uk/jobs/search/location-johnstone/areaid-205684/within-10/
/search/l-Renfrewshire/sl-Paisley/	http://www.fish4.co.uk/jobs/search/location-paisley/areaid-205992/within-10/
/search/l-Renfrewshire/sl-Port+Glasgow/	http://www.fish4.co.uk/jobs/search/location-port+glasgow/areaid-206032/within-10/
/search/l-Renfrewshire/sl-Renfrew/	http://www.fish4.co.uk/jobs/search/location-renfrew/areaid-206072/within-10/
/search/l-Ross-Shire/sl-Alness/	http://www.fish4.co.uk/jobs/search/location-alness/areaid-204992/within-10/
/search/l-Ross-Shire/sl-Dingwall/	http://www.fish4.co.uk/jobs/search/location-dingwall/areaid-205386/within-10/
/search/l-Ross-Shire/sl-Invergordon/	http://www.fish4.co.uk/jobs/search/location-invergordon/areaid-205648/within-10/
/search/l-Roxburghshire/sl-Melrose/	http://www.fish4.co.uk/jobs/search/location-melrose/areaid-205881/within-10/
/search/l-Selkirkshire/sl-Galashiels/	http://www.fish4.co.uk/jobs/search/location-galashiels/areaid-205503/within-10/
/search/l-Stirlingshire/	http://www.fish4.co.uk/jobs/search/location-stirlingshire/areaid-234498/
/search/l-Stirlingshire/sl-Falkirk/	http://www.fish4.co.uk/jobs/search/location-falkirk/areaid-205464/within-10/
/search/l-Stirlingshire/sl-Grangemouth/	http://www.fish4.co.uk/jobs/search/location-grangemouth/areaid-205528/within-10/
/search/l-Stirlingshire/sl-Stirling/	http://www.fish4.co.uk/jobs/search/location-stirling/areaid-206216/within-10/
/search/l-West+Lothian/	http://www.fish4.co.uk/jobs/search/location-lothian/areaid-10000145/
/search/l-West+Lothian/sl-Broxburn/	http://www.fish4.co.uk/jobs/search/location-broxburn/areaid-205195/
/search/l-West+Lothian/sl-Livingston/	http://www.fish4.co.uk/jobs/search/location-livingston/areaid-205778/within-10/
