scotwheels							http://www.scotwheels.co.uk		
scotcareers							http://www.scotcareers.co.uk		
qos/qos								http://www.dgstandard.co.uk/dumfries-sport/dumfries-football/queen-of-south-fc	
qos									http://www.dgstandard.co.uk/dumfries-sport/dumfries-football/queen-of-south-fc
horoscopes/virgo					http://www.dgstandard.co.uk/lifestyle/horoscopes/virgo-horoscope				
horoscopes/taurus					http://www.dgstandard.co.uk/lifestyle/horoscopes/taurus-horoscope				
horoscopes/scorpio					http://www.dgstandard.co.uk/lifestyle/horoscopes/scorpio-horoscope				
horoscopes/sagittarius				http://www.dgstandard.co.uk/lifestyle/horoscopes/sagittarius-horoscope					
horoscopes/pisces					http://www.dgstandard.co.uk/lifestyle/horoscopes/pisces-horoscope				
horoscopes/libra					http://www.dgstandard.co.uk/lifestyle/horoscopes/libra-horoscope				
horoscopes/leo						http://www.dgstandard.co.uk/lifestyle/horoscopes/leo-horoscope			
horoscopes/gemini					http://www.dgstandard.co.uk/lifestyle/horoscopes/gemini-horoscope				
horoscopes/capricorn				http://www.dgstandard.co.uk/lifestyle/horoscopes/capricorn-horoscope					
horoscopes/cancer					http://www.dgstandard.co.uk/lifestyle/horoscopes/cancer-horoscope				
horoscopes/aries					http://www.dgstandard.co.uk/lifestyle/horoscopes/aries-horoscope				
gretna/gretnafc						http://www.dgstandard.co.uk/dumfries-sport/dumfries-football/gretna-fc			
gretna								http://www.dgstandard.co.uk/dumfries-sport/dumfries-football/gretna-fc	
forum								http://www.dgstandard.co.uk/comment/dumfries-forums	
findit/travelleisure/travelagents	http://www.dgstandard.co.uk/dumfries-classifieds/find-it								
findit/travelleisure/touroperators	http://www.dgstandard.co.uk/dumfries-classifieds/find-it								
findit/travelleisure/sports			http://www.dgstandard.co.uk/dumfries-classifieds/find-it						
findit/travelleisure/restaurants	http://www.dgstandard.co.uk/dumfries-classifieds/find-it								
findit/travelleisure/pubclubs		http://www.dgstandard.co.uk/dumfries-classifieds/find-it							
findit/travelleisure/leisure		http://www.dgstandard.co.uk/dumfries-classifieds/find-it							
findit/travelleisure/holidays		http://www.dgstandard.co.uk/dumfries-classifieds/find-it							
findit/travelleisure/farming		http://www.dgstandard.co.uk/dumfries-classifieds/find-it							
findit/travelleisure/events			http://www.dgstandard.co.uk/dumfries-classifieds/find-it						
findit/travelleisure/dance			http://www.dgstandard.co.uk/dumfries-classifieds/find-it						
findit/travelleisure				http://www.dgstandard.co.uk/dumfries-classifieds/find-it					
findit/retail/whitegoods			http://www.dgstandard.co.uk/dumfries-classifieds/find-it						
findit/retail/tcdvdrecorders		http://www.dgstandard.co.uk/dumfries-classifieds/find-it							
findit/retail/shopping				http://www.dgstandard.co.uk/dumfries-classifieds/find-it					
findit/retail/general				http://www.dgstandard.co.uk/dumfries-classifieds/find-it					
findit/retail/furniture				http://www.dgstandard.co.uk/dumfries-classifieds/find-it					
findit/retail/flooring				http://www.dgstandard.co.uk/dumfries-classifieds/find-it					
findit/retail/departmentstores		http://www.dgstandard.co.uk/dumfries-classifieds/find-it							
findit/retail/curtain				http://www.dgstandard.co.uk/dumfries-classifieds/find-it					
findit/retail/clothing				http://www.dgstandard.co.uk/dumfries-classifieds/find-it					
findit/retail						http://www.dgstandard.co.uk/dumfries-classifieds/find-it			
findit/property/propertiestolet		http://www.dgstandard.co.uk/dumfries-classifieds/find-it							
findit/property/newhomes			http://www.dgstandard.co.uk/dumfries-classifieds/find-it						
findit/property/landforsale			http://www.dgstandard.co.uk/dumfries-classifieds/find-it						
findit/property/estateagents		http://www.dgstandard.co.uk/dumfries-classifieds/find-it							
findit/property/commercialproperty	http://www.dgstandard.co.uk/dumfries-classifieds/find-it								
findit/property/businessesforsale	http://www.dgstandard.co.uk/dumfries-classifieds/find-it								
findit/property						http://www.dgstandard.co.uk/dumfries-classifieds/find-it			
findit/motoring/storage				http://www.dgstandard.co.uk/dumfries-classifieds/find-it					
findit/motoring/sparesrepairs		http://www.dgstandard.co.uk/dumfries-classifieds/find-it							
findit/motoring/mots				http://www.dgstandard.co.uk/dumfries-classifieds/find-it					
findit/motoring/motorcycles			http://www.dgstandard.co.uk/dumfries-classifieds/find-it						
findit/motoring/garages				http://www.dgstandard.co.uk/dumfries-classifieds/find-it					
findit/motoring/drivingtuition		http://www.dgstandard.co.uk/dumfries-classifieds/find-it							
findit/motoring/dealerships			http://www.dgstandard.co.uk/dumfries-classifieds/find-it						
findit/motoring/carvanhire			http://www.dgstandard.co.uk/dumfries-classifieds/find-it						
findit/motoring/caravans			http://www.dgstandard.co.uk/dumfries-classifieds/find-it						
findit/motoring						http://www.dgstandard.co.uk/dumfries-classifieds/find-it			
findit/homegarden/skiphire			http://www.dgstandard.co.uk/dumfries-classifieds/find-it						
findit/homegarden/roofing			http://www.dgstandard.co.uk/dumfries-classifieds/find-it						
findit/homegarden/removals			http://www.dgstandard.co.uk/dumfries-classifieds/find-it						
findit/homegarden/plumbing			http://www.dgstandard.co.uk/dumfries-classifieds/find-it						
findit/homegarden/painters			http://www.dgstandard.co.uk/dumfries-classifieds/find-it						
findit/homegarden/homeimprovements	http://www.dgstandard.co.uk/dumfries-classifieds/find-it								
findit/homegarden/homegarden		http://www.dgstandard.co.uk/dumfries-classifieds/find-it							
findit/homegarden/gardening			http://www.dgstandard.co.uk/dumfries-classifieds/find-it						
findit/homegarden/fencing			http://www.dgstandard.co.uk/dumfries-classifieds/find-it						
findit/homegarden/electrical		http://www.dgstandard.co.uk/dumfries-classifieds/find-it							
findit/homegarden/builders			http://www.dgstandard.co.uk/dumfries-classifieds/find-it						
findit/homegarden/blinds			http://www.dgstandard.co.uk/dumfries-classifieds/find-it						
findit/homegarden/appliancerepairs	http://www.dgstandard.co.uk/dumfries-classifieds/find-it								
findit/homegarden					http://www.dgstandard.co.uk/dumfries-classifieds/find-it				
findit/finance/solicitors			http://www.dgstandard.co.uk/dumfries-classifieds/find-it						
findit/finance/mortgages			http://www.dgstandard.co.uk/dumfries-classifieds/find-it						
findit/finance/loans				http://www.dgstandard.co.uk/dumfries-classifieds/find-it					
findit/finance/insurance			http://www.dgstandard.co.uk/dumfries-classifieds/find-it						
findit/finance						http://www.dgstandard.co.uk/dumfries-classifieds/find-it			
findit/features/features			http://www.dgstandard.co.uk/dumfries-classifieds/find-it						
findit/features						http://www.dgstandard.co.uk/dumfries-classifieds/find-it			
findit/fashion/weddingalbum			http://www.dgstandard.co.uk/dumfries-classifieds/find-it						
findit/fashion/hairsalons			http://www.dgstandard.co.uk/dumfries-classifieds/find-it						
findit/fashion/clothingshoeretail	http://www.dgstandard.co.uk/dumfries-classifieds/find-it								
findit/fashion/beautytreatments		http://www.dgstandard.co.uk/dumfries-classifieds/find-it							
findit/fashion/beautyretail			http://www.dgstandard.co.uk/dumfries-classifieds/find-it						
findit/fashion						http://www.dgstandard.co.uk/dumfries-classifieds/find-it			
findit/education/universities		http://www.dgstandard.co.uk/dumfries-classifieds/find-it							
findit/education/training			http://www.dgstandard.co.uk/dumfries-classifieds/find-it						
findit/education/privatetuition		http://www.dgstandard.co.uk/dumfries-classifieds/find-it							
findit/education/parttimestudy		http://www.dgstandard.co.uk/dumfries-classifieds/find-it							
findit/education/colleges			http://www.dgstandard.co.uk/dumfries-classifieds/find-it						
findit/education					http://www.dgstandard.co.uk/dumfries-classifieds/find-it				
findit/aboutus						http://www.dgstandard.co.uk/dumfries-classifieds/find-it			
findit								http://www.dgstandard.co.uk/dumfries-classifieds/find-it	
dumfriesgalloway/subscribe			http://www.dgstandard.co.uk						
dumfriesgalloway/sport				http://www.dgstandard.co.uk/dumfries-sport					
dumfriesgalloway/queenofthesouth	http://www.dgstandard.co.uk/dumfries-sport/dumfries-football/queen-of-south-fc								
dumfriesgalloway/qos				http://www.dgstandard.co.uk/dumfries-sport/dumfries-football/queen-of-south-fc					
dumfriesgalloway/news				http://www.dgstandard.co.uk/dumfries-news					
dumfriesgalloway/gretnafc			http://www.dgstandard.co.uk/dumfries-sport/dumfries-football/gretna-fc						
dumfriesgalloway/dgsport			http://www.dgstandard.co.uk/dumfries-sport						
dumfriesgalloway/dgnews				http://www.dgstandard.co.uk/dumfries-news					
dumfriesgalloway/contactus			http://www.dgstandard.co.uk/comment/contact-dumfries-post						
dumfriesgalloway/buyaphoto			http://www.dgstandard.co.uk/videos-pics/buy-dumfries-photos						
dumfriesgalloway/bingo				http://www.icbingo.co.uk					
dumfriesgalloway					http://www.dgstandard.co.uk				
bingo								http://www.icbingo.co.uk	
annan-athletic-sfl					http://www.dgstandard.co.uk/dumfries-sport/dumfries-football/annan-athletic				
