yoursay	http://forums.birminghammail.net
worldcup	http://www.birminghammail.net
wolves/yourshout	http://forums.birminghammail.net
wolves	http://www.birminghammail.net/birmingham-sport/wolverhampton-wanderers-fc
winstuff	http://www.birminghammail.net/lifestyle/competitions
whatson/reviews/theatre	http://www.birminghammail.net/what-is-on-in-birmingham/theatre-in-birmingham
whatson/reviews/restaurants	http://www.birminghammail.net/lifestyle/food-and-drink
whatson/reviews/pubgrub	http://www.birminghammail.net/lifestyle/food-and-drink
whatson/reviews/gigs	http://www.birminghammail.net/what-is-on-in-birmingham/birmingham-gig-reviews
whatson/reviews/gaming	http://www.birminghammail.net/what-is-on-in-birmingham
whatson/reviews/dvd	http://www.birminghammail.net/what-is-on-in-birmingham/dvd-reviews
whatson/reviews/cinema	http://www.birminghammail.net/what-is-on-in-birmingham/film-reviews
whatson/reviews/chips	http://www.birminghammail.net/lifestyle/food-and-drink
whatson/reviews/books	http://www.birminghammail.net/what-is-on-in-birmingham
whatson/reviews	http://www.birminghammail.net/what-is-on-in-birmingham
whatson/bigbrother/yourshout	http://forums.birminghammail.net
whatson/bigbrother/ohbro	http://www.birminghammail.net
whatson/bigbrother/news	http://www.birminghammail.net
whatson/bigbrother	http://www.birminghammail.net
whatson	http://www.birminghammail.net/what-is-on-in-birmingham
whatsnewforyou	http://www.birminghammail.net
walsall/yourshout	http://forums.birminghammail.net
walsall	http://www.birminghammail.net/birmingham-sport/walsall-fc
villatakeover	http://www.birminghammail.net/birmingham-sport/aston-villa-fc
villa/yourshout	http://forums.birminghammail.net
villa/villaincrisis	http://www.birminghammail.net/birmingham-sport/aston-villa-fc
villa/squad	http://www.birminghammail.net/birmingham-sport/aston-villa-fc
villa/reports/0708	http://www.birminghammail.net/birmingham-sport/aston-villa-fc/aston-villa-match-reports
villa/reports/0607	http://www.birminghammail.net/birmingham-sport/aston-villa-fc/aston-villa-match-reports
villa/reports	http://www.birminghammail.net/birmingham-sport/aston-villa-fc/aston-villa-match-reports
villa/news	http://www.birminghammail.net/birmingham-sport/aston-villa-fc/aston-villa-news
villa/mia	http://www.birminghammail.net/birmingham-sport/aston-villa-fc
villa/heroes	http://www.birminghammail.net/birmingham-sport/aston-villa-fc/aston-villa-fc-legends
villa/classicmatches	http://www.birminghammail.net/birmingham-sport/aston-villa-fc
villa	http://www.birminghammail.net/birmingham-sport/aston-villa-fc
videofun	http://www.birminghammail.net/birmingham-videos-pictures/features
video/videos	http://www.birminghammail.net/birmingham-videos-pictures/local-news
video/filmtrailers	http://www.birminghammail.net/birmingham-videos-pictures/film-trailers
video	http://www.birminghammail.net/multimedia
travel/travelreports	http://www.birminghammail.net/lifestyle/travel
travel/travelnews	http://www.birminghammail.net/lifestyle/travel
transport	http://www.birminghammail.net
topclasscash	http://www.birminghammail.net
tomross	http://www.birminghammail.net/birmingham-sport
thestirrer	http://www.birminghammail.net/birmingham-blogs-views/birmingham-mail-columnists/the-stirrer
theatre	http://www.birminghammail.net/what-is-on-in-birmingham/theatre-in-birmingham
termsandconditions	http://www.birminghammail.net/birmingham-mail-about-us/terms-and-conditions
starsbehavingbadly	http://www.birminghammail.net
sport/yourshout	http://forums.birminghammail.net
sport/rugby/stourbridge	http://www.birminghammail.net/birmingham-sport/birmingham-rfc-rugby/stourbridge-rfc
sport/rugby/moseley	http://www.birminghammail.net/birmingham-sport/birmingham-rfc-rugby/moseley-rfc
sport/rugby/bees	http://www.birminghammail.net/birmingham-sport/birmingham-rfc-rugby/pertemps-bees-rfc
sport/rugby	http://www.birminghammail.net/birmingham-sport/birmingham-rfc-rugby
sport/results	http://www.birminghammail.net/birmingham-sport
sport/predictions	http://www.birminghammail.net/birmingham-sport
sport/greyhounds	http://www.birminghammail.net/birmingham-sport
sport/dfs	http://www.birminghammail.net/birmingham-sport
sport/cricket	http://www.birminghammail.net/birmingham-sport/cricket
sport/columnists/tomross	http://www.birminghammail.net/birmingham-sport
sport/columnists/halford	http://www.birminghammail.net/birmingham-sport
sport/columnists/girltalk	http://www.birminghammail.net/birmingham-sport
sport/columnists/farpost	http://www.birminghammail.net/birmingham-sport
sport/columnists	http://www.birminghammail.net/birmingham-sport
sport/brummies	http://www.birminghammail.net/birmingham-sport/other-sport/birmingham-speedway
sport/basketball	http://www.birminghammail.net/birmingham-sport/other-sport/basketball
sport/backofthenet/gonebutnotforgotten	http://www.birminghammail.net/birmingham-sport
sport/backofthenet/column	http://www.birminghammail.net/birmingham-sport
sport/backofthenet	http://www.birminghammail.net/birmingham-sport
sport	http://www.birminghammail.net/birmingham-sport
snaphappy	http://www.birminghammail.net/birmingham-videos-pictures/upload-pictures
saveoursmallshops	http://www.birminghammail.net/news/birmingham-campaigns
saveoursauce	http://www.birminghammail.net/news/birmingham-campaigns
rugby	http://www.birminghammail.net/birmingham-sport/birmingham-rfc-rugby
rosstest	http://www.birminghammail.net
reviews/stayingin	http://www.birminghammail.net/what-is-on-in-birmingham
reviews/goingout	http://www.birminghammail.net/what-is-on-in-birmingham
reviews/gaming	http://www.birminghammail.net/what-is-on-in-birmingham
reviews	http://www.birminghammail.net/what-is-on-in-birmingham
restaurantspy	http://www.birminghammail.net/birmingham-blogs-views
pubgrub	http://www.birminghammail.net/lifestyle/food-and-drink
photosales	http://www.birminghammail.net/birmingham-videos-pictures/photosales
pennant	http://www.birminghammail.net
nonleague	http://www.birminghammail.net/birmingham-sport/birmingham-non-league-football
newstreet	http://www.birminghammail.net/news/birmingham-campaigns/birmingham-new-street-station
news/yoursay	http://forums.birminghammail.net
news/whittock	http://www.birminghammail.net/birmingham-videos-pictures/colin-whittock-cartoons
news/villatakeover	http://www.birminghammail.net
news/transport	http://www.birminghammail.net
news/test	http://www.birminghammail.net
news/starsbehavingbadly	http://www.birminghammail.net
news/southandworcs	http://www.birminghammail.net/news/worcestershire-news
news/solihull	http://www.birminghammail.net/news/solihull-news
news/saveoursmallshops	http://www.birminghammail.net/news/birmingham-campaigns/save-our-small-shops
news/saveoursauce	http://www.birminghammail.net/news/birmingham-campaigns
news/oneknifeonelife/petition	http://www.birminghammail.net/news/birmingham-campaigns
news/oneknifeonelife	http://www.birminghammail.net/news/birmingham-campaigns
news/northandstaffs	http://www.birminghammail.net/news/staffordshire-news
news/newstreet/petition	http://www.birminghammail.net/news/birmingham-campaigns/birmingham-new-street-station
news/newstreet/news	http://www.birminghammail.net/news/birmingham-campaigns/birmingham-new-street-station
news/newstreet	http://www.birminghammail.net/news/birmingham-campaigns/birmingham-new-street-station
news/mayordebate	http://www.birminghammail.net/news/birmingham-campaigns/elected-mayor
news/markettrader	http://www.birminghammail.net
news/lifeboat	http://www.birminghammail.net/news/birmingham-campaigns
news/hospitaldebate	http://www.birminghammail.net/news/birmingham-campaigns
news/hitandrun	http://www.birminghammail.net/news/birmingham-campaigns
news/gambia	http://www.birminghammail.net/news/birmingham-campaigns
news/fire	http://www.birminghammail.net
news/elections	http://www.birminghammail.net
news/columnists/verongraham	http://www.birminghammail.net/birmingham-blogs-views
news/columnists/thestirrer/news	http://www.birminghammail.net/birmingham-blogs-views/birmingham-mail-columnists/the-stirrer
news/columnists/thestirrer	http://www.birminghammail.net/birmingham-blogs-views/birmingham-mail-columnists/the-stirrer
news/columnists/messent	http://www.birminghammail.net/birmingham-blogs-views/birmingham-mail-columnists/maureen-messent
news/columnists/karrenbrady	http://www.birminghammail.net/birmingham-blogs-views/birmingham-mail-columnists/karren-brady-birmingham-city
news/columnists/jonathanwalker	http://www.birminghammail.net/birmingham-blogs-views/birmingham-mail-columnists/jon-walker
news/columnists/hancock	http://www.birminghammail.net/birmingham-blogs-views
news/columnists/grumpy	http://www.birminghammail.net/birmingham-blogs-views
news/columnists/goldberg	http://www.birminghammail.net/birmingham-blogs-views/birmingham-mail-columnists/the-stirrer
news/columnists/faraz	http://www.birminghammail.net/birmingham-blogs-views
news/columnists/doolan	http://www.birminghammail.net/birmingham-blogs-views/birmingham-mail-columnists
news/columnists	http://www.birminghammail.net/birmingham-blogs-views
news/cityandworcs	http://www.birminghammail.net/news/worcestershire-news
news/cityandstaffs	http://www.birminghammail.net/news/staffordshire-news
news/chinesewhispers	http://www.birminghammail.net/news/birmingham-campaigns
news/centralcity	http://www.birminghammail.net/news/birmingham-news
news/casino	http://www.birminghammail.net/news/birmingham-campaigns
news/buses	http://www.birminghammail.net/news/birmingham-campaigns
news/bullying/quiz	http://www.birminghammail.net/news/birmingham-campaigns
news/bullying/news	http://www.birminghammail.net/news/birmingham-campaigns
news/bullying/guide	http://www.birminghammail.net/news/birmingham-campaigns
news/bullying/findoutmore	http://www.birminghammail.net/news/birmingham-campaigns
news/bullying/board	http://www.birminghammail.net/news/birmingham-campaigns
news/bullying	http://www.birminghammail.net/news/birmingham-campaigns
news/breakingnews	http://www.birminghammail.net/news
news/blackcountry	http://www.birminghammail.net/news/black-country
news/airportterror	http://www.birminghammail.net/news
news/airport/airportterror	http://www.birminghammail.net/news
news/airport	http://www.birminghammail.net/news/birmingham-campaigns
news/abigailcraens	http://www.birminghammail.net/news/birmingham-campaigns
nanjing	http://www.birminghammail.net/news/birmingham-campaigns
messent	http://www.birminghammail.net/birmingham-blogs-views/birmingham-mail-columnists/maureen-messent
localheroes	http://www.birminghammail.net/news/birmingham-campaigns/local-heroes
live  http://live.birminghammail.net
lifeboat	http://www.birminghammail.net/news/birmingham-campaigns
letishaandcharlene	http://www.birminghammail.net/news/birmingham-campaigns/letisha-and-charlene
karrenbrady	http://www.birminghammail.net/birmingham-blogs-views/birmingham-mail-columnists/karren-brady-birmingham-city
hitandrun	http://www.birminghammail.net/news/birmingham-campaigns
healthyhappykids	http://www.birminghammail.net
grotto/gallery	http://www.birminghammail.net
grotto/details	http://www.birminghammail.net
grotto	http://www.birminghammail.net
greenweek/survey	http://www.birminghammail.net
greenweek	http://www.birminghammail.net
goldberg	http://www.birminghammail.net/birmingham-blogs-views/birmingham-mail-columnists/the-stirrer
girltalk	http://www.birminghammail.net
gigs	http://www.birminghammail.net/what-is-on-in-birmingham/birmingham-gig-reviews
getinvolved/getinvolvednews	http://www.birminghammail.net
getinvolved	http://www.birminghammail.net
gamingzone/news	http://www.birminghammail.net
gamingzone/blastfromthepast	http://www.birminghammail.net
gamingzone	http://www.birminghammail.net
gaming	http://www.birminghammail.net
galleries	http://www.birminghammail.net/birmingham-videos-pictures/birmingham-picture-galleries
freeweek	http://www.birminghammail.net
freemail	http://www.birminghammail.net
forums	http://forums.birminghammail.net
football/wolves/yourshout	http://forums.birminghammail.net
football/wolves/reports	http://www.birminghammail.net/birmingham-sport/wolverhampton-wanderers-fc/wolves-fc-match-reports
football/wolves/classicmatches	http://www.birminghammail.net/birmingham-sport/wolverhampton-wanderers-fc
football/wolves	http://www.birminghammail.net/birmingham-sport/wolverhampton-wanderers-fc
football/walsall/yourshout	http://forums.birminghammail.net
football/walsall/reports	http://www.birminghammail.net/birmingham-sport/walsall-fc/walsall-fc-results-reports
football/walsall	http://www.birminghammail.net/birmingham-sport/walsall-fc
football/respecttheref	http://www.birminghammail.net/birmingham-sport
football/nonleague/yourshout	http://forums.birminghammail.net
football/nonleague	http://www.birminghammail.net/birmingham-sport/birmingham-non-league-football
football/amateurfootball/yourshout	http://forums.birminghammail.net
football/amateurfootball	http://www.birminghammail.net/birmingham-sport
football	http://www.birminghammail.net/birmingham-sport
features	http://www.birminghammail.net/lifestyle
FantasyFootball http://fantasyfootball.birminghammail.net
fantasyfootball http://fantasyfootball.birminghammail.net
familylife/suejordan	http://www.birminghammail.net/lifestyle/family-life
familylife/localheroes	http://www.birminghammail.net/news/birmingham-campaigns/local-heroes
familylife/ladiesnight	http://www.birminghammail.net
familylife/childline	http://www.birminghammail.net/lifestyle/family-life
familylife	http://www.birminghammail.net/lifestyle/family-life
epaper	http://www.birminghammail.net/birmingham-mail-about-us/epaper
election	http://www.birminghammail.net
education/news	http://www.birminghammail.net/lifestyle/family-life/education
education/learningzone	http://www.birminghammail.net/lifestyle/family-life/education
education	http://www.birminghammail.net/lifestyle/family-life/education
eddoolan	http://www.birminghammail.net/birmingham-blogs-views
dvd	http://www.birminghammail.net/what-is-on-in-birmingham/dvd-reviews
dreamholiday	http://www.birminghammail.net/lifestyle/travel
disneybooks	http://www.birminghammail.net
countdowntochristmas	http://www.birminghammail.net
cinema	http://www.birminghammail.net/what-is-on-in-birmingham/film-reviews
childline	http://www.birminghammail.net/news/birmingham-campaigns
cheapaschips	http://www.birminghammail.net/lifestyle/food-and-drink
casino	http://www.birminghammail.net/news/birmingham-campaigns
caringforyourplanet/survey	http://www.birminghammail.net/news/birmingham-campaigns
caringforyourplanet/news	http://www.birminghammail.net/news/birmingham-campaigns
caringforyourplanet	http://www.birminghammail.net/news/birmingham-campaigns
campaigns	http://www.birminghammail.net/news/birmingham-campaigns
bullying	http://www.birminghammail.net/news/birmingham-campaigns
books	http://www.birminghammail.net
blues/yourshout	http://forums.birminghammail.net
blues/reports	http://www.birminghammail.net/birmingham-sport/birmingham-city-fc/birmingham-city-fc-match-reports
blues/pennant	http://www.birminghammail.net/birmingham-sport/birmingham-city-fc
blues/news	http://www.birminghammail.net/birmingham-sport/birmingham-city-fc/birmingham-city-fc-news
blues/mia	http://www.birminghammail.net/birmingham-sport/birmingham-city-fc
blues/karrenbrady	http://www.birminghammail.net/birmingham-sport/birmingham-city-fc
blues/heroes	http://www.birminghammail.net/birmingham-sport/birmingham-city-fc
blues/classicmatches	http://www.birminghammail.net/birmingham-sport/birmingham-city-fc
blues	http://www.birminghammail.net/birmingham-sport/birmingham-city-fc
blog	http://www.birminghammail.net/birmingham-blogs-views
blackcountry	http://www.birminghammail.net/news/black-country
birminghamsbest/welcome	http://www.birminghammail.net
birminghamsbest/terms	http://www.birminghammail.net
birminghamsbest/suspendpapers	http://www.birminghammail.net
birminghamsbest/nominate	http://www.birminghammail.net
birminghamsbest/feedback	http://www.birminghammail.net
birminghamsbest/contactdetails	http://www.birminghammail.net
birminghamsbest/arrangehomedelivery	http://www.birminghammail.net
birminghamsbest/activation	http://www.birminghammail.net
birminghamsbest/activate	http://www.birminghammail.net
bigdebate	http://www.birminghammail.net/news/birmingham-campaigns
audio	http://www.birminghammail.net
archive	http://www.birminghammail.net
amateurfootball	http://www.birminghammail.net/birmingham-sport
albion/yourshout	http://forums.birminghammail.net
albion/reports	http://www.birminghammail.net/birmingham-sport/west-bromwich-albion-fc/west-bromwich-albion-fc-match-reports
albion/news	http://www.birminghammail.net/birmingham-sport/west-bromwich-albion-fc/west-bromwich-albion-fc-news
albion/classicmatches	http://www.birminghammail.net/birmingham-sport/west-bromwich-albion-fc
albion	http://www.birminghammail.net/birmingham-sport/west-bromwich-albion-fc
airport	http://www.birminghammail.net/news/birmingham-campaigns
aboutus	http://www.birminghammail.net/birmingham-mail-about-us
abigailcraen	http://www.birminghammail.net/news/birmingham-campaigns
	
birmingham-mail-classifieds/directory/chauffeur-hire-chester		http://www.birminghammail.net/birmingham-mail-classifieds/directory/chauffeur-hire-in-birmingham
birmingham-mail-classifieds/directory/coach-hire-chester		http://www.birminghammail.net/birmingham-mail-classifieds/directory/coach-hire-in-birmingham
birmingham-mail-classifieds/directory/conservatories-chester		http://www.birminghammail.net/birmingham-mail-classifieds/directory/conservatories-in-birmingham
birmingham-mail-classifieds/directory/counselling-chester		http://www.birminghammail.net/birmingham-mail-classifieds/directory/counselling-in-birmingham
birmingham-mail-classifieds/directory/couriers-chester		http://www.birminghammail.net/birmingham-mail-classifieds/directory/couriers-in-birmingham
birmingham-mail-classifieds/directory/hypnotherapists-chester		http://www.birminghammail.net/birmingham-mail-classifieds/directory/hypnotherapists-in-birmingham
birmingham-mail-classifieds/directory/industrial-cleaners-chester		http://www.birminghammail.net/birmingham-mail-classifieds/directory/industrial-cleaners-in-birmingham
birmingham-mail-classifieds/directory/insurance_in_chester		http://www.birminghammail.net/birmingham-mail-classifieds/directory/insurance-in-birmingham
dating http://dating.birminghammail.net
tags	http://www.birminghammail.net/topics

news/national-news/2012/09/12/hillsborough-independent-panel-report-live-blog-100252-31818729  http://www.birminghammail.net/news/education-news/birmingham-schools/2012/09/12/hillsborough-independent-panel-report-live-blog-100252-31819271

