classifieds/directory/chauffeur-hire-chester	http://www.caernarfonherald.co.uk/classifieds/directory/chauffeur-hire-in-caernarfon
classifieds/directory/coach-hire-chester		http://www.caernarfonherald.co.uk/classifieds/directory/coach-hire-in-caernarfon
classifieds/directory/conservatories-chester	http://www.caernarfonherald.co.uk/classifieds/directory/conservatories-in-caernarfon
classifieds/directory/counselling-chester		http://www.caernarfonherald.co.uk/classifieds/directory/counselling-in-caernarfon
classifieds/directory/couriers-chester			http://www.caernarfonherald.co.uk/classifieds/directory/couriers-in-caernarfon
classifieds/directory/hypnotherapists-chester	http://www.caernarfonherald.co.uk/classifieds/directory/hypnotherapists-in-caernarfon
classifieds/directory/industrial-cleaners-chester		http://www.caernarfonherald.co.uk/classifieds/directory/industrial-cleaners-in-caernarfon
classifieds/directory/insurance_in_chester		http://www.caernarfonherald.co.uk/classifieds/directory/insurance-in-caernarfon
dating							http://dating.icnetwork.co.uk/?referer=http://www.caernarfonherald.co.uk