classifieds/directory/chauffeur-hire-chester	http://www.crosbyherald.co.uk/classifieds/directory/chauffeur-hire-in-crosby
classifieds/directory/coach-hire-chester		http://www.crosbyherald.co.uk/classifieds/directory/coach-hire-in-crosby
classifieds/directory/conservatories-chester	http://www.crosbyherald.co.uk/classifieds/directory/conservatories-in-crosby
classifieds/directory/counselling-chester		http://www.crosbyherald.co.uk/classifieds/directory/counselling-in-crosby
classifieds/directory/couriers-chester			http://www.crosbyherald.co.uk/classifieds/directory/couriers-in-crosby
classifieds/directory/hypnotherapists-chester	http://www.crosbyherald.co.uk/classifieds/directory/hypnotherapists-in-crosby
classifieds/directory/industrial-cleaners-chester	http://www.crosbyherald.co.uk/classifieds/directory/industrial-cleaners-in-crosby
classifieds/directory/insurance_in_chester		http://www.crosbyherald.co.uk/classifieds/directory/insurance-in-crosby
dating							http://dating.icnetwork.co.uk/?referer=http://www.crosbyherald.co.uk