northwales-classifieds/directory/chauffeur-hire-chester		http://www.dailypost.co.uk/northwales-classifieds/directory/chauffeur-hire-in-north-wales
northwales-classifieds/directory/coach-hire-chester			http://www.dailypost.co.uk/northwales-classifieds/directory/coach-hire-in-north-wales
northwales-classifieds/directory/conservatories-chester		http://www.dailypost.co.uk/northwales-classifieds/directory/conservatories-in-north-wales
northwales-classifieds/directory/counselling-chester		http://www.dailypost.co.uk/northwales-classifieds/directory/counselling-in-north-wales
northwales-classifieds/directory/couriers-chester			http://www.dailypost.co.uk/northwales-classifieds/directory/couriers-in-north-wales
northwales-classifieds/directory/hypnotherapists-chester	http://www.dailypost.co.uk/northwales-classifieds/directory/hypnotherapists-in-north-wales
northwales-classifieds/directory/industrial-cleaners-chester	http://www.dailypost.co.uk/northwales-classifieds/directory/industrial-cleaners-in-north-wales
northwales-classifieds/directory/insurance_in_chester		http://www.dailypost.co.uk/northwales-classifieds/directory/insurance-in-north-wales
dating 								http://dating.dailypost.co.uk
mydailypost							http://mydailypost.dailypost.co.uk
tags								http://www.dailypost.co.uk/topics



