ealing-classifieds/directory/chauffeur-hire-chester		http://www.ealinggazette.co.uk/ealing-classifieds/directory/chauffeur-hire-in-ealing
ealing-classifieds/directory/coach-hire-chester			http://www.ealinggazette.co.uk/ealing-classifieds/directory/coach-hire-in-ealing
ealing-classifieds/directory/conservatories-chester		http://www.ealinggazette.co.uk/ealing-classifieds/directory/conservatories-in-ealing
ealing-classifieds/directory/counselling-chester		http://www.ealinggazette.co.uk/ealing-classifieds/directory/counselling-in-ealing
ealing-classifieds/directory/couriers-chester			http://www.ealinggazette.co.uk/ealing-classifieds/directory/couriers-in-ealing
ealing-classifieds/directory/hypnotherapists-chester	http://www.ealinggazette.co.uk/ealing-classifieds/directory/hypnotherapists-in-ealing
ealing-classifieds/directory/industrial-cleaners-chester	http://www.ealinggazette.co.uk/ealing-classifieds/directory/industrial-cleaners-in-ealing
ealing-classifieds/directory/insurance_in_chester		http://www.ealinggazette.co.uk/ealing-classifieds/directory/insurance-in-ealing
dating								http://dating.icnetwork.co.uk/?referer=http://www.ealinggazette.co.uk
