corus	http://www.gazettelive.co.uk/ 

news/news	http://www.gazettelive.co.uk/news/teesside-news
news/propertypricecheck	http://www.gazettelive.co.uk/news/teesside-news/property-price
news/galleries	http://www.gazettelive.co.uk/videos-pictures
news/ukandworld	http://www.gazettelive.co.uk/news/uk-and-world-news
news/letters	http://www.gazettelive.co.uk/news
news/reunited	http://www.gazettelive.co.uk/news
news/alanwhite	http://www.gazettelive.co.uk/news
news/contactus	http://www.gazettelive.co.uk/news/contact-us
news/gazettedirect	http://www.gazettelive.co.uk/2007/07/31/gazette-direct-84229-19549000
news/subscriptions	http://www.gazettelive.co.uk/news/contact-us
news/gazettepeople	http://www.gazettelive.co.uk/gazette-communities
news/crime	http://www.gazettelive.co.uk/news
news/haveyoursay	http://www.gazettelive.co.uk/news
news/haveyoursayforum	http://forums.gazettelive.co.uk
news/news/busroutes	http://www.gazettelive.co.uk/news
news/news/dump	http://www.gazettelive.co.uk/news
news/news/latest	http://www.gazettelive.co.uk/news
news/news/news	http://www.gazettelive.co.uk/news
news/newsagents	http://www.gazettelive.co.uk/news
news/the101list	http://www.gazettelive.co.uk/news
news/special-features/2011/07/18/nominate-someone-to-be-an-olympic-torchbearer-in-the-london-2010-olympic-torch-relay-84229-29073452/	http://www.gazettelive.co.uk/news/special-features/olympic-torch-relay/2011/07/12/nominate-someone-for-a-chance-to-be-a-torchbearer-in-the-london-2012-olympic-torch-relay-97319-29085841


teespride/news	http://www.gazettelive.co.uk/news/teesside-and-tees-valley/teesside-and-tees-valley-news
teespride/processindustry	http://www.gazettelive.co.uk/news/teesside-and-tees-valley/north-east-process-industry
teespride/theyearahead	http://www.gazettelive.co.uk/news/teesside-and-tees-valley/year-ahead
teespride/reviewoftheyear	http://www.gazettelive.co.uk/news/teesside-and-tees-valley/review-of-the-year
teespride/hartlepool	http://www.gazettelive.co.uk/news/teesside-and-tees-valley/hartlepool-focus
teespride/stockton	http://www.gazettelive.co.uk/news/teesside-and-tees-valley/stockton-focus
teespride/regeneration	http://www.gazettelive.co.uk/news/teesside-and-tees-valley/local-regeneration
teespride/middlesbrough	http://www.gazettelive.co.uk/news/teesside-and-tees-valley/middlesbrough-focus
teespride/darlington	http://www.gazettelive.co.uk/news/teesside-and-tees-valley/darlington-focus
teespride/redcarcleveland	http://www.gazettelive.co.uk/news/teesside-and-tees-valley/redcar-and-cleveland-focus
teespride	http://www.gazettelive.co.uk/news/teesside-and-tees-valley

environment/environmentnews	http://www.gazettelive.co.uk/news/the-environment
environment	http://www.gazettelive.co.uk/news/the-environment
familylife/greenbits	http://www.gazettelive.co.uk/news/the-environment/green-bits
familylife/10kroadrace	http://www.gazettelive.co.uk/lifestyle
familylife/goalrush	http://www.gazettelive.co.uk/lifestyle
familylife/rememberwhen	http://www.gazettelive.co.uk/videos-pictures/history-photos-video
familylife/runforfun	http://www.gazettelive.co.uk/lifestyle
familylife/sha	http://www.gazettelive.co.uk/lifestyle
familylife/familylife	http://www.gazettelive.co.uk/lifestyle/family-life
familylife/healthandfitness	http://www.gazettelive.co.uk/lifestyle/health-and-fitness-advice
familylife/wakeuptoyourhealth	http://www.gazettelive.co.uk/lifestyle
familylife/fashionandbeauty	http://www.gazettelive.co.uk/lifestyle/fashion-and-beauty
familylife/homestyle	http://www.gazettelive.co.uk/lifestyle/home-garden
familylife/weddings	http://www.gazettelive.co.uk/lifestyle/wedding-ideas
familylife/impact	http://www.gazettelive.co.uk/lifestyle/impact-young-people
familylife/icandothat	http://www.gazettelive.co.uk/lifestyle/disability-news
familylife/parenting	http://www.gazettelive.co.uk/lifestyle/parenting-advice
familylife/impact	http://www.gazettelive.co.uk/lifestyle/impact-young-people
familylife	http://www.gazettelive.co.uk/lifestyle

campaigns/makingadifference	http://www.gazettelive.co.uk/news/campaigns-and-north-east-events/making-a-difference-charities
campaigns/mumoftheyear	http://www.gazettelive.co.uk/news/campaigns-and-north-east-events/mum-of-the-year-award
campaigns/schoolsawards	http://www.gazettelive.co.uk/news/campaigns-and-north-east-events/schools-awards
campaigns/abrilliantcareer	http://www.gazettelive.co.uk/news/campaigns-and-north-east-events/careers-and-jobs-in-teesside
campaigns/protectourfans	http://www.gazettelive.co.uk/boro-fc/boro-fc-news
campaigns/pdports	http://www.gazettelive.co.uk/news/campaigns-and-north-east-events/pd-ports-teesside
campaigns/ghostships	http://www.gazettelive.co.uk/news/teesside-news
campaigns/asbo	http://www.gazettelive.co.uk/news/campaigns-and-north-east-events
campaigns/championsofthenorth	http://www.gazettelive.co.uk/news/campaigns-and-north-east-events
campaigns/changingteesside	http://www.gazettelive.co.uk/news/campaigns-and-north-east-events
campaigns/cityregion	http://www.gazettelive.co.uk/news/campaigns-and-north-east-events
campaigns/communitychampions	http://www.gazettelive.co.uk/news/campaigns-and-north-east-events
campaigns/fairtrade	http://www.gazettelive.co.uk/news/campaigns-and-north-east-events
campaigns/fightforourforce	http://www.gazettelive.co.uk/news/campaigns-and-north-east-events
campaigns/fightforyourforum	http://www.gazettelive.co.uk/news/campaigns-and-north-east-events
campaigns/justiceforjulie	http://www.gazettelive.co.uk/news/campaigns-and-north-east-events
campaigns/kerbthecrawlers	http://www.gazettelive.co.uk/news/campaigns-and-north-east-events
campaigns/saveoursteel	http://www.gazettelive.co.uk/news/campaigns-and-north-east-events
campaigns/supercasino	http://www.gazettelive.co.uk/news/campaigns-and-north-east-events
campaigns/yourhealth	http://www.gazettelive.co.uk/news/campaigns-and-north-east-events
campaigns	http://www.gazettelive.co.uk/news/campaigns-and-north-east-events

learning/designanad	http://www.gazettelive.co.uk/news/colleges-learning-skills/design-an-ad
learning/gazettemediacentre	http://www.gazettelive.co.uk
learning/news	http://www.gazettelive.co.uk/news/colleges-learning-skills/jobs-news
learning/feawards	http://www.gazettelive.co.uk/news/colleges-learning-skills/adult-education
learning/opportunities	http://www.gazettelive.co.uk/news/colleges-learning-skills/courses-and-opportunities
learning/links	http://www.gazettelive.co.uk/news/colleges-learning-skills/useful-links
learning/alevelresults	http://www.gazettelive.co.uk/news/colleges-learning-skills
learning/bridgingtheskillsgap	http://www.gazettelive.co.uk/news/colleges-learning-skills
learning/celebration	http://www.gazettelive.co.uk/news/colleges-learning-skills
learning/designanad/designanad	http://www.gazettelive.co.uk/news/colleges-learning-skills
learning/winyourdigs	http://www.gazettelive.co.uk/news/colleges-learning-skills
learning	http://www.gazettelive.co.uk/news/colleges-learning-skills

rememberwhen	http://www.gazettelive.co.uk/news/north-east-history
contactus	http://www.gazettelive.co.uk/news/contact-us

borofc/news		http://www.gazettelive.co.uk/boro-fc/boro-fc-news
borofc/yourviews//page.cfm?objectid=14734832&method=full&siteid=50080&start=1 http://forums.gazettelive.co.uk/viewforum.php?f=8
borofc/yourviews//page.cfm?objectid=14734832&method=full&siteid=50080&start=26 http://forums.gazettelive.co.uk/viewforum.php?f=9
borofc/yourviews//tm_method=display&objectid=17184402-name_page.html http://forums.gazettelive.co.uk/viewforum.php?f=10
borofc/yourviews//tm_objectid=18741617&method=full&siteid=109975&headline=-name_page.html http://forums.gazettelive.co.uk/viewforum.php?f=11
borofc/yourviews//tm_objectid=18770211&method=full&siteid=109975&headline=-name_page.html http://forums.gazettelive.co.uk/viewforum.php?f=12
borofc/yourviews//tm_objectid=18846702&method=full&siteid=109975&headline=-name_page.html http://forums.gazettelive.co.uk/viewforum.php?f=13
borofc/yourviews//tm_objectid=18873512&method=full&siteid=109975&headline=-name_page.html http://forums.gazettelive.co.uk/viewforum.php?f=14
borofc/yourviews//tm_objectid=18905263&method=full&siteid=109975&headline=-name_page.html http://forums.gazettelive.co.uk/viewforum.php?f=15
borofc/yourviews//tm_objectid=18949362&method=full&siteid=109975&headline=-name_page.html http://forums.gazettelive.co.uk/viewforum.php?f=16
borofc/yourviews//tm_objectid=18989180&method=full&siteid=109975&headline=-name_page.html http://forums.gazettelive.co.uk/viewforum.php?f=17
borofc/yourviews//	http://forums.gazettelive.co.uk/viewforum.php?f=7
borofc/borosbestever	http://www.gazettelive.co.uk/boro-fc/boro-legends
borofc/results	http://www.gazettelive.co.uk/boro-fc/boro-fc-match-results
borofc/anthonyvickers/index.cfm?page=1	http://anthonyvickers.boroblogs.co.uk/
borofc/anthonyvickers/rss.xml	http://anthonyvickers.boroblogs.co.uk/
borofc/anthonyvickers/tm_headline=a-very-different-cultural-diet&method=full&objectid=19467483&siteid=109975-name_page.html	http://anthonyvickers.boroblogs.co.uk/
borofc/anthonyvickers/tm_headline=amer-under-fire-from-angry-fans&method=full&objectid=17889287&siteid=109975-name_page.html	http://anthonyvickers.boroblogs.co.uk/
borofc/anthonyvickers/tm_headline=beautiful-game-&method=full&objectid=18092259&siteid=109975-name_page.html	http://anthonyvickers.boroblogs.co.uk/
borofc/anthonyvickers/tm_headline=boro-tied-in-notts&method=full&objectid=18603991&siteid=109975-name_page.html	http://anthonyvickers.boroblogs.co.uk/
borofc/anthonyvickers/tm_headline=chiefs-aiming-to-pull-the-plug&method=full&objectid=18648377&siteid=109975-name_page.html	http://anthonyvickers.boroblogs.co.uk/
borofc/anthonyvickers/tm_headline=come-on-ref&method=full&objectid=18954699&siteid=109975-name_page.html	http://anthonyvickers.boroblogs.co.uk/
borofc/anthonyvickers/tm_headline=fingers-crossed-because-how-would-we-find-another-viduka&method=full&objectid=19118403&siteid=109975-name_page.html	http://anthonyvickers.boroblogs.co.uk/
borofc/anthonyvickers/tm_headline=gazza-pulls-pair-of-crackers&method=full&objectid=18319744&siteid=109975-name_page.html	http://anthonyvickers.boroblogs.co.uk/
borofc/anthonyvickers/tm_headline=gloomy-goodbye&method=full&objectid=18803431&siteid=109975-name_page.html	http://anthonyvickers.boroblogs.co.uk/
borofc/anthonyvickers/tm_headline=hammering-home-injustice&method=full&amp;amp;amp;amp;objectid=19027629&siteid=109975-name_page.html	http://anthonyvickers.boroblogs.co.uk/
borofc/anthonyvickers/tm_headline=hammering-home-injustice&method=full&amp;amp;amp;objectid=19027629&siteid=109975-name_page.html	http://anthonyvickers.boroblogs.co.uk/
borofc/anthonyvickers/tm_headline=it-s-party-time&method=full&objectid=18981115&siteid=109975-name_page.html	http://anthonyvickers.boroblogs.co.uk/
borofc/anthonyvickers/tm_headline=mannion-and-juninho-top-banner-ballot&method=full&objectid=19357390&siteid=109975-name_page.html	http://anthonyvickers.boroblogs.co.uk/
borofc/anthonyvickers/tm_headline=no-substitute-for-versatile--taffy-&method=full&objectid=17847796&siteid=109975-name_page.html	http://anthonyvickers.boroblogs.co.uk/
borofc/anthonyvickers/tm_headline=revolution-starts-here-lamb&method=full&objectid=19283489&siteid=109975-name_page.html	http://anthonyvickers.boroblogs.co.uk/
borofc/anthonyvickers/tm_headline=saints-and-synners&method=full&objectid=18815503&siteid=109975-name_page.html	http://anthonyvickers.boroblogs.co.uk/
borofc/anthonyvickers/tm_headline=slimming-world&method=full&objectid=18782195&siteid=109975-name_page.html	http://anthonyvickers.boroblogs.co.uk/
borofc/anthonyvickers/tm_headline=stat--8217-s-the-way-to-do-it---&method=full&objectid=19156195&siteid=109975-name_page.html	http://anthonyvickers.boroblogs.co.uk/
borofc/anthonyvickers/tm_headline=stat-8217-s-the-way-to-do-it&method=full&objectid=19156195&siteid=109975-name_page.html	http://anthonyvickers.boroblogs.co.uk/
borofc/anthonyvickers/tm_headline=tony--mogga--mowbray&method=full&objectid=18635978&page=1&siteid=109975-name_page.html	http://anthonyvickers.boroblogs.co.uk/
borofc/anthonyvickers/tm_headline=welcome-to-mac-s-world-of-cat-calling&method=full&objectid=18815504&siteid=109975-name_page.html	http://anthonyvickers.boroblogs.co.uk/
borofc/anthonyvickers/tm_headline=yeah-but-no-but-yeah&method=full&objectid=18884441&siteid=109975-name_page.html	http://anthonyvickers.boroblogs.co.uk/
borofc/anthonyvickers/tm_objectid=16638605&method=full&siteid=109975&headline=hickton-spot-on-in-cup-tie-name_page.html	http://anthonyvickers.boroblogs.co.uk/
borofc/anthonyvickers/tm_objectid=18648377&method=full&siteid=109975&headline=-name_page.html	http://anthonyvickers.boroblogs.co.uk/
borofc/anthonyvickers/tm_objectid=18873512&method=full&siteid=109975&headline=-name_page.html	http://anthonyvickers.boroblogs.co.uk/
borofc/anthonyvickers/tm_objectid=18905263&method=full&siteid=109975&headline=-name_page.html	http://anthonyvickers.boroblogs.co.uk/
borofc/anthonyvickers/tm_objectid=18949362&method=full&siteid=109975&headline=-name_page.html	http://anthonyvickers.boroblogs.co.uk/
borofc/anthonyvickers/tm_objectid=19100895&method=full&siteid=109975&headline=-name_page.html	http://anthonyvickers.boroblogs.co.uk/
borofc/anthonyvickers/tm_objectid=19357966&method=full&siteid=109975&headline=-name_page.html	http://anthonyvickers.boroblogs.co.uk/
borofc/anthonyvickers/tm_objectid=19363402&method=full&siteid=109975&headline=-name_page.html	http://anthonyvickers.boroblogs.co.uk/
borofc/anthonyvickers/tm_objectid=19513303&method=full&siteid=109975&headline=-name_page.html	http://anthonyvickers.boroblogs.co.uk/
borofc/anthonyvickers	http://anthonyvickers.boroblogs.co.uk/
borofc/ericpaylor	http://www.gazettelive.co.uk/boro-fc/boro-fc-news
borofc/homegrownheroes	http://www.gazettelive.co.uk/boro-fc
borofc/clubinfo	http://www.gazettelive.co.uk/boro-fc/boro-club-info
borofc/eindhoven2006	http://www.gazettelive.co.uk/boro-fc
borofc/kickoff	http://www.gazettelive.co.uk/boro-fc
borofc/news/boro	http://www.gazettelive.co.uk/boro-fc/boro-fc-news
borofc/teamprofiles	http://www.gazettelive.co.uk/boro-fc/boro-fc-players
borofc/yoursay	http://forums.gazettelive.co.uk/viewforum.php?f=7
borofc	http://www.gazettelive.co.uk/boro-fc
boro-fc/boros-hardest-players	 http://www.gazettelive.co.uk/boro-fc


sport/sportlatest	http://www.gazettelive.co.uk/north-east-sport/latest-sport-news
sport/sportsawards	http://www.gazettelive.co.uk/north-east-sport/latest-sport-news/sports-awards
sport/sportsdigest	http://www.gazettelive.co.uk/north-east-sport/sport-news
sport/football	http://www.gazettelive.co.uk/north-east-sport/football
sport/poolquakers	http://www.gazettelive.co.uk/north-east-sport/football/hartlepool-football
sport/nonleaguefootball	http://www.gazettelive.co.uk/north-east-sport/football/non-league-football
sport/grassroots	http://www.gazettelive.co.uk/north-east-sport/sport-news
sport/cricket	http://www.gazettelive.co.uk/north-east-sport/north-east-cricket
sport/golf	http://www.gazettelive.co.uk/north-east-sport/golf-north-east
sport/rugby	http://www.gazettelive.co.uk/north-east-sport/rugby-news
sport/motorsport	http://www.gazettelive.co.uk/north-east-sport/motorsport-news
sport/athletics	http://www.gazettelive.co.uk/north-east-sport/athletics-news
sport/boxing	http://www.gazettelive.co.uk/north-east-sport/boxing-news
sport/angling	http://www.gazettelive.co.uk/north-east-sport/angling-fishing
sport/racing	http://www.gazettelive.co.uk/north-east-sport/sport-news
sport/basketball	http://www.gazettelive.co.uk/north-east-sport/sport-news
sport/icehockey	http://www.gazettelive.co.uk/north-east-sport/sport-news
sport/sport	http://www.gazettelive.co.uk/north-east-sport
sport/wimbledon	http://www.gazettelive.co.uk/north-east-sport
sport	http://www.gazettelive.co.uk/north-east-sport

columnists/barbaraargument	http://www.gazettelive.co.uk/news
columnists/albertpark	http://www.gazettelive.co.uk/news
columnists/anthonyvickers/index.cfm?page=2	http://anthonyvickers.boroblogs.co.uk/
columnists/anthonyvickers/tm_headline=a-very-different-cultural-diet&method=full&objectid=19467483&siteid=109975-name_page.html	http://anthonyvickers.boroblogs.co.uk/
columnists/anthonyvickers/tm_headline=band-of-brothers&method=full&objectid=18713271&siteid=109975-name_page.html	http://anthonyvickers.boroblogs.co.uk/
columnists/anthonyvickers/tm_headline=boro-tied-in-notts&method=full&objectid=18603991&siteid=109975-name_page.html	http://anthonyvickers.boroblogs.co.uk/
columnists/anthonyvickers/tm_headline=chiefs-aiming-to-pull-the-plug&method=full&objectid=18648377&siteid=109975-name_page.html	http://anthonyvickers.boroblogs.co.uk/
columnists/anthonyvickers/tm_headline=come-on-ref&method=full&objectid=18954699&siteid=109975-name_page.html	http://anthonyvickers.boroblogs.co.uk/
columnists/anthonyvickers/tm_headline=couldn-t-have-made-it-up&method=full&objectid=18904732&siteid=109975-name_page.html	http://anthonyvickers.boroblogs.co.uk/
columnists/anthonyvickers/tm_headline=cup-s-not-only-road-to-europe&method=full&objectid=18682160&siteid=109975-name_page.html	http://anthonyvickers.boroblogs.co.uk/
columnists/anthonyvickers/tm_headline=gibson-feeds-frenzy&method=full&objectid=19318647&siteid=109975-name_page.html	http://anthonyvickers.boroblogs.co.uk/
columnists/anthonyvickers/tm_headline=gloomy-goodbye&method=full&objectid=18803431&siteid=109975-name_page.html	http://anthonyvickers.boroblogs.co.uk/
columnists/anthonyvickers/tm_headline=reunion-could-be-premature&method=full&objectid=19394183&siteid=109975-name_page.html	http://anthonyvickers.boroblogs.co.uk/
columnists/anthonyvickers/tm_headline=stand-your-ground-fans&method=full&objectid=18615579&siteid=109975-name_page.html	http://anthonyvickers.boroblogs.co.uk/
columnists/anthonyvickers/tm_headline=stat-8217-s-the-way-to-do-it&method=full&objectid=19156195&siteid=109975-name_page.html	http://anthonyvickers.boroblogs.co.uk/
columnists/anthonyvickers/tm_headline=timewarp2&method=full&objectid=18635979&siteid=109975-name_page.html	http://anthonyvickers.boroblogs.co.uk/
columnists/anthonyvickers/tm_headline=tony-mowbray&method=full&objectid=18635982&siteid=109975-name_page.html	http://anthonyvickers.boroblogs.co.uk/
columnists/anthonyvickers/tm_headline=welcome-to-mac-s-world-of-cat-calling&method=full&objectid=18815504&siteid=109975-name_page.html	http://anthonyvickers.boroblogs.co.uk/
columnists/anthonyvickers/tm_method=full&objectid=18981115&siteid=109975-name_page.html	http://anthonyvickers.boroblogs.co.uk/
columnists/anthonyvickers/tm_objectid=16840163&method=full&siteid=109975&headline=bursting-with-pride-name_page.html	http://anthonyvickers.boroblogs.co.uk/
columnists/anthonyvickers/tm_objectid=17184559&method=full&siteid=109975&headline=fly-the-flag-for-boro-name_page.html	http://anthonyvickers.boroblogs.co.uk/
columnists/anthonyvickers/tm_objectid=17564283&method=full&siteid=109975&headline=where-is-the-buzz--name_page.html	http://anthonyvickers.boroblogs.co.uk/
columnists/anthonyvickers	http://anthonyvickers.boroblogs.co.uk
columnists/ericpaylor	http://www.gazettelive.co.uk/boro-fc/boro-fc-news
columnists/crossingthetees	http://www.gazettelive.co.uk
columnists	http://www.gazettelive.co.uk/news

competitions/whyilovemymam	http://www.gazettelive.co.uk/lifestyle/competitions
competitions	http://www.gazettelive.co.uk/lifestyle/competitions

yourgazette	http://www.gazettelive.co.uk/gazette-communities
news/gazettepeople	http://www.gazettelive.co.uk/gazette-communities

business/news	http://www.nebusiness.co.uk/business-news
business/businessweekly	http://www.nebusiness.co.uk/business-news/business-weekly-news
business/qanda	http://www.nebusiness.co.uk/business-news/business-questions
business/comment	http://www.nebusiness.co.uk/business-news/business-comment
business/essentialguide	http://www.nebusiness.co.uk/business-news/business-guide
business/industryreports	http://www.nebusiness.co.uk/business-sector-reports
business/commercialproperty	http://www.nebusiness.co.uk/commercial-property-north-east/commercial-property
business/propertysolutions	http://www.nebusiness.co.uk
business/businessexec	http://www.nebusiness.co.uk/business-events/business-executive-of-the-year
business/businessawards2006	http://www.northeastbusinessawards.co.uk
business/top200	http://www.nebusiness.co.uk/top-businesses/top-250-businesses
business/vision	http://www.nebusiness.co.uk/business-sector-reports/business-innovation-north-east
business/neemployercoalition	http://www.nebusiness.co.uk/business-sector-reports/north-east-employer-coalition
business/bdsearch	http://www.nebusiness.co.uk/north-east-business-directory
business/businessawards	http://www.northeastbusinessawards.co.uk
business/enterprise	http://www.nebusiness.co.uk
business/industryreports/businessgrowth	http://www.nebusiness.co.uk/business-sector-reports/sector-and-industry-reports
business/industryreports/chemicalindustry	http://www.nebusiness.co.uk/business-sector-reports/sector-and-industry-reports/chemical-industry
business/industryreports/durhamuniversity	http://www.nebusiness.co.uk/business-sector-reports/sector-and-industry-reports
business/industryreports/employerchoice	http://www.nebusiness.co.uk/business-sector-reports/sector-and-industry-reports
business/industryreports/enterpriseweek	http://www.nebusiness.co.uk/business-sector-reports/sector-and-industry-reports
business/industryreports/leadingtheworld	http://www.nebusiness.co.uk/business-sector-reports/sector-and-industry-reports
business/industryreports/madeintheteesvalley	http://www.nebusiness.co.uk/business-sector-reports/sector-and-industry-reports
business/industryreports/offshoreandmarine	http://www.nebusiness.co.uk/business-sector-reports/sector-and-industry-reports
business/industryreports/oilandindustry	http://www.nebusiness.co.uk/business-sector-reports/sector-and-industry-reports
business/industryreports/processandengineering	http://www.nebusiness.co.uk/business-sector-reports/sector-and-industry-reports
business/industryreports/processindustry	http://www.gazettelive.co.uk/news/teesside-and-tees-valley/north-east-process-industry
business/industryreports/reviewoftheyear	http://www.gazettelive.co.uk/news/teesside-and-tees-valley/review-of-the-year
business/industryreports/safety	http://www.nebusiness.co.uk/business-sector-reports/sector-and-industry-reports
business/marketplace	http://www.nebusiness.co.uk
business/news/business	http://www.nebusiness.co.uk/business-news
business/news/wembleyrow	http://www.nebusiness.co.uk/business-news
business/skillup	http://www.nebusiness.co.uk
business/vision/autumn2005	http://www.nebusiness.co.uk/business-sector-reports/business-innovation-north-east
business/vision/autumn2006	http://www.nebusiness.co.uk/business-sector-reports/business-innovation-north-east/north-east-vision-autumn-2006
business/vision/spring2005	http://www.nebusiness.co.uk/business-sector-reports/business-innovation-north-east
business/vision/spring2006	http://www.nebusiness.co.uk/business-sector-reports/business-innovation-north-east
business/vision/spring2006/energy	http://www.nebusiness.co.uk/business-sector-reports/business-innovation-north-east
business/vision/spring2007	http://www.nebusiness.co.uk/business-sector-reports/business-innovation-north-east/north-east-vision-spring-2007
business/vision/spring2007/energyspecialreport	http://www.nebusiness.co.uk/business-sector-reports/business-innovation-north-east/north-east-vision-spring-2007
business/vision/summer2005	http://www.nebusiness.co.uk/business-sector-reports/business-innovation-north-east
business/vision/summer2006	http://www.nebusiness.co.uk/business-sector-reports/business-innovation-north-east
business/vision/summer2007	http://www.nebusiness.co.uk/business-sector-reports/business-innovation-north-east/north-east-vision-summer-2007
business/vision/summer2007/europeanfundingspecialreport	http://www.nebusiness.co.uk/business-sector-reports/business-innovation-north-east/north-east-vision-summer-2007
business/vision/summer2007/locationspecialreport	http://www.nebusiness.co.uk/business-sector-reports/business-innovation-north-east/north-east-vision-summer-2007
business/vision/summer2007/sustainablecommunitiesspecialreport	http://www.nebusiness.co.uk/business-sector-reports/business-innovation-north-east/north-east-vision-summer-2007
business/vision/vision	http://www.nebusiness.co.uk/business-sector-reports/business-innovation-north-east
business/vision/winter2005	http://www.nebusiness.co.uk/business-sector-reports/business-innovation-north-east
business/vision/winter2006	http://www.nebusiness.co.uk/business-sector-reports/business-innovation-north-east/north-east-vision-winter-2006
business/whoswho	http://www.nebusiness.co.uk

heraldandpost/stockton	http://www.gazettelive.co.uk/news/local-teesside-news/stockton-billingham-news
heraldandpost/middlesbrough	http://www.gazettelive.co.uk/news/local-teesside-news/middlesbrough-herald-and-post
heraldandpost/eastcleveland	http://www.gazettelive.co.uk/news/local-teesside-news/cleveland-news
heraldandpost/darlington	http://www.gazettelive.co.uk/news/local-teesside-news/darlington-news
heraldandpost/southdurham	http://www.gazettelive.co.uk/news/local-teesside-news/south-durham-news
heraldandpost/northyorkshire	http://www.gazettelive.co.uk/news/local-teesside-news/north-yorkshire-news
heraldandpost/sport	http://www.gazettelive.co.uk/news/local-teesside-news
heraldandpost/aboutus	http://www.gazettelive.co.uk/news/local-teesside-news
heraldandpost	http://www.gazettelive.co.uk/news/local-teesside-news

whatson/whatson	http://www.gazettelive.co.uk/whats-on
whatson/teesvalley	http://www.gazettelive.co.uk/whats-on/whats-on-tees-valley
whatson/sirf	http://www.gazettelive.co.uk/whats-on/stockton-festival
whatson/mima	http://www.gazettelive.co.uk/whats-on/middlesbrough-art
whatson/cinema	http://www.gazettelive.co.uk/whats-on/cinema-listings-film-reviews
whatson/music	http://www.gazettelive.co.uk/whats-on/music-gigs-middlesbrough
whatson/theatre	http://www.gazettelive.co.uk/whats-on/theatre-arts-middlesbrough
whatson/outandabout	http://www.gazettelive.co.uk/whats-on/out-and-about-north-east
whatson/eatingout	http://www.gazettelive.co.uk/whats-on/restaurant-reviews
whatson/onthebox	http://www.gazettelive.co.uk/whats-on
whatson/showbiz	http://www.gazettelive.co.uk/whats-on
whatson/journeysouth	http://www.gazettelive.co.uk/whats-on
whatson	http://www.gazettelive.co.uk/whats-on


travel/dfds	http://www.gazettelive.co.uk/lifestyle
travel/traveloffers	http://www.gazettelive.co.uk/lifestyle/travel-offers
travel/traveloffers/ukbreaks	http://www.gazettelive.co.uk/lifestyle/travel-offers/uk-breaks
travel/traveloffers/specialevents	http://www.gazettelive.co.uk/lifestyle/travel-offers/special-events
travel/traveloffers/durhamteesvallyairport	http://www.gazettelive.co.uk/lifestyle/travel-offers/north-east-airports
travel/traveloffers/cruises	http://www.gazettelive.co.uk/lifestyle/travel-offers/ocean-and-river-cruises
travel/traveloffers/belgiumholland	http://www.gazettelive.co.uk/lifestyle/travel-offers/belgium-holland-germany-and-austria
travel/traveloffers/italy	http://www.gazettelive.co.uk/lifestyle/travel-offers/italy
travel/traveloffers/france	http://www.gazettelive.co.uk/lifestyle/travel-offers/france
travel/traveloffers/spain	http://www.gazettelive.co.uk/lifestyle/travel-offers/spain
travel/traveloffers/european	http://www.gazettelive.co.uk/lifestyle/travel-offers/european-destinations
travel/traveloffers/usa	http://www.gazettelive.co.uk/lifestyle/travel-offers/usa-and-canada
travel/traveloffers/worldwide	http://www.gazettelive.co.uk/lifestyle/travel-offers/worldwide-travel
travel/flightlines	http://www.gazettelive.co.uk/lifestyle/guide-travel-and-tourism/durham-tees-valley-airport
travel/news	http://www.gazettelive.co.uk/lifestyle/guide-travel-and-tourism/travel-news-reviews
travel/classifieds	http://www.gazettelive.co.uk/lifestyle/guide-travel-and-tourism/travel-classifieds
travel/localtravel	http://www.gazettelive.co.uk/lifestyle/guide-travel-and-tourism/travel-info-teesside
travel/daysout	http://www.gazettelive.co.uk/whats-on/out-and-about-north-east
travel	http://www.gazettelive.co.uk/lifestyle/guide-travel-and-tourism

familynotices/picturegreetings	http://www.gazettelive.co.uk/family-notices
familynotices	http://www.gazettelive.co.uk/family-notices

rss	http://www.gazettelive.co.uk/sitemap

homemaker/classifieds	http://icnortheast.icnetwork.co.uk/homemaker
homemaker/commercial	http://icnortheast.icnetwork.co.uk/homemaker
homemaker/exhibition	http://icnortheast.icnetwork.co.uk/homemaker
homemaker/finance		http://icnortheast.icnetwork.co.uk/homemaker
homemaker/homestyle		http://icnortheast.icnetwork.co.uk/homemaker
homemaker/inglebybarwick	http://icnortheast.icnetwork.co.uk/homemaker
homemaker/livingawards	http://icnortheast.icnetwork.co.uk/homemaker
homemaker/news			http://icnortheast.icnetwork.co.uk/homemaker
homemaker/news/homes	http://icnortheast.icnetwork.co.uk/homemaker
homemaker/propertyabroad	http://icnortheast.icnetwork.co.uk/homemaker
homemaker/propertypricecheck	http://icnortheast.icnetwork.co.uk/homemaker
homemaker/propertysolutions	http://icnortheast.icnetwork.co.uk/homemaker
homemaker/rentalchoice	http://icnortheast.icnetwork.co.uk/homemaker
homemaker	http://icnortheast.icnetwork.co.uk/homemaker
motorsnortheast/advice	http://icnortheast.icnetwork.co.uk/motors
motorsnortheast/automag	http://icnortheast.icnetwork.co.uk/motors
motorsnortheast/classiccars	http://icnortheast.icnetwork.co.uk/motors/classiccars
motorsnortheast/classifieds	http://icnortheast.icnetwork.co.uk/motors
motorsnortheast/dealers	http://icnortheast.icnetwork.co.uk/motors/dealers
motorsnortheast/eastcleveland	http://icnortheast.icnetwork.co.uk/motors
motorsnortheast/findacar	http://icnortheast.icnetwork.co.uk/motors
motorsnortheast/manufacturers	http://icnortheast.icnetwork.co.uk/motors/manufacturers
motorsnortheast/motability	http://icnortheast.icnetwork.co.uk/motors
motorsnortheast/newcars	http://icnortheast.icnetwork.co.uk/motors/newandusedcars
motorsnortheast/news	http://icnortheast.icnetwork.co.uk/motors/news
motorsnortheast/newsold	http://icnortheast.icnetwork.co.uk/motors
motorsnortheast/newsold/motors	http://icnortheast.icnetwork.co.uk/motors
motorsnortheast/reports	http://icnortheast.icnetwork.co.uk/motors/reports
motorsnortheast/roadtests	http://icnortheast.icnetwork.co.uk/motors/roadtests
motorsnortheast/roadtestsold	http://icnortheast.icnetwork.co.uk/motors/roadtests
motorsnortheast/twowheels	http://icnortheast.icnetwork.co.uk/motors/motorbikes
motorsnortheast/usedcars	http://icnortheast.icnetwork.co.uk/motors/newandusedcars
motorsnortheast/views	http://icnortheast.icnetwork.co.uk/motors/views
motorsnortheast	http://icnortheast.icnetwork.co.uk/motors

shopping/weddings	http://www.gazettelive.co.uk/shopping-channel/weddings
shopping/homes	http://www.gazettelive.co.uk/shopping-channel/homes
shopping/windows	http://www.gazettelive.co.uk/shopping-channel/windows-and-conservatories
shopping/fashion	http://www.gazettelive.co.uk/shopping-channel/fashion-and-health
shopping/travel	http://www.gazettelive.co.uk/shopping-channel/travel-entertainments-and-leisure
shopping/homeservices	http://www.gazettelive.co.uk/shopping-channel/home-services-and-diy
shopping/motoring	http://www.gazettelive.co.uk/shopping-channel/motoring
shopping	http://www.gazettelive.co.uk/shopping-channel

classifieds/property	http://www.gazettelive.co.uk/easy-ads-123/property-adverts
classifieds/motors	http://www.gazettelive.co.uk/easy-ads-123/car-adverts
classifieds/salesandwants	http://www.gazettelive.co.uk/easy-ads-123/sales-and-wants-adverts
classifieds/personals	http://www.gazettelive.co.uk/easy-ads-123/personal-adverts
classifieds/holidays	http://www.gazettelive.co.uk/easy-ads-123/holiday-adverts
classifieds/entertainment	http://www.gazettelive.co.uk/easy-ads-123/entertainment-adverts
classifieds/health	http://www.gazettelive.co.uk/easy-ads-123/health-and-lifestyle-adverts
classifieds/homeandgarden	http://www.gazettelive.co.uk/easy-ads-123/home-and-garden-adverts
classifieds/services	http://www.gazettelive.co.uk/easy-ads-123/home-services-adverts
classifieds/business	http://www.gazettelive.co.uk/easy-ads-123/business-to-business-adverts
classifieds/admag	http://www.gazettelive.co.uk/easy-ads-123
classifieds/freeads	http://www.gazettelive.co.uk/easy-ads-123
classifieds/bookanad	http://www.gazettelive.co.uk
classifieds/publicnotices	http://www.gazettelive.co.uk
classifieds	http://www.gazettelive.co.uk/easy-ads-123

photogifts	http://3400.e-printphoto.co.uk/icteesside
horoscopes/aquarius	http://www.gazettelive.co.uk/lifestyle/horoscopes/aquarius
horoscopes/aries	http://www.gazettelive.co.uk/lifestyle/horoscopes/aries
horoscopes/cancer	http://www.gazettelive.co.uk/lifestyle/horoscopes/cancer
horoscopes/capricorn	http://www.gazettelive.co.uk/lifestyle/horoscopes/capricorn
horoscopes/gemini	http://www.gazettelive.co.uk/lifestyle/horoscopes/gemini
horoscopes/leo	http://www.gazettelive.co.uk/lifestyle/horoscopes/leo
horoscopes/libra	http://www.gazettelive.co.uk/lifestyle/horoscopes/libra
horoscopes/pisces	http://www.gazettelive.co.uk/lifestyle/horoscopes/pisces
horoscopes/sagittarius	http://www.gazettelive.co.uk/lifestyle/horoscopes/sagittarius
horoscopes/scorpio	http://www.gazettelive.co.uk/lifestyle/horoscopes/scorpio
horoscopes/taurus	http://www.gazettelive.co.uk/lifestyle/horoscopes/taurus
horoscopes/virgo	http://www.gazettelive.co.uk/lifestyle/horoscopes/virgo
horoscopes	http://www.gazettelive.co.uk/lifestyle/horoscopes

jobsnortheast/agencies	http://www.jobsnortheast.co.uk
jobsnortheast/cvview	http://www.jobsnortheast.co.uk
jobsnortheast/hotjobs	http://www.jobsnortheast.co.uk
jobsnortheast/news	http://www.jobsnortheast.co.uk
jobsnortheast/publicsector	http://www.jobsnortheast.co.uk
jobsnortheast	http://www.jobsnortheast.co.uk

chat	http://www.gazettelive.co.uk

dating	http://dating.gazettelive.co.uk
discussion	http://www.gazettelive.co.uk
dreamdate	http://www.gazettelive.co.uk

emails	http://www.gazettelive.co.uk/registration/tm_register=1%26type=2-name_index.html
forums	http://forums.gazettelive.co.uk

gn3/bulletins	http://www.gazettelive.co.uk
gn3/business	http://www.gazettelive.co.uk
gn3/features	http://www.gazettelive.co.uk
gn3/handp	http://www.gazettelive.co.uk
gn3/news	http://www.gazettelive.co.uk
gn3/sport	http://www.gazettelive.co.uk
gn3	http://www.gazettelive.co.uk

icteesside	http://icteesside.icnetwork.co.uk
jobs	http://www.jobsnortheast.co.uk
littlewoods-bingo	http://bingo.gazettelive.co.uk
mediainformation/evoucher	http://www.gazettelive.co.uk
mediainformation	http://www.gazettelive.co.uk

playgames	http://www.gazettelive.co.uk

redirects/gner	http://www.gazettelive.co.uk
redirects/result	http://www.gazettelive.co.uk
redirects	http://www.gazettelive.co.uk

rememberwhen/throughthedecades	http://www.gazettelive.co.uk/news/north-east-history
santa	http://www.gazettelive.co.uk
shopping/tests	http://www.gazettelive.co.uk/shopping-channel

sundaysun	http://www.gazettelive.co.uk
teespride/review2005	http://www.gazettelive.co.uk/news/teesside-and-tees-valley/review-of-the-year
thejournal	http://www.gazettelive.co.uk
webmail	http://www.gazettelive.co.uk

whatson/ents	http://www.gazettelive.co.uk/whats-on
whatson/mima/mima	http://www.gazettelive.co.uk/whats-on/middlesbrough-art
whatson/tvradio	http://www.gazettelive.co.uk/whats-on

worldcup/fixturesandresults	http://www.gazettelive.co.uk/north-east-sport
worldcup/haveyoursay	http://www.gazettelive.co.uk/north-east-sport
worldcup/news	http://www.gazettelive.co.uk/north-east-sport
worldcup/theenglandsquad	http://www.gazettelive.co.uk/north-east-sport
worldcup/worldcuppreview	http://www.gazettelive.co.uk/north-east-sport
worldcup	http://www.gazettelive.co.uk/north-east-sport

yourgazette/livewire	http://livewire.gazettelive.co.uk
yourgazette/ts1	http://www.gazettelive.co.uk/gazette-communities/ts1
yourgazette/ts10	http://www.gazettelive.co.uk/gazette-communities/ts10
yourgazette/ts11	http://www.gazettelive.co.uk/gazette-communities/ts11
yourgazette/ts12	http://www.gazettelive.co.uk/gazette-communities/ts12
yourgazette/ts14	http://www.gazettelive.co.uk/gazette-communities/ts14
yourgazette/ts15	http://www.gazettelive.co.uk/gazette-communities/ts15
yourgazette/ts16	http://www.gazettelive.co.uk/gazette-communities/ts16
yourgazette/ts17	http://www.gazettelive.co.uk/gazette-communities/ts17
yourgazette/ts18	http://www.gazettelive.co.uk/gazette-communities/ts18
yourgazette/ts19	http://www.gazettelive.co.uk/gazette-communities/ts19
yourgazette/ts20	http://www.gazettelive.co.uk/gazette-communities/ts20
yourgazette/ts21	http://www.gazettelive.co.uk/gazette-communities/ts21
yourgazette/ts23	http://www.gazettelive.co.uk/gazette-communities/ts23
yourgazette/ts3	http://www.gazettelive.co.uk/gazette-communities/ts3
yourgazette/ts4	http://www.gazettelive.co.uk/gazette-communities/ts4
yourgazette/ts5	http://www.gazettelive.co.uk/gazette-communities/ts5
yourgazette/ts6	http://www.gazettelive.co.uk/gazette-communities/ts6
yourgazette/ts7	http://www.gazettelive.co.uk/gazette-communities/ts7
yourgazette/ts8	http://www.gazettelive.co.uk/gazette-communities/ts8
yourgazette/ts9	http://www.gazettelive.co.uk/gazette-communities/ts9
TS17	http://www.gazettelive.co.uk/gazette-communities/ts17

tags	http://www.gazettelive.co.uk/topics

news/uk-and-world-news/2012/09/12/hillsborough-independent-panel-report-live-blog-100252-31818729  http://www.gazettelive.co.uk/news/uk-and-world-news/2012/09/12/hillsborough-independent-panel-report-live-blog-100252-31819271


