yourmoney/travelinsurance	http://www.examiner.co.uk
yourmoney/savings	http://www.examiner.co.uk
yourmoney/news	http://www.examiner.co.uk
yourmoney/motorbreakdown	http://www.examiner.co.uk
yourmoney/mortgages	http://www.examiner.co.uk
yourmoney/loans	http://www.examiner.co.uk
yourmoney/lifeassurance	http://www.examiner.co.uk
yourmoney/isas	http://www.examiner.co.uk
yourmoney/gas	http://www.examiner.co.uk
yourmoney/electricity	http://www.examiner.co.uk
yourmoney/dualfuel	http://www.examiner.co.uk
yourmoney/doginsurance	http://www.examiner.co.uk
yourmoney/currentaccounts	http://www.examiner.co.uk
yourmoney/creditcards	http://www.examiner.co.uk
yourmoney/catinsurance	http://www.examiner.co.uk
yourmoney	http://www.examiner.co.uk
travel/reports	http://www.examiner.co.uk/travel-news
travel/holidays	http://www.examiner.co.uk/travel-news
travel/advice	http://www.examiner.co.uk/travel-news
tourism/tour	http://www.examiner.co.uk/travel-news
tourism/guide/outdoors	http://www.examiner.co.uk/travel-news
tourism/guide/heritage	http://www.examiner.co.uk/travel-news
tourism/guide/attractions	http://www.examiner.co.uk/travel-news
tourism/guide	http://www.examiner.co.uk/travel-news
tourism/galleries	http://www.examiner.co.uk/travel-news
tourism/accommodation	http://www.examiner.co.uk/travel-news
tourism	http://www.examiner.co.uk/travel-news
students/talk	http://www.examiner.co.uk/leisure-and-entertainment
students/news	http://www.examiner.co.uk/leisure-and-entertainment
students	http://www.examiner.co.uk/leisure-and-entertainment
stoppress/stoppress	http://www.examiner.co.uk
stoppress/placead	http://www.examiner.co.uk
stoppress/feedback/thanks	http://www.examiner.co.uk
stoppress/feedback	http://www.examiner.co.uk
stoppress	http://www.examiner.co.uk
shop	http://www.gazettelive.co.uk
playgames	http://www.examiner.co.uk/leisure-and-entertainment
playbetandwin	http://www.examiner.co.uk/leisure-and-entertainment
ournewspapers/weeklynews	http://www.examiner.co.uk
ournewspapers/termsandconditions	http://www.examiner.co.uk
ournewspapers/terms	http://www.examiner.co.uk
ournewspapers/subscriptions	http://www.examiner.co.uk
ournewspapers/nissannote	http://www.examiner.co.uk
ournewspapers/mediapack	http://www.examiner.co.uk
ournewspapers/kirkleesbusinessnews	http://www.examiner.co.uk
ournewspapers/huddersfieldanddistrictchronicle	http://www.examiner.co.uk
ournewspapers/holmevalleyexpress	http://www.examiner.co.uk
ournewspapers/examiner/thanks	http://www.examiner.co.uk
ournewspapers/examiner/babyoftheyear	http://www.examiner.co.uk/news
ournewspapers/examiner/awards	http://www.examiner.co.uk
ournewspapers/examiner	http://www.examiner.co.uk
ournewspapers/colnevalleychronicle	http://www.examiner.co.uk
ournewspapers	http://www.examiner.co.uk
motors/views	http://www.motorswestyorkshire.co.uk
motors/usedcars	http://www.motorswestyorkshire.co.uk
motors/roadtestsold	http://www.motorswestyorkshire.co.uk
motors/roadtests	http://www.motorswestyorkshire.co.uk
motors/reports	http://www.motorswestyorkshire.co.uk
motors/news	http://www.motorswestyorkshire.co.uk
motors/newcars	http://www.motorswestyorkshire.co.uk
motors/manufacturers	http://www.motorswestyorkshire.co.uk
motors/dealers	http://www.motorswestyorkshire.co.uk
motors/advice	http://www.motorswestyorkshire.co.uk
motors/0100fish4cars	http://www.homeswestyorkshire.co.uk
motors	http://www.motorswestyorkshire.co.uk
money/mortgages	http://www.examiner.co.uk
money/mortgagebestbuys	http://www.examiner.co.uk
money/money	http://www.examiner.co.uk
money/loansbestbuys	http://www.examiner.co.uk
money/loans	http://www.examiner.co.uk
money/creditcards	http://www.examiner.co.uk
money	http://www.examiner.co.uk
mobile	http://www.examiner.co.uk
kids/kidzone	http://www.examiner.co.uk
kids/funandgames	http://www.examiner.co.uk
kids	http://www.examiner.co.uk
icgolf/travel/travelreviews	http://www.examiner.co.uk/travel-news
icgolf/travel/golfingholidays	http://www.examiner.co.uk/travel-news
icgolf/travel	http://www.examiner.co.uk/sport-news/golf-news
icgolf/tournaments/tournamentsarticles	http://www.examiner.co.uk/sport-news/golf-news
icgolf/tournaments/news	http://www.examiner.co.uk/sport-news/golf-news
icgolf/tournaments	http://www.examiner.co.uk/sport-news/golf-news
icgolf/tipsfromthepros/tipsfromthetop	http://www.examiner.co.uk/sport-news/golf-news
icgolf/tipsfromthepros/lessonsandtuition	http://www.examiner.co.uk/sport-news/golf-news
icgolf/tipsfromthepros	http://www.examiner.co.uk/sport-news/golf-news
icgolf/news	http://www.examiner.co.uk/sport-news/golf-news
icgolf/events/golfdaysandspecialevents	http://www.examiner.co.uk/sport-news/golf-news
icgolf/events/calendar	http://www.examiner.co.uk/sport-news/golf-news
icgolf/events	http://www.examiner.co.uk/sport-news/golf-news
icgolf/coursereviews	http://www.examiner.co.uk/sport-news/golf-news
icgolf/clubsandgreenfees	http://www.examiner.co.uk/sport-news/golf-news
icgolf	http://www.examiner.co.uk/sport-news/golf-news
horoscopes/virgo	http://www.examiner.co.uk/views-and-blogs/daily-horoscopes/virgo-daily-horoscope
horoscopes/taurus	http://www.examiner.co.uk/views-and-blogs/daily-horoscopes/taurus-daily-horoscope
horoscopes/scorpio	http://www.examiner.co.uk/views-and-blogs/daily-horoscopes/scorpio-daily-horoscope
horoscopes/sagittarius	http://www.examiner.co.uk/views-and-blogs/daily-horoscopes/sagittarius-daily-horoscope
horoscopes/pisces	http://www.examiner.co.uk/views-and-blogs/daily-horoscopes/pisces-daily-horoscope
horoscopes/libra	http://www.examiner.co.uk/views-and-blogs/daily-horoscopes/libra-daily-horoscope
horoscopes/leo	http://www.examiner.co.uk/views-and-blogs/daily-horoscopes/leo-daily-horoscope
horoscopes/gemini	http://www.examiner.co.uk/views-and-blogs/daily-horoscopes/gemini-daily-horoscope
horoscopes/capricorn	http://www.examiner.co.uk/views-and-blogs/daily-horoscopes/capricorn-daily-horoscope
horoscopes/cancer	http://www.examiner.co.uk/views-and-blogs/daily-horoscopes/cancer-daily-horoscope
horoscopes/aries	http://www.examiner.co.uk/views-and-blogs/daily-horoscopes/aries-daily-horoscope 
horoscopes/aquarius	http://www.examiner.co.uk/views-and-blogs/daily-horoscopes/aquarius-daily-horoscope
horoscopes	http://www.examiner.co.uk/views-and-blogs/daily-horoscopes
homes/retirementhomes	http://www.homeswestyorkshire.co.uk
homes/property	http://www.homeswestyorkshire.co.uk
homes/overseashomes	http://www.homeswestyorkshire.co.uk
homes/newhomes	http://www.homeswestyorkshire.co.uk
homes/insurance	http://www.homeswestyorkshire.co.uk
homes/estateagents	http://www.homeswestyorkshire.co.uk
homes/0500estateagents/turners	http://www.homeswestyorkshire.co.uk
homes/0500estateagents/simonblyth	http://www.homeswestyorkshire.co.uk
homes/0500estateagents/reedsrains	http://www.homeswestyorkshire.co.uk
homes/0500estateagents/huddersfieldproperties	http://www.homeswestyorkshire.co.uk
homes/0500estateagents/grbuttersco	http://www.homeswestyorkshire.co.uk
homes/0500estateagents/dowlingkerr	http://www.homeswestyorkshire.co.uk
homes/0500estateagents/chainmakers	http://www.homeswestyorkshire.co.uk
homes/0500estateagents/carterjonas	http://www.homeswestyorkshire.co.uk
homes/0500estateagents/brearleygreens	http://www.homeswestyorkshire.co.uk
homes/0500estateagents/bramleys	http://www.homeswestyorkshire.co.uk
homes/0500estateagents/boultons	http://www.homeswestyorkshire.co.uk
homes/0500estateagents	http://www.homeswestyorkshire.co.uk
homes/0400services	http://www.homeswestyorkshire.co.uk
homes/0300advice	http://www.homeswestyorkshire.co.uk
homes/0250localguide	http://www.homeswestyorkshire.co.uk
homes/0099fish4homes	http://www.homeswestyorkshire.co.uk
homes	http://www.homeswestyorkshire.co.uk
forcesnews/usefullinks	http://www.examiner.co.uk/news/local-west-yorkshire-news
forcesnews/messageboard	http://www.examiner.co.uk/views-and-blogs/forums
forcesnews/familyphotos	http://www.examiner.co.uk/news/local-west-yorkshire-news
forcesnews	http://www.examiner.co.uk/news/local-west-yorkshire-news
familynotices/placead	http://www.examiner.co.uk/classifieds/family-notices
familynotices/familynotices2	http://www.examiner.co.uk/classifieds/family-notices
familynotices	http://www.examiner.co.uk/classifieds/family-notices
fairytaleterms	http://www.examiner.co.uk/news/local-west-yorkshire-news
fairytale	http://www.examiner.co.uk/news/local-west-yorkshire-news
expats/usa	http://www.examiner.co.uk/travel-news
expats/uk	http://www.examiner.co.uk/travel-news
expats/newzealand	http://www.examiner.co.uk/travel-news
expats/news	http://www.examiner.co.uk/travel-news
expats/middleeast	http://www.examiner.co.uk/travel-news
expats/messageboard	http://www.examiner.co.uk/views-and-blogs/forums
expats/latinamerica	http://www.examiner.co.uk/travel-news
expats/home	http://www.examiner.co.uk/travel-news
expats/europe	http://www.examiner.co.uk/travel-news
expats/contact	http://www.examiner.co.uk/travel-news
expats/club	http://www.examiner.co.uk/travel-news
expats/canada	http://www.examiner.co.uk/travel-news
expats/australia	http://www.examiner.co.uk/travel-news
expats/asia	http://www.examiner.co.uk/travel-news
expats/africa	http://www.examiner.co.uk/travel-news
expats	http://www.examiner.co.uk/travel-news
examiner/townfc/news	http://www.examiner.co.uk/huddersfield-town-fc/huddersfield-town-news
examiner/townfc/matches	http://www.examiner.co.uk/huddersfield-town-fc/huddersfield-town-fc-match-reports
examiner/townfc/fixtures	http://www.examiner.co.uk/huddersfield-town-fc
examiner/townfc	http://www.examiner.co.uk/huddersfield-town-fc
examiner/sport/runion	http://www.examiner.co.uk/sport-news/rugby-union-news
examiner/sport/rleague	http://www.examiner.co.uk/sport-news/amateur-rugby-league-news
examiner/sport/news	http://www.examiner.co.uk/sport-news
examiner/sport/national	http://www.examiner.co.uk/sport-news
examiner/sport/golf	http://www.examiner.co.uk/sport-news/golf-news
examiner/sport/football	http://www.examiner.co.uk/sport-news/football-news
examiner/sport/cricket	http://www.examiner.co.uk/sport-news/cricket-news
examiner/sport/breakingsport	http://www.examiner.co.uk/news
examiner/sport/bowls	http://www.examiner.co.uk/sport-news/bowls-news
examiner/sport	http://www.examiner.co.uk/sport-news
examiner/opinion/letters	http://www.examiner.co.uk/views-and-blogs/reader-letters
examiner/opinion/comment	http://www.examiner.co.uk/views-and-blogs/comment
examiner/opinion	http://www.examiner.co.uk/views-and-blogs
examiner/news/regional	http://www.examiner.co.uk/news/local-west-yorkshire-news
examiner/news/national	http://www.examiner.co.uk/news
examiner/news/features	http://www.examiner.co.uk/leisure-and-entertainment
examiner/news/courts	http://www.examiner.co.uk/news
examiner/news/businessawards	http://www.examiner.co.uk/news/business-news
examiner/news/business	http://www.examiner.co.uk/news/business-news
examiner/news/breakingnews	http://www.examiner.co.uk/news
examiner/news/awardsform	http://www.examiner.co.uk/news/business-news
examiner/news	http://www.examiner.co.uk/news
examiner/multimedia	http://www.examiner.co.uk/videos-pics
examiner/gn3/rugbyunion	http://www.examiner.co.uk
examiner/gn3/rugbyleague	http://www.examiner.co.uk
examiner/gn3/othersports	http://www.examiner.co.uk
examiner/gn3/localfootball	http://www.examiner.co.uk
examiner/gn3/juniorfootball	http://www.examiner.co.uk
examiner/gn3/htafcnews	http://www.examiner.co.uk
examiner/gn3/htafcmatch	http://www.examiner.co.uk
examiner/gn3/giantsnews	http://www.examiner.co.uk
examiner/gn3/giantsmatch	http://www.examiner.co.uk
examiner/gn3/editorialcomment	http://www.examiner.co.uk
examiner/gn3/bowls	http://www.examiner.co.uk
examiner/gn3	http://www.examiner.co.uk
examiner/giants/news	http://www.examiner.co.uk/huddersfield-giants/huddersfield-giants-news
examiner/giants/messageboard	http://www.examiner.co.uk/views-and-blogs/forums
examiner/giants/matches	http://www.examiner.co.uk/huddersfield-giants/huddersfield-giants-match-reports
examiner/giants	http://www.examiner.co.uk/huddersfield-giants
examiner/funnies	http://www.examiner.co.uk/leisure-and-entertainment
examiner/fresh/penidol	http://www.examiner.co.uk/leisure-and-entertainment
examiner/fresh/outthere	http://www.examiner.co.uk/leisure-and-entertainment
examiner/fresh/music	http://www.examiner.co.uk/leisure-and-entertainment
examiner/fresh/listings	http://www.examiner.co.uk/leisure-and-entertainment
examiner/fresh/gallery	http://www.examiner.co.uk/leisure-and-entertainment
examiner/fresh/features	http://www.examiner.co.uk/leisure-and-entertainment
examiner/fresh	http://www.examiner.co.uk/leisure-and-entertainment
examiner/entertainment/whatson	http://www.examiner.co.uk/leisure-and-entertainment
examiner/entertainment/theatre	http://www.examiner.co.uk/leisure-and-entertainment/arts-news
examiner/entertainment/music	http://www.examiner.co.uk/leisure-and-entertainment/arts-news
examiner/entertainment/film	http://www.examiner.co.uk/leisure-and-entertainment/arts-news
examiner/entertainment/eating	http://www.examiner.co.uk/leisure-and-entertainment
examiner/entertainment	http://www.examiner.co.uk/leisure-and-entertainment/arts-news
examiner/contact	http://www.examiner.co.uk/sitemap/contact-huddersfield-examiner
examiner/communitychest	http://www.examiner.co.uk/news
examiner/communityawards/articles	http://www.examiner.co.uk/news
examiner/communityawards	http://www.examiner.co.uk/news
examiner/cedarcourt	http://www.examiner.co.uk/leisure-and-entertainment/weddings-west-yorkshire
examiner/blogs	http://www.examiner.co.uk/views-and-blogs/blogs
examiner	http://www.examiner.co.uk
education/news	http://www.examiner.co.uk/news
education/exam	http://www.examiner.co.uk/news
education	http://www.examiner.co.uk/news
demo/test	http://www.examiner.co.uk
demo/preview	http://www.examiner.co.uk/news/local-west-yorkshire-news
demo/hotjobs	http://www.jobswestyorkshire.co.uk
demo	http://www.examiner.co.uk/news/local-west-yorkshire-news
dating	http://ichuddersfield.datingdirect.com
contactus/printeditorial	http://www.examiner.co.uk/sitemap/contact-huddersfield-examiner
contactus/printadvertising/thankyou	http://www.examiner.co.uk/sitemap/contact-huddersfield-examiner
contactus/printadvertising/freeadvertisements	http://www.examiner.co.uk/sitemap/contact-huddersfield-examiner
contactus/printadvertising	http://www.examiner.co.uk/sitemap/contact-huddersfield-examiner
contactus/onlineeditorial/thankyou	http://www.examiner.co.uk/sitemap/contact-huddersfield-examiner
contactus/onlineeditorial	http://www.examiner.co.uk/sitemap/contact-huddersfield-examiner
contactus/onlineadvertising	http://www.examiner.co.uk/sitemap/contact-huddersfield-examiner
contactus	http://www.examiner.co.uk/sitemap/contact-huddersfield-examiner
community/town	http://www.examiner.co.uk/news/local-west-yorkshire-news
community/news	http://www.examiner.co.uk/news/local-west-yorkshire-news
community/awards	http://www.examiner.co.uk/news
community	http://www.examiner.co.uk/news/local-west-yorkshire-news
calendars	http://www.examiner.co.uk
businessawards/articles	http://www.examiner.co.uk/news/business-news
businessawards	http://www.examiner.co.uk/news/business-news
bookanad	http://www.buysell.co.uk
blogs	http://www.examiner.co.uk/views-and-blogs/blogs
bingo	http://www.examiner.co.uk/leisure-and-entertainment
2900wheretheheartis/characters	http://www.examiner.co.uk
2900wheretheheartis/0100news	http://www.examiner.co.uk
2900wheretheheartis	http://www.examiner.co.uk
2800webmail/0100ecards	http://www.examiner.co.uk
2800webmail	http://www.examiner.co.uk
2700weather	http://www.examiner.co.uk/weather
2600tvandradio/0300programmereviews	http://www.examiner.co.uk
2600tvandradio/0200tvatoz	http://www.examiner.co.uk
2600tvandradio/0100whatsontv	http://www.examiner.co.uk/leisure-and-entertainment
2600tvandradio	http://www.examiner.co.uk
2500travelandtourism/tour	http://www.examiner.co.uk/travel-news
2500travelandtourism/examinertravel	http://www.examiner.co.uk/travel-news
2500travelandtourism/cityguides	http://www.examiner.co.uk/travel-news
2500travelandtourism/canal	http://www.examiner.co.uk/travel-news
2500travelandtourism/0200transportandtraffic	http://www.examiner.co.uk/travel-news
2500travelandtourism/0100holidays/formarticles	http://www.examiner.co.uk/travel-news
2500travelandtourism/0100holidays	http://www.examiner.co.uk/travel-news
2500travelandtourism	http://www.examiner.co.uk/travel-news
2100messageboard	http://www.examiner.co.uk/views-and-blogs/forums
2000livechat	http://www.examiner.co.uk/views-and-blogs/forums
1600huddersfieldgiants/messageboard	http://www.examiner.co.uk/views-and-blogs/forums
1600huddersfieldgiants/0900multimedia	http://www.examiner.co.uk/videos-pics
1600huddersfieldgiants/0800information	http://www.examiner.co.uk/huddersfield-giants
1600huddersfieldgiants/0700matchday	http://www.examiner.co.uk/huddersfield-giants
1600huddersfieldgiants/0600fansreports	http://www.examiner.co.uk/huddersfield-giants
1600huddersfieldgiants/0500columnist	http://www.examiner.co.uk/huddersfield-giants
1600huddersfieldgiants/0250matchreports	http://www.examiner.co.uk/huddersfield-giants/huddersfield-giants-match-reports
1600huddersfieldgiants/0200fixturesandresults	http://www.examiner.co.uk/huddersfield-giants
1600huddersfieldgiants/0100news	http://www.examiner.co.uk/huddersfield-giants/huddersfield-giants-news
1600huddersfieldgiants	http://www.examiner.co.uk/huddersfield-giants
1300contactus/0400subscriptions	http://www.examiner.co.uk
1300contactus/0300onlineshop	http://www.gazettelive.co.uk
1300contactus/0250ratecards	http://www.examiner.co.uk
1300contactus/0200mediapacks	http://www.examiner.co.uk/sitemap/contact-huddersfield-examiner
1300contactus/0100emaildirectory/formarticles	http://www.examiner.co.uk/travel-news
1300contactus/0100emaildirectory	http://www.examiner.co.uk/sitemap/contact-huddersfield-examiner
1300contactus	http://www.examiner.co.uk/sitemap/contact-huddersfield-examiner
1200community/0300awards	http://www.examiner.co.uk/news/campaigns/community-awards
1200community/0200maintenance	http://www.examiner.co.uk/news/local-west-yorkshire-news
1200community/0100communitynews	http://www.examiner.co.uk/news/local-west-yorkshire-news
1200community	http://www.examiner.co.uk/news/local-west-yorkshire-news
1100calendar	http://www.examiner.co.uk
1000businessdirectory	http://www.examiner.co.uk/news/business-news
0900abouthuddersfield/narrowcanal	http://www.examiner.co.uk/travel-news
0900abouthuddersfield/examiner150	http://www.examiner.co.uk/travel-news
0900abouthuddersfield/0500timespast	http://www.examiner.co.uk
0900abouthuddersfield/0400links	http://www.examiner.co.uk/travel-news
0900abouthuddersfield/0300information	http://www.examiner.co.uk
0900abouthuddersfield/0200history	http://www.examiner.co.uk/travel-news
0900abouthuddersfield/0100virtualtour	http://www.examiner.co.uk/travel-news
0900abouthuddersfield	http://www.examiner.co.uk/travel-news
0800ichomes	http://www.homeswestyorkshire.co.uk
0700icjobs/fair	http://www.jobswestyorkshire.co.uk
0700icjobs/cview	http://www.jobswestyorkshire.co.uk
0700icjobs/0600localjobs	http://www.jobswestyorkshire.co.uk
0700icjobs/0500careeradvice	http://www.jobswestyorkshire.co.uk
0700icjobs/0400training	http://www.jobswestyorkshire.co.uk
0700icjobs/0200employerprofile	http://www.jobswestyorkshire.co.uk
0700icjobs/0150news	http://www.jobswestyorkshire.co.uk
0700icjobs/0099fish4jobs	http://www.jobswestyorkshire.co.uk
0700icjobs	http://www.jobswestyorkshire.co.uk
0500summerwine/0400locations	http://www.examiner.co.uk/travel-news/last-of-summer-wine
0500summerwine/0300episodeguide	http://www.examiner.co.uk/travel-news/last-of-summer-wine
0500summerwine/0200characters	http://www.examiner.co.uk/travel-news/last-of-summer-wine
0500summerwine/0100news	http://www.examiner.co.uk/travel-news/last-of-summer-wine
0500summerwine	http://www.examiner.co.uk/travel-news/last-of-summer-wine
0400huddersfieldtown/messageboard	http://www.examiner.co.uk/views-and-blogs/forums
0400huddersfieldtown/0900mltimedia	http://www.examiner.co.uk/videos-pics
0400huddersfieldtown/0800information	http://www.examiner.co.uk/huddersfield-town-fc
0400huddersfieldtown/0700matchday	http://www.examiner.co.uk/huddersfield-town-fc
0400huddersfieldtown/0600fansreports	http://www.examiner.co.uk/huddersfield-town-fc
0400huddersfieldtown/0500columnist	http://www.examiner.co.uk/huddersfield-town-fc
0400huddersfieldtown/0400playerprofiles	http://www.examiner.co.uk/huddersfield-town-fc
0400huddersfieldtown/0300leaguetables	http://www.examiner.co.uk/huddersfield-town-fc
0400huddersfieldtown/0250matchreports/archive	http://www.examiner.co.uk/huddersfield-town-fc/huddersfield-town-fc-match-reports
0400huddersfieldtown/0250matchreports/2001may	http://www.examiner.co.uk/huddersfield-town-fc/huddersfield-town-fc-match-reports
0400huddersfieldtown/0250matchreports/2001march	http://www.examiner.co.uk/huddersfield-town-fc/huddersfield-town-fc-match-reports
0400huddersfieldtown/0250matchreports/2001january	http://www.examiner.co.uk/huddersfield-town-fc/huddersfield-town-fc-match-reports
0400huddersfieldtown/0250matchreports/2001february	http://www.examiner.co.uk/huddersfield-town-fc/huddersfield-town-fc-match-reports
0400huddersfieldtown/0250matchreports/2001april	http://www.examiner.co.uk/huddersfield-town-fc/huddersfield-town-fc-match-reports
0400huddersfieldtown/0250matchreports/2000september	http://www.examiner.co.uk/huddersfield-town-fc/huddersfield-town-fc-match-reports
0400huddersfieldtown/0250matchreports/2000october	http://www.examiner.co.uk/huddersfield-town-fc/huddersfield-town-fc-match-reports
0400huddersfieldtown/0250matchreports/2000november	http://www.examiner.co.uk/huddersfield-town-fc/huddersfield-town-fc-match-reports
0400huddersfieldtown/0250matchreports/2000december	http://www.examiner.co.uk/huddersfield-town-fc/huddersfield-town-fc-match-reports
0400huddersfieldtown/0250matchreports/2000august	http://www.examiner.co.uk/huddersfield-town-fc/huddersfield-town-fc-match-reports
0400huddersfieldtown/0250matchreports	http://www.examiner.co.uk/huddersfield-town-fc/huddersfield-town-fc-match-reports
0400huddersfieldtown/0200fixturesresults/2000fixturesresults	http://www.examiner.co.uk/huddersfield-town-fc/huddersfield-town-results
0400huddersfieldtown/0200fixturesresults	http://www.examiner.co.uk/huddersfield-town-fc
0400huddersfieldtown/0100news	http://www.examiner.co.uk/huddersfield-town-fc/huddersfield-town-news
0400huddersfieldtown	http://www.examiner.co.uk/huddersfield-town-fc
0300whatson/wheretheheartis	http://www.examiner.co.uk
0300whatson/tvandradio/tvlistings	http://www.examiner.co.uk/leisure-and-entertainment/whats-on-west-yorkshire
0300whatson/tvandradio	http://www.examiner.co.uk/leisure-and-entertainment/whats-on-west-yorkshire
0300whatson/tickets/sport	http://www.examiner.co.uk/leisure-and-entertainment
0300whatson/tickets/music	http://www.examiner.co.uk/leisure-and-entertainment
0300whatson/tickets/family	http://www.examiner.co.uk/leisure-and-entertainment
0300whatson/tickets/arts	http://www.examiner.co.uk/leisure-and-entertainment
0300whatson/tickets	http://www.examiner.co.uk/leisure-and-entertainment
0300whatson/fresh	http://www.examiner.co.uk/leisure-and-entertainment
0300whatson/eventsubmissionform	http://www.examiner.co.uk/leisure-and-entertainment/whats-on-west-yorkshire
0300whatson/dating	http://www.examiner.co.uk/leisure-and-entertainment/dating-in-huddersfield
0300whatson/0900classicalmusic	http://www.examiner.co.uk/leisure-and-entertainment
0300whatson/0875comedy	http://www.examiner.co.uk/leisure-and-entertainment
0300whatson/0850events	http://www.examiner.co.uk/leisure-and-entertainment
0300whatson/0800daysout	http://www.examiner.co.uk/leisure-and-entertainment
0300whatson/0700eatingout	http://www.examiner.co.uk/leisure-and-entertainment
0300whatson/0600galleries	http://www.examiner.co.uk/leisure-and-entertainment
0300whatson/0500theatre	http://www.examiner.co.uk/leisure-and-entertainment
0300whatson/0400nightclubs	http://www.examiner.co.uk/leisure-and-entertainment
0300whatson/0300gigs	http://www.examiner.co.uk/leisure-and-entertainment
0300whatson/0250music	http://www.examiner.co.uk/leisure-and-entertainment/whats-on-west-yorkshire
0300whatson/0200film	http://www.examiner.co.uk/leisure-and-entertainment
0300whatson/0090news	http://www.examiner.co.uk/leisure-and-entertainment/whats-on-west-yorkshire
0300whatson	http://www.examiner.co.uk/leisure-and-entertainment
0200sport/nationalsport	http://www.examiner.co.uk/sport-news
0200sport/0600columnist	http://www.examiner.co.uk/sport-news
0200sport/0500lockwoodpark	http://www.examiner.co.uk/sport-news
0200sport/0400cricket	http://www.examiner.co.uk/sport-news/cricket-news
0200sport/0350rugbyleague	http://www.examiner.co.uk/sport-news/amateur-rugby-league-news
0200sport/0300rugbyunion	http://www.examiner.co.uk/sport-news/rugby-union-news
0200sport/0200football	http://www.examiner.co.uk/sport-news/football-news
0200sport/0100news	http://www.examiner.co.uk/sport-news
0200sport	http://www.examiner.co.uk/sport-news
0100news/messageboard	http://www.examiner.co.uk/views-and-blogs/forums
0100news/falconio	http://www.examiner.co.uk/news/local-west-yorkshire-news
0100news/election	http://www.examiner.co.uk/views-and-blogs/forums
0100news/businessawards	http://www.examiner.co.uk/news/business-news
0100news/0330features/messageboard	http://www.examiner.co.uk/views-and-blogs/forums
0100news/0330features	http://www.examiner.co.uk/news
0100news/0300businessnews	http://www.examiner.co.uk/news/business-news
0100news/0200nationalnews	http://www.examiner.co.uk/news
0100news/0100localnews/healthpetition	http://www.examiner.co.uk/news/local-west-yorkshire-news
0100news/0100localnews	http://www.examiner.co.uk/news/local-west-yorkshire-news
0100news	http://www.examiner.co.uk/news
tags		http://www.examiner.co.uk/topics
