ayrshirepost/ayrunited	http://www.ayrshirepost-online.co.uk/ayrshire-sport/ayrshire-football/ayr-utd-fc
ayrshirepost/bingo	http://www.ayrshirepost-online.co.uk/entertainment-ayrshire/bingo-scotland
ayrshirepost/contactus	http://www.ayrshirepost-online.co.uk/comment/contact-ayrshire-post
ayrshirepost/editors-choice	http://www.ayrshirepost-online.co.uk/ayrshire-news/editors-pick
ayrshirepost/news	http://www.ayrshirepost-online.co.uk/ayrshire-news
ayrshirepost/sport	http://www.ayrshirepost-online.co.uk/ayrshire-sport
ayrshirepost/subscribe	http://www.ayrshirepost-online.co.uk
ayrshirepost	http://www.ayrshirepost-online.co.uk
ayrunitedfc/ayrunitednews	http://www.ayrshirepost-online.co.uk/ayrshire-sport/ayrshire-football/ayr-utd-fc
ayrunitedfc	http://www.ayrshirepost-online.co.uk/ayrshire-sport/ayrshire-football/ayr-utd-fc
kilmarnockstandard/bingo	http://www.kilmarnockstandard.co.uk/entertainment-kilmarnock/bingo-scotland	
kilmarnockstandard/contactus	http://www.kilmarnockstandard.co.uk/comment/contact-kilmarnock-standard	
kilmarnockstandard/kilmarnockfc	http://www.kilmarnockstandard.co.uk/kilmarnock-sport/kilmarnock-football/kilmarnock-fc	
kilmarnockstandard/news	http://www.kilmarnockstandard.co.uk/ayrshire-news	
kilmarnockstandard/sport	http://www.kilmarnockstandard.co.uk/kilmarnock-sport	
kilmarnockstandard/subscribe	http://www.kilmarnockstandard.co.uk	
kilmarnockstandard	http://www.kilmarnockstandard.co.uk	
irvineherald/bingo	http://www.irvineherald.co.uk/lifestyle/bingo-scotland
irvineherald/contactus	http://www.irvineherald.co.uk/comment/contact-irvine-herald
irvineherald/news	http://www.irvineherald.co.uk/ayrshire-news
irvineherald/sport	http://www.irvineherald.co.uk/ayrshire-sport
irvineherald/subscribe	http://www.irvineherald.co.uk
irvineherald	http://www.irvineherald.co.uk

