mail	http://www.birminghammail.net
mail/yoursay	http://forums.birminghammail.net
mail/worldcup	http://www.birminghammail.net
mail/wolves/yourshout	http://forums.birminghammail.net
mail/wolves	http://www.birminghammail.net/birmingham-sport/wolverhampton-wanderers-fc
mail/winstuff	http://www.birminghammail.net/lifestyle/competitions
mail/whatson/reviews/theatre	http://www.birminghammail.net/what-is-on-in-birmingham/theatre-in-birmingham
mail/whatson/reviews/restaurants	http://www.birminghammail.net/lifestyle/food-and-drink
mail/whatson/reviews/pubgrub	http://www.birminghammail.net/lifestyle/food-and-drink
mail/whatson/reviews/gigs	http://www.birminghammail.net/what-is-on-in-birmingham/birmingham-gig-reviews
mail/whatson/reviews/gaming	http://www.birminghammail.net/what-is-on-in-birmingham
mail/whatson/reviews/dvd	http://www.birminghammail.net/what-is-on-in-birmingham/dvd-reviews
mail/whatson/reviews/cinema	http://www.birminghammail.net/what-is-on-in-birmingham/film-reviews
mail/whatson/reviews/chips	http://www.birminghammail.net/lifestyle/food-and-drink
mail/whatson/reviews/books	http://www.birminghammail.net/what-is-on-in-birmingham
mail/whatson/reviews	http://www.birminghammail.net/what-is-on-in-birmingham
mail/whatson/bigbrother/yourshout	http://forums.birminghammail.net
mail/whatson/bigbrother/ohbro	http://www.birminghammail.net
mail/whatson/bigbrother/news	http://www.birminghammail.net
mail/whatson/bigbrother	http://www.birminghammail.net
mail/whatson	http://www.birminghammail.net/what-is-on-in-birmingham
mail/whatsnewforyou	http://www.birminghammail.net
mail/walsall/yourshout	http://forums.birminghammail.net
mail/walsall	http://www.birminghammail.net/birmingham-sport/walsall-fc
mail/villatakeover	http://www.birminghammail.net/birmingham-sport/aston-villa-fc
mail/villa/yourshout	http://forums.birminghammail.net
mail/villa/villaincrisis	http://www.birminghammail.net/birmingham-sport/aston-villa-fc
mail/villa/squad	http://www.birminghammail.net/birmingham-sport/aston-villa-fc
mail/villa/reports/0708	http://www.birminghammail.net/birmingham-sport/aston-villa-fc/aston-villa-match-reports
mail/villa/reports/0607	http://www.birminghammail.net/birmingham-sport/aston-villa-fc/aston-villa-match-reports
mail/villa/reports	http://www.birminghammail.net/birmingham-sport/aston-villa-fc/aston-villa-match-reports
mail/villa/news	http://www.birminghammail.net/birmingham-sport/aston-villa-fc/aston-villa-news
mail/villa/mia	http://www.birminghammail.net/birmingham-sport/aston-villa-fc
mail/villa/heroes	http://www.birminghammail.net/birmingham-sport/aston-villa-fc/aston-villa-fc-legends
mail/villa/classicmatches	http://www.birminghammail.net/birmingham-sport/aston-villa-fc
mail/villa	http://www.birminghammail.net/birmingham-sport/aston-villa-fc
mail/videofun	http://www.birminghammail.net/birmingham-videos-pictures/features
mail/video/videos	http://www.birminghammail.net/birmingham-videos-pictures/local-news
mail/video/filmtrailers	http://www.birminghammail.net/birmingham-videos-pictures/film-trailers
mail/video	http://www.birminghammail.net/birmingham-videos-pictures/local-news
mail/travel/travelreports	http://www.birminghammail.net/lifestyle/travel
mail/travel/travelnews	http://www.birminghammail.net/lifestyle/travel
mail/transport	http://www.birminghammail.net
mail/topclasscash	http://www.birminghammail.net
mail/tomross	http://www.birminghammail.net/birmingham-sport
mail/thestirrer	http://www.birminghammail.net/birmingham-blogs-views/birmingham-mail-columnists/the-stirrer
mail/theatre	http://www.birminghammail.net/what-is-on-in-birmingham/theatre-in-birmingham
mail/termsandconditions	http://www.birminghammail.net/birmingham-mail-about-us/terms-and-conditions
mail/starsbehavingbadly	http://www.birminghammail.net
mail/sport/yourshout	http://forums.birminghammail.net
mail/sport/rugby/stourbridge	http://www.birminghammail.net/birmingham-sport/birmingham-rfc-rugby/stourbridge-rfc
mail/sport/rugby/moseley	http://www.birminghammail.net/birmingham-sport/birmingham-rfc-rugby/moseley-rfc
mail/sport/rugby/bees	http://www.birminghammail.net/birmingham-sport/birmingham-rfc-rugby/pertemps-bees-rfc
mail/sport/rugby	http://www.birminghammail.net/birmingham-sport/birmingham-rfc-rugby
mail/sport/results	http://www.birminghammail.net/birmingham-sport
mail/sport/predictions	http://www.birminghammail.net/birmingham-sport
mail/sport/greyhounds	http://www.birminghammail.net/birmingham-sport
mail/sport/dfs	http://www.birminghammail.net/birmingham-sport
mail/sport/cricket	http://www.birminghammail.net/birmingham-sport/cricket
mail/sport/columnists/tomross	http://www.birminghammail.net/birmingham-sport
mail/sport/columnists/halford	http://www.birminghammail.net/birmingham-sport
mail/sport/columnists/girltalk	http://www.birminghammail.net/birmingham-sport
mail/sport/columnists/farpost	http://www.birminghammail.net/birmingham-sport
mail/sport/columnists	http://www.birminghammail.net/birmingham-sport
mail/sport/brummies	http://www.birminghammail.net/birmingham-sport/other-sport/birmingham-speedway
mail/sport/basketball	http://www.birminghammail.net/birmingham-sport/other-sport/basketball
mail/sport/backofthenet/gonebutnotforgotten	http://www.birminghammail.net/birmingham-sport
mail/sport/backofthenet/column	http://www.birminghammail.net/birmingham-sport
mail/sport/backofthenet	http://www.birminghammail.net/birmingham-sport
mail/sport	http://www.birminghammail.net/birmingham-sport
mail/snaphappy	http://www.birminghammail.net/birmingham-videos-pictures/upload-pictures
mail/saveoursmallshops	http://www.birminghammail.net/news/birmingham-campaigns
mail/saveoursauce	http://www.birminghammail.net/news/birmingham-campaigns
mail/rugby	http://www.birminghammail.net/birmingham-sport/birmingham-rfc-rugby
mail/rosstest	http://www.birminghammail.net
mail/reviews/stayingin	http://www.birminghammail.net/what-is-on-in-birmingham
mail/reviews/goingout	http://www.birminghammail.net/what-is-on-in-birmingham
mail/reviews/gaming	http://www.birminghammail.net/what-is-on-in-birmingham
mail/reviews	http://www.birminghammail.net/what-is-on-in-birmingham
mail/restaurantspy	http://www.birminghammail.net/birmingham-blogs-views
mail/pubgrub	http://www.birminghammail.net/lifestyle/food-and-drink
mail/photosales	http://www.birminghammail.net/birmingham-videos-pictures/photosales
mail/pennant	http://www.birminghammail.net
mail/nonleague	http://www.birminghammail.net/birmingham-sport/birmingham-non-league-football
mail/newstreet	http://www.birminghammail.net/news/birmingham-campaigns/birmingham-new-street-station
mail/news/yoursay	http://forums.birminghammail.net
mail/news/whittock	http://www.birminghammail.net/birmingham-videos-pictures/colin-whittock-cartoons
mail/news/villatakeover	http://www.birminghammail.net
mail/news/transport	http://www.birminghammail.net
mail/news/test	http://www.birminghammail.net
mail/news/starsbehavingbadly	http://www.birminghammail.net
mail/news/southandworcs	http://www.birminghammail.net/news/worcestershire-news
mail/news/solihull	http://www.birminghammail.net/news/solihull-news
mail/news/saveoursmallshops	http://www.birminghammail.net/news/birmingham-campaigns/save-our-small-shops
mail/news/saveoursauce	http://www.birminghammail.net/news/birmingham-campaigns
mail/news/oneknifeonelife/petition	http://www.birminghammail.net/news/birmingham-campaigns
mail/news/oneknifeonelife	http://www.birminghammail.net/news/birmingham-campaigns
mail/news/northandstaffs	http://www.birminghammail.net/news/staffordshire-news
mail/news/newstreet/petition	http://www.birminghammail.net/news/birmingham-campaigns/birmingham-new-street-station
mail/news/newstreet/news	http://www.birminghammail.net/news/birmingham-campaigns/birmingham-new-street-station
mail/news/newstreet	http://www.birminghammail.net/news/birmingham-campaigns/birmingham-new-street-station
mail/news/mayordebate	http://www.birminghammail.net/news/birmingham-campaigns/elected-mayor
mail/news/markettrader	http://www.birminghammail.net
mail/news/lifeboat	http://www.birminghammail.net/news/birmingham-campaigns
mail/news/hospitaldebate	http://www.birminghammail.net/news/birmingham-campaigns
mail/news/hitandrun	http://www.birminghammail.net/news/birmingham-campaigns
mail/news/gambia	http://www.birminghammail.net/news/birmingham-campaigns
mail/news/fire	http://www.birminghammail.net
mail/news/elections	http://www.birminghammail.net
mail/news/columnists/verongraham	http://www.birminghammail.net/birmingham-blogs-views
mail/news/columnists/thestirrer/news	http://www.birminghammail.net/birmingham-blogs-views/birmingham-mail-columnists/the-stirrer
mail/news/columnists/thestirrer	http://www.birminghammail.net/birmingham-blogs-views/birmingham-mail-columnists/the-stirrer
mail/news/columnists/messent	http://www.birminghammail.net/birmingham-blogs-views/birmingham-mail-columnists/maureen-messent
mail/news/columnists/karrenbrady	http://www.birminghammail.net/birmingham-blogs-views/birmingham-mail-columnists/karren-brady-birmingham-city
mail/news/columnists/jonathanwalker	http://www.birminghammail.net/birmingham-blogs-views/birmingham-mail-columnists/jon-walker
mail/news/columnists/hancock	http://www.birminghammail.net/birmingham-blogs-views
mail/news/columnists/grumpy	http://www.birminghammail.net/birmingham-blogs-views
mail/news/columnists/goldberg	http://www.birminghammail.net/birmingham-blogs-views/birmingham-mail-columnists/the-stirrer
mail/news/columnists/faraz	http://www.birminghammail.net/birmingham-blogs-views
mail/news/columnists/doolan	http://www.birminghammail.net/birmingham-blogs-views/birmingham-mail-columnists
mail/news/columnists	http://www.birminghammail.net/birmingham-blogs-views
mail/news/cityandworcs	http://www.birminghammail.net/news/worcestershire-news
mail/news/cityandstaffs	http://www.birminghammail.net/news/staffordshire-news
mail/news/chinesewhispers	http://www.birminghammail.net/news/birmingham-campaigns
mail/news/centralcity	http://www.birminghammail.net/news/birmingham-news
mail/news/casino	http://www.birminghammail.net/news/birmingham-campaigns
mail/news/buses	http://www.birminghammail.net/news/birmingham-campaigns
mail/news/bullying/quiz	http://www.birminghammail.net/news/birmingham-campaigns
mail/news/bullying/news	http://www.birminghammail.net/news/birmingham-campaigns
mail/news/bullying/guide	http://www.birminghammail.net/news/birmingham-campaigns
mail/news/bullying/findoutmore	http://www.birminghammail.net/news/birmingham-campaigns
mail/news/bullying/board	http://www.birminghammail.net/news/birmingham-campaigns
mail/news/bullying	http://www.birminghammail.net/news/birmingham-campaigns
mail/news/breakingnews	http://www.birminghammail.net/news
mail/news/blackcountry	http://www.birminghammail.net/news/black-country
mail/news/airportterror	http://www.birminghammail.net/news
mail/news/airport/airportterror	http://www.birminghammail.net/news
mail/news/airport	http://www.birminghammail.net/news/birmingham-campaigns
mail/news/abigailcraens	http://www.birminghammail.net/news/birmingham-campaigns
mail/nanjing	http://www.birminghammail.net/news/birmingham-campaigns
mail/messent	http://www.birminghammail.net/birmingham-blogs-views/birmingham-mail-columnists/maureen-messent
mail/localheroes	http://www.birminghammail.net/news/birmingham-campaigns/local-heroes
mail/lifeboat	http://www.birminghammail.net/news/birmingham-campaigns
mail/letishaandcharlene	http://www.birminghammail.net/news/birmingham-campaigns/letisha-and-charlene
mail/karrenbrady	http://www.birminghammail.net/birmingham-blogs-views/birmingham-mail-columnists/karren-brady-birmingham-city
mail/hitandrun	http://www.birminghammail.net/news/birmingham-campaigns
mail/healthyhappykids	http://www.birminghammail.net
mail/grotto/gallery	http://www.birminghammail.net
mail/grotto/details	http://www.birminghammail.net
mail/grotto	http://www.birminghammail.net
mail/greenweek/survey	http://www.birminghammail.net
mail/greenweek	http://www.birminghammail.net
mail/goldberg	http://www.birminghammail.net/birmingham-blogs-views/birmingham-mail-columnists/the-stirrer
mail/girltalk	http://www.birminghammail.net
mail/gigs	http://www.birminghammail.net/what-is-on-in-birmingham/birmingham-gig-reviews
mail/getinvolved/getinvolvednews	http://www.birminghammail.net
mail/getinvolved	http://www.birminghammail.net
mail/gamingzone/news	http://www.birminghammail.net
mail/gamingzone/blastfromthepast	http://www.birminghammail.net
mail/gamingzone	http://www.birminghammail.net
mail/gaming	http://www.birminghammail.net
mail/galleries	http://www.birminghammail.net/birmingham-videos-pictures/birmingham-picture-galleries
mail/frontpage	http://www.birminghammail.net
mail/freeweek	http://www.birminghammail.net
mail/freemail	http://www.birminghammail.net
mail/forums	http://forums.birminghammail.net
mail/football/wolves/yourshout	http://forums.birminghammail.net
mail/football/wolves/reports	http://www.birminghammail.net/birmingham-sport/wolverhampton-wanderers-fc/wolves-fc-match-reports
mail/football/wolves/classicmatches	http://www.birminghammail.net/birmingham-sport/wolverhampton-wanderers-fc
mail/football/wolves	http://www.birminghammail.net/birmingham-sport/wolverhampton-wanderers-fc
mail/football/walsall/yourshout	http://forums.birminghammail.net
mail/football/walsall/reports	http://www.birminghammail.net/birmingham-sport/walsall-fc/walsall-fc-results-reports
mail/football/walsall	http://www.birminghammail.net/birmingham-sport/walsall-fc
mail/football/respecttheref	http://www.birminghammail.net/birmingham-sport
mail/football/nonleague/yourshout	http://forums.birminghammail.net
mail/football/nonleague	http://www.birminghammail.net/birmingham-sport/birmingham-non-league-football
mail/football/amateurfootball/yourshout	http://forums.birminghammail.net
mail/football/amateurfootball	http://www.birminghammail.net/birmingham-sport
mail/football	http://www.birminghammail.net/birmingham-sport
mail/features	http://www.birminghammail.net/lifestyle
mail/familylife/suejordan	http://www.birminghammail.net/lifestyle/family-life
mail/familylife/localheroes	http://www.birminghammail.net/news/birmingham-campaigns/local-heroes
mail/familylife/ladiesnight	http://www.birminghammail.net
mail/familylife/childline	http://www.birminghammail.net/lifestyle/family-life
mail/familylife	http://www.birminghammail.net/lifestyle/family-life
mail/epaper	http://www.birminghammail.net/birmingham-mail-about-us/epaper
mail/election	http://www.birminghammail.net
mail/education/news	http://www.birminghammail.net/lifestyle/family-life/education
mail/education/learningzone	http://www.birminghammail.net/lifestyle/family-life/education
mail/education	http://www.birminghammail.net/lifestyle/family-life/education
mail/eddoolan	http://www.birminghammail.net/birmingham-blogs-views
mail/dvd	http://www.birminghammail.net/what-is-on-in-birmingham/dvd-reviews
mail/dreamholiday	http://www.birminghammail.net/lifestyle/travel
mail/disneybooks	http://www.birminghammail.net
mail/countdowntochristmas	http://www.birminghammail.net
mail/cinema	http://www.birminghammail.net/what-is-on-in-birmingham/film-reviews
mail/childline	http://www.birminghammail.net/news/birmingham-campaigns
mail/cheapaschips	http://www.birminghammail.net/lifestyle/food-and-drink
mail/casino	http://www.birminghammail.net/news/birmingham-campaigns
mail/caringforyourplanet/survey	http://www.birminghammail.net/news/birmingham-campaigns
mail/caringforyourplanet/news	http://www.birminghammail.net/news/birmingham-campaigns
mail/caringforyourplanet	http://www.birminghammail.net/news/birmingham-campaigns
mail/campaigns	http://www.birminghammail.net/news/birmingham-campaigns
mail/bullying	http://www.birminghammail.net/news/birmingham-campaigns
mail/books	http://www.birminghammail.net
mail/bookanad	http://www.birminghammail.net/birmingham-mail-classifieds
mail/blues/yourshout	http://forums.birminghammail.net
mail/blues/reports	http://www.birminghammail.net/birmingham-sport/birmingham-city-fc/birmingham-city-fc-match-reports
mail/blues/pennant	http://www.birminghammail.net/birmingham-sport/birmingham-city-fc
mail/blues/news	http://www.birminghammail.net/birmingham-sport/birmingham-city-fc/birmingham-city-fc-news
mail/blues/mia	http://www.birminghammail.net/birmingham-sport/birmingham-city-fc
mail/blues/karrenbrady	http://www.birminghammail.net/birmingham-sport/birmingham-city-fc
mail/blues/heroes	http://www.birminghammail.net/birmingham-sport/birmingham-city-fc
mail/blues/classicmatches	http://www.birminghammail.net/birmingham-sport/birmingham-city-fc
mail/blues	http://www.birminghammail.net/birmingham-sport/birmingham-city-fc
mail/blog	http://www.birminghammail.net/birmingham-blogs-views
mail/blackcountry	http://www.birminghammail.net/news/black-country
mail/birminghamsbest/welcome	http://www.birminghammail.net
mail/birminghamsbest/terms	http://www.birminghammail.net
mail/birminghamsbest/suspendpapers	http://www.birminghammail.net
mail/birminghamsbest/reward	http://www.birminghammail.net
mail/birminghamsbest/nominate	http://www.birminghammail.net
mail/birminghamsbest/feedback	http://www.birminghammail.net
mail/birminghamsbest/contactdetails	http://www.birminghammail.net
mail/birminghamsbest/arrangehomedelivery	http://www.birminghammail.net
mail/birminghamsbest/activation	http://www.birminghammail.net
mail/birminghamsbest/activate	http://www.birminghammail.net
mail/birminghamsbest	http://www.birminghammail.net
mail/bingo	http://www.birminghammail.net/lifestyle/games
mail/bigdebate	http://www.birminghammail.net/news/birmingham-campaigns
mail/audio	http://www.birminghammail.net
mail/archive	http://www.birminghammail.net
mail/amateurfootball	http://www.birminghammail.net/birmingham-sport
mail/albion/yourshout	http://forums.birminghammail.net
mail/albion/reports	http://www.birminghammail.net/birmingham-sport/west-bromwich-albion-fc/west-bromwich-albion-fc-match-reports
mail/albion/news	http://www.birminghammail.net/birmingham-sport/west-bromwich-albion-fc/west-bromwich-albion-fc-news
mail/albion/classicmatches	http://www.birminghammail.net/birmingham-sport/west-bromwich-albion-fc
mail/albion	http://www.birminghammail.net/birmingham-sport/west-bromwich-albion-fc
mail/airport	http://www.birminghammail.net/news/birmingham-campaigns
mail/aboutus	http://www.birminghammail.net/birmingham-mail-about-us
mail/abigailcraen	http://www.birminghammail.net/news/birmingham-campaigns

# birminghampost redirects
birminghampost/weekend/bookclub	http://www.birminghampost.net
birminghampost/weekend	http://www.birminghampost.net
birminghampost/views/forum	http://www.birminghampost.net
birminghampost/views	http://www.birminghampost.net
birminghampost/travel/weather	http://www.birminghampost.net
birminghampost/travel/photos	http://www.birminghampost.net
birminghampost/travel/news	http://www.birminghampost.net
birminghampost/travel/destinations	http://www.birminghampost.net/life-leisure-birmingham-guide/travel-reviews
birminghampost/travel/deals	http://www.birminghampost.net
birminghampost/travel/club	http://www.birminghampost.net
birminghampost/travel/cities	http://www.birminghampost.net
birminghampost/travel/airports	http://www.birminghampost.net
birminghampost/travel	http://www.birminghampost.net/life-leisure-birmingham-guide/travel-reviews
birminghampost/thrive/yourview	http://www.birminghampost.net/birmingham-business/business-social/thrive-corporate-social-responsibility
birminghampost/thrive/whatif	http://www.birminghampost.net/birmingham-business/business-social/thrive-corporate-social-responsibility
birminghampost/thrive/profile	http://www.birminghampost.net/birmingham-business/business-social/thrive-corporate-social-responsibility
birminghampost/thrive/news	http://www.birminghampost.net/birmingham-business/business-social/thrive-corporate-social-responsibility
birminghampost/thrive/littlesteps	http://www.birminghampost.net/birmingham-business/business-social/thrive-corporate-social-responsibility
birminghampost/thrive/links	http://www.birminghampost.net/birmingham-business/business-social/thrive-corporate-social-responsibility
birminghampost/thrive/give	http://www.birminghampost.net/birmingham-business/business-social/thrive-corporate-social-responsibility
birminghampost/thrive/ask	http://www.birminghampost.net/birmingham-business/business-social/thrive-corporate-social-responsibility
birminghampost/thrive	http://www.birminghampost.net/birmingham-business/business-social/thrive-corporate-social-responsibility
birminghampost/termsandconditions	http://www.birminghampost.net
birminghampost/survey	http://www.birminghampost.net
birminghampost/sport/wolves	http://www.birminghampost.net/midlands-birmingham-sport/west-midlands-sports/wolves-fc
birminghampost/sport/villa	http://www.birminghampost.net/midlands-birmingham-sport/west-midlands-sports/aston-villa-fc
birminghampost/sport/views	http://www.birminghampost.net/midlands-birmingham-sport/sports-columnists
birminghampost/sport/streak	http://www.birminghampost.net
birminghampost/sport/results	http://www.birminghampost.net
birminghampost/sport/playeroftheyear	http://www.birminghampost.net
birminghampost/sport/murphy	http://www.birminghampost.net/midlands-birmingham-sport/sports-columnists/pat-murphy
birminghampost/sport/lions	http://www.birminghampost.net
birminghampost/sport/hick	http://www.birminghampost.net
birminghampost/sport/briandick	http://www.birminghampost.net/midlands-birmingham-sport/sports-columnists/brian-dick-rugby
birminghampost/sport/blues	http://www.birminghampost.net/midlands-birmingham-sport/west-midlands-sports/birmingham-city-fc
birminghampost/sport/blair	http://www.birminghampost.net
birminghampost/sport/bannister	http://www.birminghampost.net/midlands-birmingham-sport/sports-columnists/jack-bannister-cricket
birminghampost/sport/albion	http://www.birminghampost.net/midlands-birmingham-sport/west-midlands-sports/west-bromwich-albion-fc
birminghampost/sport	http://www.birminghampost.net/midlands-birmingham-sport/west-midlands-sports
birminghampost/selectliving/news	http://www.birminghampost.net/life-leisure-birmingham-guide
birminghampost/selectliving	http://www.birminghampost.net/life-leisure-birmingham-guide
birminghampost/richlist/richlist2008/profiles2008	http://www.birminghampost.net/birmingham-business/richlist2008
birminghampost/richlist/richlist2008	http://www.birminghampost.net/birmingham-business/richlist2008
birminghampost/richlist/richlist2007	http://www.birminghampost.net
birminghampost/richlist/profiles	http://www.birminghampost.net
birminghampost/richlist/2007profiles	http://www.birminghampost.net
birminghampost/richlist	http://www.birminghampost.net
birminghampost/reviews	http://www.birminghampost.net/life-leisure-birmingham-guide/birmingham-culture
birminghampost/restaurantreviews	http://www.birminghampost.net/life-leisure-birmingham-guide/restaurants-birmingham-midlands
birminghampost/propertyessentials	http://www.birminghampost.net/life-leisure-birmingham-guide/midlands-birmingham-property
birminghampost/power50/people	http://www.birminghampost.net
birminghampost/power50	http://www.birminghampost.net
birminghampost/post150	http://www.birminghampost.net
birminghampost/photos/gallery	http://www.birminghampost.net/news/news-gallery
birminghampost/photos/collections	http://www.birminghampost.net
birminghampost/photos	http://www.birminghampost.net/news/news-gallery
birminghampost/perspective/wilbursnr	http://www.birminghampost.net
birminghampost/perspective/walker	http://www.birminghampost.net/comment/birmingham-columnists
birminghampost/perspective/upton	http://www.birminghampost.net/comment/birmingham-columnists/chris-upton
birminghampost/perspective/robinfletcher	http://www.birminghampost.net/comment/birmingham-columnists/
birminghampost/perspective/mccomb	http://www.birminghampost.net/comment/birmingham-columnists/richard-mccomb
birminghampost/perspective/letters	http://www.birminghampost.net/comment/letters-to-the-editor
birminghampost/perspective/ironangle	http://www.birminghampost.net/comment/birmingham-columnists/iron-angle-birmingham-cc
birminghampost/perspective/ind	http://www.birminghampost.net
birminghampost/perspective/features	http://www.birminghampost.net/life-leisure-birmingham-guide
birminghampost/perspective/evans	http://www.birminghampost.net/comment/birmingham-columnists/sarah-evans
birminghampost/perspective/editorial	http://www.birminghampost.net/comment/post-comment
birminghampost/perspective/columnists	http://www.birminghampost.net/comment/birmingham-columnists
birminghampost/perspective	http://www.birminghampost.net/comment/birmingham-columnists/agenda
birminghampost/pasport	http://www.birminghampost.net
birminghampost/panews	http://www.birminghampost.net
birminghampost/pa	http://www.birminghampost.net
birminghampost/offers	http://www.birminghampost.net
birminghampost/news/yoxall	http://www.birminghampost.net
birminghampost/news/yourfuture	http://www.birminghampost.net
birminghampost/news/talkingpoint	http://www.birminghampost.net
birminghampost/news/fordselloff	http://www.birminghampost.net/birmingham-business/birmingham-business-news/automotive-business
birminghampost/news/focus	http://www.birminghampost.net
birminghampost/news/elections	http://www.birminghampost.net
birminghampost/news/debate	http://www.birminghampost.net
birminghampost/news	http://www.birminghampost.net/news/west-midlands-news
birminghampost/motors/motornews	http://www.birminghampost.net
birminghampost/motors/drives	http://www.birminghampost.net
birminghampost/motors	http://www.birminghampost.net/midlands-classifieds/motors
birminghampost/gemini	http://www.birminghampost.net
birminghampost/epaper	http://www.birminghampost.net
birminghampost/dinersclub	http://www.birminghampost.net
birminghampost/contact	http://www.birminghampost.net/about-us
birminghampost/congestioncharge	http://www.birminghampost.net
birminghampost/competitions	http://www.birminghampost.net/life-leisure-birmingham-guide/birmingham-competitions
birminghampost/companyguide07	http://www.birminghampost.net
birminghampost/companyguide/2006	http://www.birminghampost.net
birminghampost/companyguide	http://www.birminghampost.net
birminghampost/cityliving	http://www.birminghampost.net/life-leisure-birmingham-guide
birminghampost/china/wheninchina	http://www.birminghampost.net/birmingham-business/birmingham-business-news/emerging-markets
birminghampost/china	http://www.birminghampost.net/birmingham-business/birmingham-business-news/emerging-markets
birminghampost/cancercampaign/news	http://www.birminghampost.net
birminghampost/cancercampaign	http://www.birminghampost.net
birminghampost/business/tomlinson	http://www.birminghampost.net/birmingham-business/chris-tomlinson
birminghampost/business/scitech	http://www.birminghampost.net/birmingham-business/birmingham-business-news/e-business
birminghampost/business/rayner	http://www.birminghampost.net/birmingham-business
birminghampost/business/profile	http://www.birminghampost.net/birmingham-business
birminghampost/business/onthemove	http://www.birminghampost.net/birmingham-business
birminghampost/business/nbm	http://birminghampost.net/birmingham-business/business-comment/nevill-boyd-maunsell
birminghampost/business/media	http://www.birminghampost.net/birmingham-business/birmingham-business-news/media-marketing-news
birminghampost/business/manufacturing	http://www.birminghampost.net/birmingham-business/birmingham-business-news/manufacturing-business
birminghampost/business/legal	http://www.birminghampost.net/birmingham-business/birmingham-business-news/legal-business-financial
birminghampost/business/enterprise/questions	http://www.birminghampost.net/
birminghampost/business/enterprise	http://www.birminghampost.net/birmingham-business/birmingham-business-news/business-entrepreneurship
birminghampost/business/edge	http://www.birminghampost.net
birminghampost/business/cherry	http://www.birminghampost.net/birmingham-business/business-comment/mike-cherry
birminghampost/business/businessawards/anniversary	http://www.birminghampost.net
birminghampost/business/businessawards	http://www.birminghampost.net/birmingham-business/business-social/birmingham-post-business-awards
birminghampost/business/bright	http://www.birminghampost.net/birmingham-business/business-social/john-bright-business-columnist
birminghampost/business	http://www.birminghampost.net/birmingham-business
birminghampost/blogs	http://www.birminghampost.net/comment/birmingham-blogs
birminghampost/blog	http://www.birminghampost.net/comment/birmingham-blogs
birminghampost/apennines	http://www.birminghampost.net
birminghampost/aboutus	http://www.birminghampost.net/about-us
birminghampost	http://www.birminghampost.net
sundaymercury/win-a-holiday-home	http://www.sundaymercury.net/travel
sundaymercury/viewpoints/forum	http://www.sundaymercury.net/travel
sundaymercury/viewpoints	http://www.sundaymercury.net/travel
sundaymercury/travel/stories	http://www.sundaymercury.net/travel
sundaymercury/travel/holidays	http://www.sundaymercury.net/travel
sundaymercury/travel	http://www.sundaymercury.net/travel
sundaymercury/theweek/soaps	http://www.sundaymercury.net/entertainment-news/tv-news
sundaymercury/theweek/shows	http://www.sundaymercury.net/entertainment-news/pop-music-news
sundaymercury/theweek/recipes	http://www.sundaymercury.net
sundaymercury/theweek/music	http://www.sundaymercury.net/entertainment-news/pop-music-news
sundaymercury/theweek/movies	http://www.sundaymercury.net/entertainment-news/film-news
sundaymercury/theweek/moviereviews	http://www.sundaymercury.net/entertainment-news/film-news/film-reviews
sundaymercury/theweek/eatingout	http://www.sundaymercury.net
sundaymercury/theweek/comps	http://www.sundaymercury.net/entertainment-news/competitions
sundaymercury/theweek/cdreviews	http://www.sundaymercury.net/entertainment-news/pop-music-news/cd-reviews
sundaymercury/theweek/books	http://www.sundaymercury.net/entertainment-news
sundaymercury/theweek	http://www.sundaymercury.net/entertainment-news
sundaymercury/sporting-heroes	http://www.sundaymercury.net/midlands-sport
sundaymercury/sport/net	http://www.sundaymercury.net/midlands-sport
sundaymercury/sport	http://www.sundaymercury.net/midlands-sport
sundaymercury/sizzlersonline	http://www.sundaymercury.net/video-pics
sundaymercury/saveababy	http://www.sundaymercury.net//lifestyle-news
sundaymercury/nostalgia	http://www.sundaymercury.net/lifestyle-news/nostalgia-history-midlands
sundaymercury/news	http://www.sundaymercury.net/news
sundaymercury/messageboards	http://forums.sundaymercury.net
sundaymercury/ghostwriters	http://www.sundaymercury.net
sundaymercury/feedthemright	http://www.sundaymercury.net//lifestyle-news
sundaymercury/features	http://www.sundaymercury.net/lifestyle-news
sundaymercury/competitions	http://www.sundaymercury.net/entertainment-news/competitions
sundaymercury/columnists/mikelockley	http://www.sundaymercury.net/news/columnists/mike-lockley
sundaymercury/columnists/lornejackson	http://www.sundaymercury.net/news/columnists/lorne-jackson
sundaymercury/columnists/georgetyndale	http://www.sundaymercury.net//news/columnists/george-tyndale
sundaymercury/columnists	http://www.sundaymercury.net/news/columnists
sundaymercury/challenge	http://www.sundaymercury.net/news
sundaymercury/bullying	http://www.sundaymercury.net/news
sundaymercury/backintime/messageboard	http://forums.sundaymercury.net
sundaymercury/backintime/archives	http://www.sundaymercury.net/lifestyle-news/nostalgia-history-midlands
sundaymercury/backintime	http://www.sundaymercury.net/lifestyle-news/nostalgia-history-midlands
sundaymercury/aboutus	http://www.sundaymercury.net/news/contact-sunday-mercury
sundaymercury	http://www.sundaymercury.net

