football/chestercity/playerprofiles/playerarticles	http://www.chesterchronicle.co.uk/chester-city-fc
football/chestercity/playerprofiles			http://www.chesterchronicle.co.uk/chester-city-fc
football/chestercity					http://www.chesterchronicle.co.uk/chester-city-fc
chestercity/table					http://www.chesterchronicle.co.uk/chester-city-fc
chestercity/news					http://www.chesterchronicle.co.uk/chester-city-fc/chester-city-fc-news
chestercity/messageboard				http://www.chesterchronicle.co.uk/chester-city-fc
chestercity/information					http://www.chesterchronicle.co.uk/chester-city-fc
chestercity/fixturesandresults				http://www.chesterchronicle.co.uk/chester-city-fc
chestercity						http://www.chesterchronicle.co.uk/chester-city-fc
chesterchronicle/supplements-features			http://www.chesterchronicle.co.uk/chester-classifieds/chester-supplements-features
chesterchronicle/sport/rugby				http://www.chesterchronicle.co.uk/chester-sport/rugby-union
chesterchronicle/sport/other				http://www.chesterchronicle.co.uk/chester-sport/other-sports
chesterchronicle/sport/junior				http://www.chesterchronicle.co.uk/chester-sport/cheshire-junior-football
chesterchronicle/sport/jets				http://www.chesterchronicle.co.uk/chester-sport/cheshire-jets-basketball
chesterchronicle/sport/district				http://www.chesterchronicle.co.uk/chester-sport/cheshire-football
chesterchronicle/sport/cricket				http://www.chesterchronicle.co.uk/chester-sport/cricket-cheshire-cc
chesterchronicle/sport/athletics			http://www.chesterchronicle.co.uk/chester-sport/cheshire-athletics
chesterchronicle/sport					http://www.chesterchronicle.co.uk/chester-sport
chesterchronicle/slideshows/animation			http://www.chesterchronicle.co.uk/videos-pics
chesterchronicle/slideshows/airbus			http://www.chesterchronicle.co.uk/videos-pics
chesterchronicle/slideshows/aerial			http://www.chesterchronicle.co.uk/videos-pics
chesterchronicle/slideshows				http://www.chesterchronicle.co.uk/videos-pics
chesterchronicle/nostalgia				http://www.chesterchronicle.co.uk/chester-information
chesterchronicle/news/special/pledges			http://www.chesterchronicle.co.uk/chester-news/campaigns/cheshire-road-safety/cheshire-road-safety-pledges
chesterchronicle/news/special				http://www.chesterchronicle.co.uk/chester-news/campaigns/cheshire-road-safety
chesterchronicle/news/regional				http://www.chesterchronicle.co.uk/chester-news/local-chester-news
chesterchronicle/news/issue				http://www.chesterchronicle.co.uk/chester-news/local-chester-news/chester-issue
chesterchronicle/news/in-depth				http://www.chesterchronicle.co.uk/chester-news/campaigns/chester-regeneration
chesterchronicle/news/breaking				http://www.chesterchronicle.co.uk/chester-news/local-chester-news
chesterchronicle/news					http://www.chesterchronicle.co.uk/chester-news
chesterchronicle/jester					http://www.chesterchronicle.co.uk
chesterchronicle/infodesk/travel			http://www.chesterchronicle.co.uk/chester-information/chester-community-contacts/chester-transport
chesterchronicle/infodesk/mps				http://www.chesterchronicle.co.uk/chester-information/chester-community-contacts/chester-mps-councillors
chesterchronicle/infodesk/local				http://www.chesterchronicle.co.uk/chester-information/chester-community-contacts/chester-local-organisations
chesterchronicle/infodesk/leisure			http://www.chesterchronicle.co.uk/chester-information/chester-community-contacts/chester-sport-leisure-groups
chesterchronicle/infodesk/health			http://www.chesterchronicle.co.uk/chester-information/chester-community-contacts/chester-health-contacts
chesterchronicle/infodesk/emergency			http://www.chesterchronicle.co.uk/chester-information/chester-community-contacts/chester-emergency-numbers
chesterchronicle/infodesk/education			http://www.chesterchronicle.co.uk/chester-information/chester-community-contacts/chester-education-schools
chesterchronicle/infodesk/community			http://www.chesterchronicle.co.uk/chester-information/chester-community-contacts/chester-community-facilities
chesterchronicle/infodesk				http://www.chesterchronicle.co.uk/chester-information/chester-community-contacts
chesterchronicle/forums					http://www.chesterchronicle.co.uk/views-blogs
chesterchronicle/feedback				http://www.chesterchronicle.co.uk
chesterchronicle/expats					http://www.chesterchronicle.co.uk/views-blogs
chesterchronicle/contact				http://www.chesterchronicle.co.uk/sitemap/contact-chester-chronicle
chesterchronicle/competition-winners			http://www.chesterchronicle.co.uk/sitemap/chester-competition-winners
chesterchronicle/communities				http://www.chesterchronicle.co.uk/chester-information/cheshire-communities
chesterchronicle/chestercity/squad			http://www.chesterchronicle.co.uk/chester-city-fc/chester-city-fc-players
chesterchronicle/chestercity/news			http://www.chesterchronicle.co.uk/chester-city-fc/chester-city-fc-news
chesterchronicle/chestercity/matches			http://www.chesterchronicle.co.uk/chester-city-fc/chester-city-fc-match-reports
chesterchronicle/chestercity				http://www.chesterchronicle.co.uk/chester-city-fc
chesterchronicle/celebrations				http://www.chesterchronicle.co.uk/chester-news/local-chester-news/chester-celebrations
chesterchronicle/business				http://www.chesterchronicle.co.uk/chester-news/chester-business-news
chesterchronicle/blogs					http://www.chesterchronicle.co.uk/views-blogs
chesterchronicle					http://www.chesterchronicle.co.uk
2000aboutchester/0400profiles				http://www.chesterchronicle.co.uk/chester-information
2000aboutchester/0300virtualtour			http://www.chesterchronicle.co.uk/chester-information
2000aboutchester/0200culture				http://www.chesterchronicle.co.uk/chester-information
2000aboutchester/0100history				http://www.chesterchronicle.co.uk/chester-information
2000aboutchester					http://www.chesterchronicle.co.uk/chester-information
0600business/0800columnists				http://www.chesterchronicle.co.uk/chester-news/chester-business-news
0600business/0100businessnews				http://www.chesterchronicle.co.uk/chester-news/chester-business-news
0600business						http://www.chesterchronicle.co.uk/chester-news/chester-business-news
0500chesterjets/0700clubinfo				http://www.chesterchronicle.co.uk/chester-sport/cheshire-jets-basketball
0500chesterjets/0600columnist				http://www.chesterchronicle.co.uk/chester-sport/cheshire-jets-basketball
0500chesterjets/0500playerprofiles			http://www.chesterchronicle.co.uk/chester-sport/cheshire-jets-basketball
0500chesterjets/0400matchreport				http://www.chesterchronicle.co.uk/chester-sport/cheshire-jets-basketball
0500chesterjets/0300leaguetable				http://www.chesterchronicle.co.uk/chester-sport/cheshire-jets-basketball
0500chesterjets/0200fixturesandresults			http://www.chesterchronicle.co.uk/chester-sport/cheshire-jets-basketball
0500chesterjets/0100news				http://www.chesterchronicle.co.uk/chester-sport/cheshire-jets-basketball
0500chesterjets						http://www.chesterchronicle.co.uk/chester-sport/cheshire-jets-basketball
0400chestercityfc/0700clubinfo				http://www.chesterchronicle.co.uk/chester-city-fc
0400chestercityfc/0600columnist				http://www.chesterchronicle.co.uk/chester-city-fc
0400chestercityfc/0500playerprofiles			http://www.chesterchronicle.co.uk/chester-city-fc/chester-city-fc-players
0400chestercityfc/0400matchreport			http://www.chesterchronicle.co.uk/chester-city-fc/chester-city-fc-match-reports
0400chestercityfc/0300leaguetable			http://www.chesterchronicle.co.uk/chester-city-fc
0400chestercityfc/0200fixturesandresults		http://www.chesterchronicle.co.uk/chester-city-fc
0400chestercityfc/0100news				http://www.chesterchronicle.co.uk/chester-city-fc/chester-city-fc-news
0400chestercityfc					http://www.chesterchronicle.co.uk/chester-city-fc
0200sport/chesterjets					http://www.chesterchronicle.co.uk/chester-sport/cheshire-jets-basketball
0100news/tourismawards/news				http://www.chesterchronicle.co.uk/chester-news/campaigns/tourism-awards
0100news/tourismawards					http://www.chesterchronicle.co.uk/chester-news/campaigns/tourism-awards
0100news/chronicleletters				http://www.chesterchronicle.co.uk/chester-news/local-chester-news
0100news/chesterchronicle/nostalgia			http://www.chesterchronicle.co.uk/chester-information
0100news/chesterchronicle				http://www.chesterchronicle.co.uk/chester-news/local-chester-news
	
## crewechronicle
football/crewealexandra/playerprofiles/playerarticles	http://www.crewechronicle.co.uk/crewe-alex-fc
football/crewealexandra/playerprofiles			http://www.crewechronicle.co.uk/crewe-alex-fc
football/crewealexandra					http://www.crewechronicle.co.uk/crewe-alex-fc
crewechronicle/sport					http://www.crewechronicle.co.uk/crewe-sport
crewechronicle/photos					http://www.crewechronicle.co.uk/videos-pics
crewechronicle/news					http://www.crewechronicle.co.uk/crewe-news
crewechronicle/multimedia/jodrell-bank			http://www.crewechronicle.co.uk/videos-pics
crewechronicle/multimedia/bentley			http://www.crewechronicle.co.uk/videos-pics
crewechronicle/multimedia				http://www.crewechronicle.co.uk/videos-pics
crewechronicle/marc-election-column			http://www.crewechronicle.co.uk/crewe-news
crewechronicle/issue					http://www.crewechronicle.co.uk/crewe-news
crewechronicle/infodesk/travel				http://www.crewechronicle.co.uk/crewe-information/crewe-community-contacts/crewe-transport
crewechronicle/infodesk/mps				http://www.crewechronicle.co.uk/crewe-information/crewe-community-contacts/crewe-mps-councillors
crewechronicle/infodesk/local				http://www.crewechronicle.co.uk/crewe-information/crewe-community-contacts/crewe-local-organisations
crewechronicle/infodesk/leisure				http://www.crewechronicle.co.uk/crewe-information/crewe-community-contacts/crewe-sport-leisure-groups
crewechronicle/infodesk/health				http://www.crewechronicle.co.uk/crewe-information/crewe-community-contacts/crewe-health-contacts
crewechronicle/infodesk/facilities			http://www.crewechronicle.co.uk/crewe-information/crewe-community-contacts/crewe-community-facilities
crewechronicle/infodesk/emergency			http://www.crewechronicle.co.uk/crewe-information/crewe-community-contacts/crewe-emergency-numbers
crewechronicle/infodesk/education			http://www.crewechronicle.co.uk/crewe-information/crewe-community-contacts/crewe-education-schools
crewechronicle/infodesk					http://www.crewechronicle.co.uk/crewe-information/crewe-community-contacts
crewechronicle/forums					http://www.crewechronicle.co.uk/views-blogs
crewechronicle/expats					http://www.crewechronicle.co.uk/views-blogs/expats
crewechronicle/crewe-nantwich-by-election		http://www.crewechronicle.co.uk
crewechronicle/crewe-garden-competition			http://www.crewechronicle.co.uk/crewe-news/campaigns/garden-of-year
crewechronicle/contact					http://www.crewechronicle.co.uk/sitemap/contact-crewe-chronicle
crewechronicle/communities				http://www.crewechronicle.co.uk/crewe-information/cheshire-communities
crewechronicle/business					http://www.crewechronicle.co.uk/crewe-news/crewe-business-news
crewechronicle/breaking					http://www.crewechronicle.co.uk/crewe-news/crewe-breaking-news
crewechronicle/blogs					http://www.crewechronicle.co.uk/views-blogs
crewechronicle/alex/squad				http://www.crewechronicle.co.uk/crewe-alex-fc
crewechronicle/alex/results				http://www.crewechronicle.co.uk/crewe-alex-fc/crewe-alex-fc-match-reports
crewechronicle/alex/news				http://www.crewechronicle.co.uk/crewe-alex-fc/crewe-alex-fc-news
crewechronicle/alex					http://www.crewechronicle.co.uk/crewe-alex-fc
crewechronicle/advertising-features/holidays-2008	http://www.crewechronicle.co.uk/crewe-classifieds/crewe-supplements-features
crewechronicle/advertising-features/bankholiday		http://www.crewechronicle.co.uk/crewe-classifieds/crewe-supplements-features
crewechronicle/advertising-features			http://www.crewechronicle.co.uk/crewe-classifieds/crewe-supplements-features
crewechronicle						http://www.crewechronicle.co.uk
crewealexandra/news					http://www.crewechronicle.co.uk/crewe-alex-fc/crewe-alex-fc-news
crewealexandra/messageboard				http://www.crewechronicle.co.uk/crewe-alex-fc/crewe-alex-fc-forum
crewealexandra/fixturesandresults			http://www.crewechronicle.co.uk/crewe-alex-fc/crewe-alex-fc-match-reports
crewealexandra						http://www.crewechronicle.co.uk/crewe-alex-fc
0100news/southcheshirechronicles			http://www.crewechronicle.co.uk

runcorn-widnes/vikings/results	http://www.runcornandwidnesweeklynews.co.uk/widnes-vikings/widnes-vikings-match-reports
runcorn-widnes/vikings/players	http://www.runcornandwidnesweeklynews.co.uk/widnes-vikings/widnes-vikings-info
runcorn-widnes/vikings/news	http://www.runcornandwidnesweeklynews.co.uk/widnes-vikings/widnes-vikings-news
runcorn-widnes/vikings	http://www.runcornandwidnesweeklynews.co.uk/widnes-vikings
runcorn-widnes/sport	http://www.runcornandwidnesweeklynews.co.uk/runcorn-widnes-sport
runcorn-widnes/runcorn-widnes-garden-competition	http://www.runcornandwidnesweeklynews.co.uk/runcorn-widnes-news/campaigns/garden-of-year
runcorn-widnes/runcorn-widnes-features	http://www.runcornandwidnesweeklynews.co.uk/Runcorn-widnes-supplements-features
runcorn-widnes/photos	http://www.runcornandwidnesweeklynews.co.uk/videos-pics/runcorn-widnes-photos
runcorn-widnes/news	http://www.runcornandwidnesweeklynews.co.uk/runcorn-widnes-news/runcorn-widnes-local-news
runcorn-widnes/multimedia	http://www.runcornandwidnesweeklynews.co.uk/videos-pics
runcorn-widnes/linnets	http://www.runcornandwidnesweeklynews.co.uk/runcorn-widnes-sport/runcorn-linnets
runcorn-widnes/infodesk/travel	http://www.runcornandwidnesweeklynews.co.uk/runcorn-widnes-information/runcorn-widnes-community-contacts
runcorn-widnes/infodesk/mps	http://www.runcornandwidnesweeklynews.co.uk/runcorn-widnes-information/runcorn-widnes-community-contacts
runcorn-widnes/infodesk/local	http://www.runcornandwidnesweeklynews.co.uk/runcorn-widnes-information/runcorn-widnes-community-contacts
runcorn-widnes/infodesk/leisure	http://www.runcornandwidnesweeklynews.co.uk/runcorn-widnes-information/runcorn-widnes-community-contacts
runcorn-widnes/infodesk/health	http://www.runcornandwidnesweeklynews.co.uk/runcorn-widnes-information/runcorn-widnes-community-contacts
runcorn-widnes/infodesk/facilities	http://www.runcornandwidnesweeklynews.co.uk/runcorn-widnes-information/runcorn-widnes-community-contacts
runcorn-widnes/infodesk/emergency	http://www.runcornandwidnesweeklynews.co.uk/runcorn-widnes-information/runcorn-widnes-community-contacts
runcorn-widnes/infodesk/education	http://www.runcornandwidnesweeklynews.co.uk/runcorn-widnes-information/runcorn-widnes-community-contacts
runcorn-widnes/infodesk	http://www.runcornandwidnesweeklynews.co.uk/runcorn-widnes-information/runcorn-widnes-community-contacts
runcorn-widnes/forums	http://www.runcornandwidnesweeklynews.co.uk/views-blogs/runcorn-widnes-forums
runcorn-widnes/feedback	http://www.runcornandwidnesweeklynews.co.uk/sitemap/contact-runcorn-widnes
runcorn-widnes/expats	http://www.runcornandwidnesweeklynews.co.uk/views-blogs/expats
runcorn-widnes/contact	http://www.runcornandwidnesweeklynews.co.uk/sitemap/contact-runcorn-widnes
runcorn-widnes/communities	http://www.runcornandwidnesweeklynews.co.uk/runcorn-widnes-information/cheshire-communities
runcorn-widnes/breaking	http://www.runcornandwidnesweeklynews.co.uk/runcorn-widnes-news/runcorn-widnes-breaking-news
runcorn-widnes/blogs	http://www.runcornandwidnesweeklynews.co.uk/views-blogs/runcorn-widnes-blogs
runcorn-widnes/advertising-features/widnes-balti-house	http://www.runcornandwidnesweeklynews.co.uk/Runcorn-widnes-supplements-features
runcorn-widnes/advertising-features/spring-brides	http://www.runcornandwidnesweeklynews.co.uk/Runcorn-widnes-supplements-features
runcorn-widnes/advertising-features/silverman-livermore-solicitors	http://www.runcornandwidnesweeklynews.co.uk/Runcorn-widnes-supplements-features
runcorn-widnes/advertising-features/helsby-and-longden	http://www.runcornandwidnesweeklynews.co.uk/Runcorn-widnes-supplements-features
runcorn-widnes/advertising-features/halton-liquidation-centre	http://www.runcornandwidnesweeklynews.co.uk/Runcorn-widnes-supplements-features
runcorn-widnes/advertising-features	http://www.runcornandwidnesweeklynews.co.uk/Runcorn-widnes-supplements-features
runcorn-widnes	http://www.runcornandwidnesweeklynews.co.uk


#midcheshirechronicle

midcheshirechronicle/winsford/reports	http://www.midcheshirechronicle.co.uk/mid-cheshire-sport
midcheshirechronicle/winsford/news	http://www.midcheshirechronicle.co.uk/mid-cheshire-sport
midcheshirechronicle/winsford	http://www.midcheshirechronicle.co.uk/mid-cheshire-sport
midcheshirechronicle/whatson/news	http://www.midcheshirechronicle.co.uk/mid-cheshire-sport
midcheshirechronicle/whatson/listings	http://www.midcheshirechronicle.co.uk/mid-cheshire-sport
midcheshirechronicle/whatson	http://www.midcheshirechronicle.co.uk/mid-cheshire-sport
midcheshirechronicle/vics/reports	http://www.midcheshirechronicle.co.uk/mid-cheshire-sport
midcheshirechronicle/vics/news	http://www.midcheshirechronicle.co.uk/mid-cheshire-sport
midcheshirechronicle/vics	http://www.midcheshirechronicle.co.uk/mid-cheshire-sport
midcheshirechronicle/sport/rugby	http://www.midcheshirechronicle.co.uk/mid-cheshire-sport
midcheshirechronicle/sport/other	http://www.midcheshirechronicle.co.uk/mid-cheshire-sport/other-sports
midcheshirechronicle/sport/districtfootball	http://www.midcheshirechronicle.co.uk/mid-cheshire-sport
midcheshirechronicle/sport/cricket	http://www.midcheshirechronicle.co.uk/mid-cheshire-sport
midcheshirechronicle/sport/bowls	http://www.midcheshirechronicle.co.uk/mid-cheshire-sport
midcheshirechronicle/sport	http://www.midcheshirechronicle.co.uk/mid-cheshire-sport
midcheshirechronicle/photos	http://www.midcheshirechronicle.co.uk/videos-pics/mid-cheshire-photos
midcheshirechronicle/news/localnews	http://www.midcheshirechronicle.co.uk/mid-cheshire-news/local-mid-cheshire-news
midcheshirechronicle/news/hartford	http://www.midcheshirechronicle.co.uk/mid-cheshire-news/local-mid-cheshire-news
midcheshirechronicle/news/breakingnews	http://www.midcheshirechronicle.co.uk/mid-cheshire-news/breaking-mid-cheshire-news
midcheshirechronicle/news	http://www.midcheshirechronicle.co.uk/mid-cheshire-news
midcheshirechronicle/multimedia/jodrell-bank	http://www.midcheshirechronicle.co.uk/videos-pics
midcheshirechronicle/multimedia	http://www.midcheshirechronicle.co.uk/videos-pics
midcheshirechronicle/mid-cheshire-garden-competition	http://www.midcheshirechronicle.co.uk/mid-cheshire-news/campaigns/garden-of-year
midcheshirechronicle/infodesk/travel	http://www.midcheshirechronicle.co.uk/mid-cheshire-information/chester-community-contacts/chester-transport
midcheshirechronicle/infodesk/sport	http://www.midcheshirechronicle.co.uk/mid-cheshire-information/chester-community-contacts/chester-sport-leisure-groups
midcheshirechronicle/infodesk/local	http://www.midcheshirechronicle.co.uk/mid-cheshire-information/chester-community-contacts/chester-local-organisations
midcheshirechronicle/infodesk/health	http://www.midcheshirechronicle.co.uk/mid-cheshire-information/chester-community-contacts/chester-health-contacts
midcheshirechronicle/infodesk/government	http://www.midcheshirechronicle.co.uk/mid-cheshire-information/chester-community-contacts/chester-mps-councillors
midcheshirechronicle/infodesk/facilities	http://www.midcheshirechronicle.co.uk/mid-cheshire-information/chester-community-contacts/chester-community-facilities
midcheshirechronicle/infodesk/emergency	http://www.midcheshirechronicle.co.uk/mid-cheshire-information/chester-community-contacts/chester-emergency-numbers
midcheshirechronicle/infodesk/education	http://www.midcheshirechronicle.co.uk/mid-cheshire-information/chester-community-contacts/chester-education-schools
midcheshirechronicle/infodesk	http://www.midcheshirechronicle.co.uk/mid-cheshire-information
midcheshirechronicle/forums	http://www.midcheshirechronicle.co.uk/views-blogs/mid-cheshire-forums
midcheshirechronicle/feedback	http://www.midcheshirechronicle.co.uk/sitemap/contact-mid-cheshire-chronicle
midcheshirechronicle/expats	http://www.midcheshirechronicle.co.uk/views-blogs/expats
midcheshirechronicle/e-edition	http://www.midcheshirechronicle.co.uk
midcheshirechronicle/contact	http://www.midcheshirechronicle.co.uk/sitemap/contact-mid-cheshire-chronicle
midcheshirechronicle/communities	http://www.midcheshirechronicle.co.uk/mid-cheshire-information/cheshire-communities
midcheshirechronicle/blogs	http://www.midcheshirechronicle.co.uk/views-blogs/mid-cheshire-blogs
midcheshirechronicle/albion/reports	http://www.midcheshirechronicle.co.uk/mid-cheshire-sport
midcheshirechronicle/albion/news	http://www.midcheshirechronicle.co.uk/mid-cheshire-sport
midcheshirechronicle/albion	http://www.midcheshirechronicle.co.uk/mid-cheshire-sport
midcheshirechronicle/advertising-features/raddon-court	http://www.midcheshirechronicle.co.uk/mid-cheshire-classifieds/mid-cheshire-supplements-features
midcheshirechronicle/advertising-features/new-reg	http://www.midcheshirechronicle.co.uk/mid-cheshire-classifieds/mid-cheshire-supplements-features
midcheshirechronicle/advertising-features/holidays-2008	http://www.midcheshirechronicle.co.uk/mid-cheshire-classifieds/mid-cheshire-supplements-features
midcheshirechronicle/advertising-features/bankholiday	http://www.midcheshirechronicle.co.uk/mid-cheshire-classifieds/mid-cheshire-supplements-features
midcheshirechronicle/advertising-features	http://www.midcheshirechronicle.co.uk/mid-cheshire-classifieds/mid-cheshire-supplements-features
midcheshirechronicle	http://www.midcheshirechronicle.co.uk

#whitchurchherald

whitchurch/whitchurch-garden-competition	http://www.whitchurchherald.co.uk/whitchurch-news
whitchurch/sport						http://www.whitchurchherald.co.uk/whitchurch-sport
whitchurch/photos						http://www.whitchurchherald.co.uk/videos-pics
whitchurch/news							http://www.whitchurchherald.co.uk/whitchurch-news/local-whitchurch-news
whitchurch/multimedia					http://www.whitchurchherald.co.uk/videos-pics
whitchurch/infodesk						http://www.whitchurchherald.co.uk/whitchurch-information
whitchurch/forums						http://www.whitchurchherald.co.uk/views-blogs/whitchurch-forums
whitchurch/feedback						http://www.whitchurchherald.co.uk/views-blogs/send-a-story
whitchurch/expats						http://www.whitchurchherald.co.uk/views-blogs/expats
whitchurch/contact						http://www.whitchurchherald.co.uk/sitemap/contact-whitchurch-herald
whitchurch/breaking						http://www.whitchurchherald.co.uk/whitchurch-news/whitchurch-breaking-news
whitchurch/blogs						http://www.whitchurchherald.co.uk/views-blogs
whitchurch/advertising-features			http://www.whitchurchherald.co.uk/whitchurch-classifieds
whitchurch								http://www.whitchurchherald.co.uk

#ellesmereport

ellesmereport					http://www.ellesmereportpioneer.co.uk
ellesmereport/sport				http://www.ellesmereportpioneer.co.uk/ellesmere-port-sport
ellesmereport/photos			http://www.ellesmereportpioneer.co.uk/videos-photos/ellesmere-port-photos
ellesmereport/news				http://www.ellesmereportpioneer.co.uk/ellesmere-port-news
ellesmereport/multimedia		http://www.ellesmereportpioneer.co.uk/videos-photos
ellesmereport/infodesk/travel	http://www.ellesmereportpioneer.co.uk/ellesmere-port-information/ellesmere-port-community-contacts/ellesmere-port-transport
ellesmereport/infodesk/mps		http://www.ellesmereportpioneer.co.uk/ellesmere-port-information/ellesmere-port-community-contacts/ellesmere-port-mps-councillors
ellesmereport/infodesk/local	http://www.ellesmereportpioneer.co.uk/ellesmere-port-information/ellesmere-port-community-contacts/ellesmere-port-local-organisations
ellesmereport/infodesk/leisure	http://www.ellesmereportpioneer.co.uk/ellesmere-port-information/ellesmere-port-community-contacts/ellesmere-port-sports-groups
ellesmereport/infodesk/health	http://www.ellesmereportpioneer.co.uk/ellesmere-port-information/ellesmere-port-community-contacts/ellesmere-port-health-contacts
ellesmereport/infodesk/facilities	http://www.ellesmereportpioneer.co.uk/ellesmere-port-information/ellesmere-port-community-contacts/ellesmere-port-community-facilities
ellesmereport/infodesk/emergency	http://www.ellesmereportpioneer.co.uk/ellesmere-port-information/ellesmere-port-community-contacts/ellesmere-port-emergency-numbers
ellesmereport/infodesk/education	http://www.ellesmereportpioneer.co.uk/ellesmere-port-information/ellesmere-port-community-contacts/ellesmere-port-education-schools
ellesmereport/infodesk			http://www.ellesmereportpioneer.co.uk/ellesmere-port-information
ellesmereport/forums			http://forums.ellesmereportpioneer.co.uk
ellesmereport/feedback			http://www.ellesmereportpioneer.co.uk/views-blogs/send-a-story
ellesmereport/expats			http://www.ellesmereportpioneer.co.uk/views-blogs/expats
ellesmereport/ellesmere-port-garden-competition	http://www.ellesmereportpioneer.co.uk/ellesmere-port-news/campaigns
ellesmereport/contact			http://www.ellesmereportpioneer.co.uk/sitemap/contact-ellesmere-port-pioneer
ellesmereport/communities		http://www.chesterchronicle.co.uk/chester-information/cheshire-communities
ellesmereport/breaking			http://www.ellesmereportpioneer.co.uk/ellesmere-port-news/ellesmere-port-breaking-news
ellesmereport/blogs				http://www.ellesmereportpioneer.co.uk/views-blogs/ellesmere-port-blogs
ellesmereport/advertising-features	http://www.ellesmereportpioneer.co.uk/ellesmere-port-classifieds

