whaton	http://www.hounslowchronicle.co.uk/west-london-lifestyle
webmail	http://www.hounslowchronicle.co.uk
weather/worldregions	http://www.hounslowchronicle.co.uk/london-weather
weather/ukregions	http://www.hounslowchronicle.co.uk/london-weather
weather/ukcities	http://www.hounslowchronicle.co.uk/london-weather
weather	http://www.hounslowchronicle.co.uk/london-weather
tvradio/whatsontv	http://www.hounslowchronicle.co.uk/west-london-lifestyle
tvradio	http://www.hounslowchronicle.co.uk/west-london-lifestyle
travel	http://www.hounslowchronicle.co.uk/west-london-lifestyle/travel-offers
sport/qpr	http://www.hounslowchronicle.co.uk/west-london-sport/west-london-league-football/qpr-fc
sport/othersport	http://www.hounslowchronicle.co.uk/west-london-sport/west-london-other-sport
sport/fulham	http://www.hounslowchronicle.co.uk/west-london-sport/west-london-league-football/fulham-fc
sport/football	http://www.hounslowchronicle.co.uk/west-london-sport/west-london-league-football
sport/chelsea	http://www.hounslowchronicle.co.uk/west-london-sport/west-london-league-football/chelsea-fc
sport/allsport	http://www.hounslowchronicle.co.uk/west-london-sport
sport	http://www.hounslowchronicle.co.uk/west-london-sport
showbiz	http://www.hounslowchronicle.co.uk/west-london-lifestyle
shopping/wineanddine	http://www.hounslowchronicle.co.uk/west-london-lifestyle/west-london-shopping-directory/wine-dine-west-london
shopping/services	http://www.hounslowchronicle.co.uk/west-london-lifestyle/west-london-shopping-directory/sales-services-west-london
shopping/retail	http://www.hounslowchronicle.co.uk/west-london-lifestyle/west-london-shopping-directory/retail-west-london
shopping/property	http://www.hounslowchronicle.co.uk/west-london-lifestyle/west-london-shopping-directory/property-west-london
shopping/motors	http://www.hounslowchronicle.co.uk/west-london-lifestyle/west-london-shopping-directory/motors-car-services-west-london
shopping/leisure	http://www.hounslowchronicle.co.uk/west-london-lifestyle/west-london-shopping-directory/leisure-entertainment-west-london
shopping/homes	http://www.hounslowchronicle.co.uk/west-london-lifestyle/west-london-shopping-directory/homes-gardens-west-london
shopping/healthandbeauty	http://www.hounslowchronicle.co.uk/west-london-lifestyle/west-london-shopping-directory/health-beauty-west-london
shopping/education	http://www.hounslowchronicle.co.uk/west-london-lifestyle/west-london-shopping-directory/education-west-london
shopping/adult/adverts	http://www.hounslowchronicle.co.uk/west-london-lifestyle/west-london-shopping-directory/adult-personal-west-london
shopping/adult	http://www.hounslowchronicle.co.uk/west-london-lifestyle/west-london-shopping-directory/adult-personal-west-london
shopping	http://www.hounslowchronicle.co.uk/west-london-lifestyle/west-london-shopping-directory
salarychecker	http://www.hounslowchronicle.co.uk/london-classifieds/jobs-hounslow
registration	http://www.hounslowchronicle.co.uk/registration
recruitmentprofiles	http://www.hounslowchronicle.co.uk/london-classifieds/jobs-hounslow
playgames	http://www.hounslowchronicle.co.uk
photosales	http://www.hounslowchronicle.co.uk/west-london-videos-pics/west-london-buy-photos
personalfinance/savings	http://www.hounslowchronicle.co.uk/london-classifieds/your-money-west-london
personalfinance/personalloans	http://www.hounslowchronicle.co.uk/london-classifieds/your-money-west-london/loans
personalfinance/mortgages	http://www.hounslowchronicle.co.uk/london-classifieds/your-money-west-london/best-mortgages
personalfinance/creditcards	http://www.hounslowchronicle.co.uk/london-classifieds/your-money-west-london/credit-card-deals
personalfinance	http://www.hounslowchronicle.co.uk/london-classifieds/your-money-west-london
pcc	http://www.hounslowchronicle.co.uk/site-map/pcc
news/news	http://www.hounslowchronicle.co.uk/west-london-news/local-hounslow-news
news	http://www.hounslowchronicle.co.uk/west-london-news
nationalsport	http://www.hounslowchronicle.co.uk/west-london-sport/world-uk-sport
motors	http://www.hounslowchronicle.co.uk/london-classifieds/motors-hounslow
lifestyle/videogames	http://www.hounslowchronicle.co.uk/west-london-lifestyle
lifestyle/travel	http://www.hounslowchronicle.co.uk/west-london-lifestyle/travel-tourism
lifestyle/interiors	http://www.hounslowchronicle.co.uk/west-london-lifestyle
lifestyle/healthandbeauty	http://www.hounslowchronicle.co.uk/west-london-lifestyle/health-news
lifestyle/gardening	http://www.hounslowchronicle.co.uk/west-london-lifestyle
lifestyle/features	http://www.hounslowchronicle.co.uk/west-london-lifestyle
lifestyle/celebrities	http://www.hounslowchronicle.co.uk/west-london-lifestyle
lifestyle/bookreviews	http://www.hounslowchronicle.co.uk/west-london-lifestyle
lifestyle	http://www.hounslowchronicle.co.uk/west-london-lifestyle
jobs2/smallads	http://www.hounslowchronicle.co.uk/london-classifieds/jobs-hounslow
jobs2/salarychecker	http://www.hounslowchronicle.co.uk/london-classifieds/jobs-hounslow
jobs2/jobresources	http://www.hounslowchronicle.co.uk/london-classifieds/jobs-hounslow
jobs2/findajob	http://www.hounslowchronicle.co.uk/london-classifieds/jobs-hounslow
jobs2/cvshop	#REF!
jobs2	http://www.hounslowchronicle.co.uk/london-classifieds/jobs-hounslow
jobs/hotjobs2	http://www.hounslowchronicle.co.uk/london-classifieds/jobs-hounslow/hot-jobs
jobs/hotjobs	http://www.hounslowchronicle.co.uk/london-classifieds/jobs-hounslow/hot-jobs
jobs	http://www.hounslowchronicle.co.uk/london-classifieds/jobs-hounslow
jobresources	http://www.hounslowchronicle.co.uk/london-classifieds/jobs-hounslow
icmotors2/smallads	http://www.hounslowchronicle.co.uk/london-classifieds/motors-hounslow
icmotors2/reviews	http://www.hounslowchronicle.co.uk/london-classifieds/motors-hounslow
icmotors2/motoringnews	http://www.hounslowchronicle.co.uk/london-classifieds/motors-hounslow
icmotors2/fish4vanstrucks	http://www.hounslowchronicle.co.uk/london-classifieds/motors-hounslow
icmotors2/fish4cars	http://www.hounslowchronicle.co.uk/london-classifieds/motors-hounslow
icmotors2/fish4caravans	http://www.hounslowchronicle.co.uk/london-classifieds/motors-hounslow
icmotors2/fish4boats	http://www.hounslowchronicle.co.uk/london-classifieds/motors-hounslow
icmotors2/fish4bikes	http://www.hounslowchronicle.co.uk/london-classifieds/motors-hounslow
icmotors2	http://www.hounslowchronicle.co.uk/london-classifieds/motors-hounslow
icmobile/weight	http://www.hounslowchronicle.co.uk
icmobile/weather	http://www.hounslowchronicle.co.uk
icmobile/spin	http://www.hounslowchronicle.co.uk
icmobile/spacename	http://www.hounslowchronicle.co.uk
icmobile/pictures	http://www.hounslowchronicle.co.uk
icmobile/lovecalc	http://www.hounslowchronicle.co.uk
icmobile/logos	http://www.hounslowchronicle.co.uk
icmobile/jokes	http://www.hounslowchronicle.co.uk
icmobile/help	http://www.hounslowchronicle.co.uk
icmobile/globaltip	http://www.hounslowchronicle.co.uk
icmobile/fancyu	http://www.hounslowchronicle.co.uk
icmobile/convert	http://www.hounslowchronicle.co.uk
icmobile	http://www.hounslowchronicle.co.uk
ichomes/smallads	http://www.hounslowchronicle.co.uk/london-classifieds
ichomes/retirementhomes	http://www.hounslowchronicle.co.uk/london-classifieds/homes-hounslow
ichomes/overseashomes	http://www.hounslowchronicle.co.uk/london-classifieds/homes-hounslow
ichomes/newhomes	http://www.hounslowchronicle.co.uk/london-classifieds/homes-hounslow
ichomes/fish4homesrental	http://www.hounslowchronicle.co.uk/london-classifieds/homes-hounslow
ichomes/fish4homes	http://www.hounslowchronicle.co.uk/london-classifieds/homes-hounslow
ichomes/financeadvice	http://www.hounslowchronicle.co.uk/london-classifieds/your-money-west-london
ichomes/features	http://www.hounslowchronicle.co.uk/london-classifieds/homes-hounslow
ichomes/buyingandselling	http://www.hounslowchronicle.co.uk/london-classifieds/homes-hounslow
ichomes	http://www.hounslowchronicle.co.uk/london-classifieds/homes-hounslow
howtoadvertise	http://www.hounslowchronicle.co.uk/site-map/contact-us-hounslow-chronicle
horoscopes/virgo	http://www.hounslowchronicle.co.uk/west-london-lifestyle/horoscopes/virgo-horoscope
horoscopes/taurus	http://www.hounslowchronicle.co.uk/west-london-lifestyle/horoscopes/taurus-horoscope
horoscopes/scorpio	http://www.hounslowchronicle.co.uk/west-london-lifestyle/horoscopes/scorpio-horoscope
horoscopes/sagittarius	http://www.hounslowchronicle.co.uk/west-london-lifestyle/horoscopes/sagittarius-horoscope
horoscopes/pisces	http://www.hounslowchronicle.co.uk/west-london-lifestyle/horoscopes/pisces-horoscope
horoscopes/libra	http://www.hounslowchronicle.co.uk/west-london-lifestyle/horoscopes/libra-horoscope
horoscopes/leo	http://www.hounslowchronicle.co.uk/west-london-lifestyle/horoscopes/leo-horoscope
horoscopes/gemini	http://www.hounslowchronicle.co.uk/west-london-lifestyle/horoscopes/gemini-horoscope
horoscopes/capricorn	http://www.hounslowchronicle.co.uk/west-london-lifestyle/horoscopes/capricorn-horoscope
horoscopes/cancer	http://www.hounslowchronicle.co.uk/west-london-lifestyle/horoscopes/cancer-horoscope
horoscopes/aries	http://www.hounslowchronicle.co.uk/west-london-lifestyle/horoscopes/aries-horoscope
horoscopes/aquarius	http://www.hounslowchronicle.co.uk/west-london-lifestyle/horoscopes/aquarius-horoscope
horoscopes	http://www.hounslowchronicle.co.uk/west-london-lifestyle/horoscopes
homes	http://www.hounslowchronicle.co.uk/london-classifieds/homes-hounslow
haveyoursay/quickvote	http://www.hounslowchronicle.co.uk/west-london-forums
haveyoursay	http://www.hounslowchronicle.co.uk/west-london-forums
hammersmithandfulhamchronicle/ukheadlines	http://www.hounslowchronicle.co.uk/west-london-news/world-uk-news
hammersmithandfulhamchronicle/sport	http://www.hounslowchronicle.co.uk/west-london-sport
hammersmithandfulhamchronicle/opinion	http://www.hounslowchronicle.co.uk/west-london-news/letters-to-the-editor
hammersmithandfulhamchronicle/localheadlines	http://www.hounslowchronicle.co.uk/west-london-news/local-hounslow-news
hammersmithandfulhamchronicle/letters	http://www.hounslowchronicle.co.uk/west-london-news/letters-to-the-editor
hammersmithandfulhamchronicle/haveyoursay	http://www.hounslowchronicle.co.uk/west-london-forums
hammersmithandfulhamchronicle/columnists	http://www.hounslowchronicle.co.uk/west-london-news/west-london-columnists
hammersmithandfulhamchronicle	http://www.hounslowchronicle.co.uk/west-london-news
forums	http://www.hounslowchronicle.co.uk/west-london-forums
findajob	http://www.hounslowchronicle.co.uk/london-classifieds/jobs-hounslow
familynotices	http://www.hounslowchronicle.co.uk/london-classifieds/family-notices
discussion	http://www.hounslowchronicle.co.uk/west-london-forums
dating	http://www.hounslowchronicle.co.uk/west-london-lifestyle/dating-west-london
cvshop	http://icsoutheast.icnetwork.co.uk/jobshounslow/cview
cview	http://icsoutheast.icnetwork.co.uk/jobshounslow/cview
contactus	http://www.hounslowchronicle.co.uk/site-map/contact-us-hounslow-chronicle
contact	http://www.hounslowchronicle.co.uk/site-map/contact-us-hounslow-chronicle
communities	http://www.hounslowchronicle.co.uk/west-london-communities
classifieds/property	http://www.hounslowchronicle.co.uk/london-classifieds/homes-hounslow
classifieds/personalservices	http://www.hounslowchronicle.co.uk/london-classifieds
classifieds/motors	http://www.hounslowchronicle.co.uk/london-classifieds/motors-hounslow
classifieds/jobs	http://www.hounslowchronicle.co.uk/london-classifieds/jobs-hounslow
classifieds/holidays	http://www.hounslowchronicle.co.uk/london-classifieds
classifieds/familynotices	http://www.hounslowchronicle.co.uk/london-classifieds/family-notices
classifieds/exclude	http://www.hounslowchronicle.co.uk/london-classifieds
classifieds	http://www.hounslowchronicle.co.uk/london-classifieds
classifieddirectory/services	http://www.hounslowchronicle.co.uk/london-classifieds/local-directory-west-london/services-west-london
classifieddirectory/retail	http://www.hounslowchronicle.co.uk/london-classifieds/local-directory-west-london/retail-west-london
classifieddirectory/recruitment	http://www.hounslowchronicle.co.uk/london-classifieds/local-directory-west-london/recruitment-west-london
classifieddirectory/property	http://www.hounslowchronicle.co.uk/london-classifieds/local-directory-west-london/property-west-london
classifieddirectory/motoring	http://www.hounslowchronicle.co.uk/london-classifieds/local-directory-west-london/motoring-west-london
classifieddirectory/leisure	http://www.hounslowchronicle.co.uk/london-classifieds/local-directory-west-london/leisure-west-london
classifieddirectory/homes	http://www.hounslowchronicle.co.uk/london-classifieds/local-directory-west-london/homes-gardens-west-london
classifieddirectory/holidays	http://www.hounslowchronicle.co.uk/london-classifieds/local-directory-west-london/holidays-travel-west-london
classifieddirectory/health	http://www.hounslowchronicle.co.uk/london-classifieds/local-directory-west-london/health-beauty-west-london
classifieddirectory/entertainment	http://www.hounslowchronicle.co.uk/london-classifieds/local-directory-west-london/entertainment-west-london
classifieddirectory/education	http://www.hounslowchronicle.co.uk/london-classifieds/local-directory-west-london/education-west-london
classifieddirectory/business	http://www.hounslowchronicle.co.uk/london-classifieds/local-directory-west-london/business-west-london
classifieddirectory	http://www.hounslowchronicle.co.uk/london-classifieds/local-directory-west-london
chat	http://www.hounslowchronicle.co.uk
bingo	http://www.hounslowchronicle.co.uk/west-london-lifestyle/online-bingo
bdsearch	http://www.hounslowchronicle.co.uk/london-classifieds/london-uk-business-search
advancedsearch	http://www.hounslowchronicle.co.uk
aboutus/thepapers	http://www.hounslowchronicle.co.uk/site-map/history-paper
aboutus/thanks	http://www.hounslowchronicle.co.uk/west-london-lifestyle/competitions
aboutus/rules	http://www.hounslowchronicle.co.uk/west-london-lifestyle/competitions
aboutus/marketing	http://www.hounslowchronicle.co.uk/site-map/contact-us-hounslow-chronicle
aboutus/leaflets	http://www.hounslowchronicle.co.uk/site-map/contact-us-hounslow-chronicle
aboutus/icnetwork	http://www.hounslowchronicle.co.uk/site-map/history-paper
aboutus	http://www.hounslowchronicle.co.uk/site-map/history-paper
aboutthearea	http://www.hounslowchronicle.co.uk/site-map/history-paper
	

