whatson	http://www.loughboroughecho.net/whats-on-loughborough
webmail	http://www.loughboroughecho.net
weather	http://www.loughboroughecho.net/news/loughborough-weather
universitynews/uninews	http://www.loughboroughecho.net
universitynews	http://www.loughboroughecho.net
tvradio/whatsontv	http://www.loughboroughecho.net
tvradio	http://www.loughboroughecho.net
travel	http://www.holidays-midlands.com
snaphappy	http://www.loughboroughecho.net/loughborough-pictures/upload-your-photos
shopping/news	http://www.loughboroughecho.net
shopping/contact	http://www.loughboroughecho.net/about-us
shopping/addbusiness	
shopping	http://www.loughboroughecho.net/business-directory
readertravel/whatsnew/latestoffers	http://www.holidays-midlands.com
readertravel/whatsnew	http://www.holidays-midlands.com
readertravel/ukbreaks	http://www.holidays-midlands.com
readertravel/sportingevents	http://www.holidays-midlands.com
readertravel/showsandconcerts	http://www.holidays-midlands.com
readertravel/orientexpress/northernbelle	http://www.holidays-midlands.com
readertravel/orientexpress	http://www.holidays-midlands.com
readertravel/offeroftheweek	http://www.holidays-midlands.com
readertravel/oceanandrivercruising	http://www.holidays-midlands.com
readertravel/flowershows	http://www.holidays-midlands.com
readertravel/farandaway	http://www.holidays-midlands.com
readertravel/europe	http://www.holidays-midlands.com
readertravel/christmasmarkets	http://www.holidays-midlands.com
readertravel/christmasandnewyearbreaks	http://www.holidays-midlands.com
readertravel/americaandcanada	http://www.holidays-midlands.com
readertravel	http://www.holidays-midlands.com
playgames	http://www.loughboroughecho.net/lifestyle/bingo
photosales	
motors	http://icmidlands.icnetwork.co.uk/motors
localsport/nationalsport	http://www.loughboroughecho.net/loughborough-sport/uk-sport
localsport/localsport	http://www.loughboroughecho.net/loughborough-sport
localsport	http://www.loughboroughecho.net/loughborough-sport
localnews/shepshed	http://www.loughboroughecho.net/news/shepshed-news
localnews/nationalnews	http://www.loughboroughecho.net/news/national-news
localnews/meetmatt	http://www.loughboroughecho.net/views-and-blogs/matt-jarram-column
localnews/lookingback	http://www.loughboroughecho.net
localnews/localnews	http://www.loughboroughecho.net/news
localnews	http://www.loughboroughecho.net/news
jobs	http://www.jobs-midlands.com
horoscopes/virgo	http://www.loughboroughecho.net/lifestyle/horoscopes/virgo-horoscope
horoscopes/taurus	http://www.loughboroughecho.net/lifestyle/horoscopes/taurus-horoscope
horoscopes/scorpio	http://www.loughboroughecho.net/lifestyle/horoscopes/scorpio-horoscope
horoscopes/sagittarius	http://www.loughboroughecho.net/lifestyle/horoscopes/sagittarius-horoscope
horoscopes/pisces	http://www.loughboroughecho.net/lifestyle/horoscopes/pisces-horoscope
horoscopes/libra	http://www.loughboroughecho.net/lifestyle/horoscopes/libra-horoscope
horoscopes/leo	http://www.loughboroughecho.net/lifestyle/horoscopes/leo-horoscope
horoscopes/gemini	http://www.loughboroughecho.net/lifestyle/horoscopes/gemini-horoscope
horoscopes/capricorn	http://www.loughboroughecho.net/lifestyle/horoscopes/capricorn-horoscope
horoscopes/cancer	http://www.loughboroughecho.net/lifestyle/horoscopes/cancer-horoscope
horoscopes/aries	http://www.loughboroughecho.net/lifestyle/horoscopes/aries-horoscope
horoscopes/aquarius	http://www.loughboroughecho.net/lifestyle/horoscopes/aquarius-horoscope
horoscopes	http://www.loughboroughecho.net/lifestyle/horoscopes
homesmidlands	http://icmidlands.icnetwork.co.uk/homes
homes/retirementhome	http://www.loughboroughecho.net
homes/overseashomes	http://www.loughboroughecho.net
homes/newhomes	http://icmidlands.icnetwork.co.uk/homes
homes/estateagents	http://icmidlands.icnetwork.co.uk/homes
homes/contactus	http://www.loughboroughecho.net/about-us
homes/classifieds	http://www.loughboroughecho.net/classifieds/small-ads
homes/advice	http://icmidlands.icnetwork.co.uk/homes
homes	http://icmidlands.icnetwork.co.uk/homes
frontpages	
familynews	http://www.bmdsonline.co.uk/?keywords=&type=all_notices&date_limit=&region=tmmi&source=tmmi_wvle&_fstatus=search
entertainmentnews/upbeat	http://www.loughboroughecho.net/whats-on-loughborough
entertainmentnews/tickets/sport	http://www.loughboroughecho.net/whats-on-loughborough
entertainmentnews/tickets/music	http://www.loughboroughecho.net/whats-on-loughborough
entertainmentnews/tickets/family	http://www.loughboroughecho.net/whats-on-loughborough
entertainmentnews/tickets/arts	http://www.loughboroughecho.net/whats-on-loughborough
entertainmentnews/tickets	http://www.loughboroughecho.net/whats-on-loughborough
entertainmentnews/gamesreviews	http://www.loughboroughecho.net/whats-on-loughborough
entertainmentnews/entsnews	http://www.loughboroughecho.net/whats-on-loughborough
entertainmentnews/competitions	http://www.loughboroughecho.net/whats-on-loughborough
entertainmentnews	http://www.loughboroughecho.net/whats-on-loughborough
discussion	http://www.loughboroughecho.net/loughborough-forums
dating	http://icloughborough.datingdirect.com/index.php
contactus	http://www.loughboroughecho.net/about-us
communities	
classifieds/bookanad	http://eastmidlands.bookanad.com
classifieds	http://www.loughboroughecho.net/classifieds
christmas	
chat	http://www.loughboroughecho.net
bookanad	http://eastmidlands.bookanad.com
bingo	http://www.loughboroughecho.net/lifestyle/bingo
bdsearch	http://www.loughboroughecho.net
aboutus/tmmd	http://www.loughboroughecho.net/about-us
aboutus/ourpapers	http://www.loughboroughecho.net/about-us
aboutus/contactus	http://www.loughboroughecho.net/about-us
aboutus	http://www.loughboroughecho.net/about-us
	
	
	

