#perthshireadvertiser

stjohnstone/stjohnstone	http://www.perthshireadvertiser.co.uk/perthshire-sport/perthshire-football/st-johnstone-fc
stjohnstone	http://www.perthshireadvertiser.co.uk/perthshire-sport/perthshire-football/st-johnstone-fc
scotwheels	http://www.scotwheels.co.uk
perthshireadvertiser/tinthepark3	http://www.perthshireadvertiser.co.uk/entertainment-perthshire/t-in-the-park
perthshireadvertiser/subscribe	http://www.perthshireadvertiser.co.uk
perthshireadvertiser/stjohnstone	http://www.perthshireadvertiser.co.uk/perthshire-sport/perthshire-football/st-johnstone-fc
perthshireadvertiser/sport	http://www.perthshireadvertiser.co.uk/perthshire-sport
perthshireadvertiser/news	http://www.perthshireadvertiser.co.uk/perthshire-news
perthshireadvertiser/ladywholunches	http://www.perthshireadvertiser.co.uk/perthshire-news/lady-who-lunches
perthshireadvertiser/homemaker07	http://www.perthshireadvertiser.co.uk
perthshireadvertiser/editoratlarge	http://www.perthshireadvertiser.co.uk
perthshireadvertiser/contactus	http://www.perthshireadvertiser.co.uk/comment/contact-perthshire-advertiser
perthshireadvertiser/buyaphoto	http://www.perthshireadvertiser.co.uk/videos-pics/buy-perthshire-photos
perthshireadvertiser/bingo	http://www.perthshireadvertiser.co.uk/entertainment-perthshire/bingo-scotland
perthshireadvertiser/autumncolours	http://www.perthshireadvertiser.co.uk
perthshireadvertiser	http://www.perthshireadvertiser.co.uk
perthfestival/perthfestival	http://www.perthshireadvertiser.co.uk/entertainment-perthshire/perth-ferstival-of-the-arts
perthfestival	http://www.perthshireadvertiser.co.uk/entertainment-perthshire/perth-ferstival-of-the-arts


#strathearnherald

strathearn/subscribe	http://www.strathearnherald.co.uk
strathearn/sport		http://www.strathearnherald.co.uk/strathearn-sport
strathearn/news			http://www.strathearnherald.co.uk/strathearn-news
strathearn/contactus	http://www.strathearnherald.co.uk/comment/contact-strathearn-post
strathearn/buyaphoto	http://www.strathearnherald.co.uk/comment/strathearn-pictures
strathearn/bingo		http://www.strathearnherald.co.uk/lifestyle/play_online_bingo
strathearn				http://www.strathearnherald.co.uk


# blairgowrie

blairgowrie/subscribe	http://www.blairgowrieadvertiser.co.uk
blairgowrie/sport		http://www.blairgowrieadvertiser.co.uk/blairgowrie-sport
blairgowrie/news		http://www.blairgowrieadvertiser.co.uk/blairgowrie-news
blairgowrie/contactus	http://www.blairgowrieadvertiser.co.uk/comment/contact-blairgowrie-post
blairgowrie/bingo		http://www.blairgowrieadvertiser.co.uk/lifestyle/play-online-bingo
blairgowrie				http://www.blairgowrieadvertiser.co.uk


