weather	http://www.wharf.co.uk
tvradio	http://www.wharf.co.uk
whatson	http://www.wharf.co.uk
bdsearch	http://www.wharf.co.uk
tvradio/whatsontv	http://www.wharf.co.uk
testrules	http://www.wharf.co.uk
testrules/test	http://www.wharf.co.uk
thisweek	http://www.wharf.co.uk
thisweek/news	http://www.wharf.co.uk
thisweek/showbiz	http://www.wharf.co.uk
thisweek/faceoftheweek	http://www.wharf.co.uk
thisweek/columnist	http://www.wharf.co.uk
thisweek/competition	http://www.wharf.co.uk
thisweek/toptenscoops	http://www.wharf.co.uk
letters	http://www.wharf.co.uk
business	http://www.wharf.co.uk/business
aboutus	http://www.wharf.co.uk
aboutus/subscriptions	http://www.wharf.co.uk
icmobile	http://www.wharf.co.uk
thisweek/national	http://www.wharf.co.uk
icmobile/converter	http://www.wharf.co.uk
icmobile/fancyu	http://www.wharf.co.uk
icmobile/globaltip	http://www.wharf.co.uk
icmobile/help	http://www.wharf.co.uk
icmobile/jokes	http://www.wharf.co.uk
icmobile/logos	http://www.wharf.co.uk
icmobile/lovecalc	http://www.wharf.co.uk
icmobile/pictures	http://www.wharf.co.uk
icmobile/spacename	http://www.wharf.co.uk
icmobile/weather	http://www.wharf.co.uk
icmobile/weight	http://www.wharf.co.uk
icmobile/spin	http://www.wharf.co.uk
letters/letters	http://www.wharf.co.uk
business/business	http://www.wharf.co.uk/business
thisweek/faceoftheweek/facearchive	http://www.wharf.co.uk
features	http://www.wharf.co.uk/news
features/features	http://www.wharf.co.uk/news
oldjobs	http://www.wharf.co.uk
oldjobs/findajob	http://www.wharf.co.uk
oldjobs/cvshop	http://www.wharf.co.uk
oldjobs/jobresources	http://www.wharf.co.uk
oldjobs/salarychecker	http://www.wharf.co.uk
oldichomes	http://www.wharf.co.uk/property
oldichomes/fish4homes	http://www.wharf.co.uk/property
oldicmotors	http://www.wharf.co.uk
oldicmotors/motoringnews	http://www.wharf.co.uk
oldicmotors/roadtests	http://www.wharf.co.uk
oldicmotors/fish4cars	http://www.wharf.co.uk
oldicmotors/fish4bikes	http://www.wharf.co.uk
oldicmotors/fish4boats	http://www.wharf.co.uk
oldicmotors/fish4caravans	http://www.wharf.co.uk
oldicmotors/fish4vanstrucks	http://www.wharf.co.uk
oldichomes/rent	http://www.wharf.co.uk
letterfromsanta	http://www.wharf.co.uk
campaigns	http://www.wharf.co.uk/news
campaigns/nspcc	http://www.wharf.co.uk/news
campaigns/campaignarticles	http://www.wharf.co.uk/news
campaigns/nspcc/features	http://www.wharf.co.uk/news
oldichomes/features	http://www.wharf.co.uk/news
icinsurance	http://www.wharf.co.uk
haveyoursay	http://www.wharf.co.uk
haveyoursay/quickvote	http://www.wharf.co.uk
oldjobs/cview	http://www.wharf.co.uk
competitions	http://www.wharf.co.uk
competitions/thankyou	http://www.wharf.co.uk
competitions/competitions	http://www.wharf.co.uk
lifestyle	http://www.wharf.co.uk/lifestyle
lifestyle/interiors	http://www.wharf.co.uk/lifestyle
familynotices	http://www.wharf.co.uk
classifieds	http://www.wharf.co.uk
classifieds/exclude	http://www.wharf.co.uk
classifieds/familynotices	http://www.wharf.co.uk
classifieds/jobs	http://www.wharf.co.uk
classifieds/motors	http://www.wharf.co.uk
classifieds/property	http://www.wharf.co.uk
classifieds/holidays	http://www.wharf.co.uk
classifieds/personalservices	http://www.wharf.co.uk
oldjobs/smallads	http://www.wharf.co.uk
oldichomes/smallads	http://www.wharf.co.uk
oldicmotors/smallads	http://www.wharf.co.uk
personalfinance	http://www.wharf.co.uk
personalfinance/mortgages	http://www.wharf.co.uk
personalfinance/personalloans	http://www.wharf.co.uk
personalfinance/creditcards	http://www.wharf.co.uk
personalfinance/savings	http://www.wharf.co.uk
weddingshow	http://www.wharf.co.uk/lifestyle
weddingshow/features	http://www.wharf.co.uk/lifestyle
weather/world	http://www.wharf.co.uk
weather/city	http://www.wharf.co.uk
weather/regional	http://www.wharf.co.uk
jobs/hotoldjobs	http://www.wharf.co.uk
oldjobsdocklandscontent	http://www.wharf.co.uk
oldjobsdocklandscontent/recruitmentnews	http://www.wharf.co.uk
oldichomes/buyingandselling	http://www.wharf.co.uk/property
oldichomes/financeadvice	http://www.wharf.co.uk/property
oldichomes/retirementhomes	http://www.wharf.co.uk/property
oldichomes/overseashomes	http://www.wharf.co.uk/property
oldichomes/newhomes	http://www.wharf.co.uk/property
bingo	http://www.wharf.co.uk
whatson/tickets	http://www.wharf.co.uk/lifestyle
whatson/tickets/music	http://www.wharf.co.uk/lifestyle
whatson/tickets/sport	http://www.wharf.co.uk/lifestyle
whatson/tickets/family	http://www.wharf.co.uk/lifestyle
whatson/tickets/arts	http://www.wharf.co.uk/lifestyle
jobs	http://www.wharf.co.uk
homes	http://www.wharf.co.uk
motors	http://www.wharf.co.uk
dating	http://www.wharf.co.uk
thewharf	http://www.wharf.co.uk
thewharf/latest	http://www.wharf.co.uk/news
thewharf/headlines	http://www.wharf.co.uk/news
thewharf/columnists	http://www.wharf.co.uk/news
thewharf/opinion	http://www.wharf.co.uk/news
thewharf/business	http://www.wharf.co.uk/news
thewharf/national	http://www.wharf.co.uk/news
thewharf/contact	http://www.wharf.co.uk/news
thewharf/blog	http://www.wharf.co.uk/news
thewharf/letters	http://www.wharf.co.uk/news
thewharf/celebrity	http://www.wharf.co.uk/news
jobs/hotjobs	http://www.wharf.co.uk
playgames	http://www.wharf.co.uk
shopping	http://www.wharf.co.uk/lifestyle
shopping/business	http://www.wharf.co.uk/lifestyle
shopping/education	http://www.wharf.co.uk/lifestyle
shopping/entertainment	http://www.wharf.co.uk/lifestyle
shopping/holidays	http://www.wharf.co.uk/lifestyle
shopping/homes	http://www.wharf.co.uk/lifestyle
shopping/leisure	http://www.wharf.co.uk/lifestyle
shopping/motors	http://www.wharf.co.uk/lifestyle
shopping/notices	http://www.wharf.co.uk/lifestyle
shopping/publicnotices	http://www.wharf.co.uk/lifestyle
shopping/retail	http://www.wharf.co.uk/lifestyle
shopping/services	http://www.wharf.co.uk
thewharf/media	http://www.wharf.co.uk/business
sport	http://www.wharf.co.uk/sport
sport/millwall	http://www.wharf.co.uk/sport
sport/charlton	http://www.wharf.co.uk/sport
sport/othersport	http://www.wharf.co.uk/sport
sport/westham	http://www.wharf.co.uk/sport
thewharf/wharfsport	http://www.wharf.co.uk/sport
registration	http://www.wharf.co.uk
forum	http://www.wharf.co.uk
sport/allsport	http://www.wharf.co.uk/sport
lifestyle/travel	http://www.wharf.co.uk/lifestyle
lifestyle/celebrities	http://www.wharf.co.uk/lifestyle
lifestyle/gardening	http://www.wharf.co.uk/lifestyle
lifestyle/healthandbeauty	http://www.wharf.co.uk/lifestyle
lifestyle/bookreviews	http://www.wharf.co.uk/lifestyle
lifestyle/videogames	http://www.wharf.co.uk/lifestyle
lifestyle/features	http://www.wharf.co.uk/lifestyle
thewharf/photosales	http://www.wharf.co.uk
forum/report	http://www.wharf.co.uk
forum/thankyou	http://www.wharf.co.uk
thewharf/haveyoursay	http://www.wharf.co.uk
shopping/adult	http://www.wharf.co.uk
sport/forums	http://www.wharf.co.uk/sport
classifieddirectory	http://www.wharf.co.uk
classifieddirectory/business	http://www.wharf.co.uk
classifieddirectory/education	http://www.wharf.co.uk
classifieddirectory/entertainment	http://www.wharf.co.uk
classifieddirectory/health	http://www.wharf.co.uk
classifieddirectory/holidays	http://www.wharf.co.uk
classifieddirectory/homes	http://www.wharf.co.uk
classifieddirectory/leisure	http://www.wharf.co.uk
classifieddirectory/motoring	http://www.wharf.co.uk
classifieddirectory/property	http://www.wharf.co.uk
classifieddirectory/recruitment	http://www.wharf.co.uk
classifieddirectory/retail	http://www.wharf.co.uk
classifieddirectory/services	http://www.wharf.co.uk
thewharf/foodanddrink	http://www.wharf.co.uk/lifestyle
horoscopes	http://www.wharf.co.uk
horoscopes/leo	http://www.wharf.co.uk
horoscopes/aries	http://www.wharf.co.uk
horoscopes/taurus	http://www.wharf.co.uk
horoscopes/gemini	http://www.wharf.co.uk
horoscopes/cancer	http://www.wharf.co.uk
horoscopes/virgo	http://www.wharf.co.uk
horoscopes/libra	http://www.wharf.co.uk
horoscopes/scorpio	http://www.wharf.co.uk
horoscopes/sagittarius	http://www.wharf.co.uk
horoscopes/capricorn	http://www.wharf.co.uk
horoscopes/aquarius	http://www.wharf.co.uk
horoscopes/pisces	http://www.wharf.co.uk
timeforme	http://www.wharf.co.uk
timeforme/advertising	http://www.wharf.co.uk
timeforme/features	http://www.wharf.co.uk
timeforme/healthandbeauty	http://www.wharf.co.uk
timeforme/shoppingandfashion	http://www.wharf.co.uk
timeforme/outandabout	http://www.wharf.co.uk
timeforme/celebrityinterviews	http://www.wharf.co.uk
timeforme/advertising/healthandbeauty	http://www.wharf.co.uk
timeforme/advertising/homesandgardens	http://www.wharf.co.uk
timeforme/advertising/motoring	http://www.wharf.co.uk
timeforme/advertising/property	http://www.wharf.co.uk
timeforme/advertising/travel	http://www.wharf.co.uk
timeforme/advertising/wineanddine	http://www.wharf.co.uk
timeforme/advertising/adultservices	http://www.wharf.co.uk
timeforme/advertising/entertainment	http://www.wharf.co.uk
timeforme/advertising/retail	http://www.wharf.co.uk
timeforme/advertising/services	http://www.wharf.co.uk
timeforme/advertising/adultservices/adverts	http://www.wharf.co.uk
travel	http://www.wharf.co.uk/lifestyle
shopping/property	http://www.wharf.co.uk/lifestyle
shopping/wineanddine	http://www.wharf.co.uk/lifestyle
shopping/healthandbeauty	http://www.wharf.co.uk/lifestyle
shopping/adult/adverts	http://www.wharf.co.uk
thewharf/contact/rules	http://www.wharf.co.uk
