whatson	http://www.uxbridgegazette.co.uk/west-london-lifestyle/whats-on-uxbridge
webmail	http://www.uxbridgegazette.co.uk
weather/worldregions	http://www.uxbridgegazette.co.uk/uxbridge-weather
weather/ukregions	http://www.uxbridgegazette.co.uk/uxbridge-weather
weather/ukcities	http://www.uxbridgegazette.co.uk/uxbridge-weather
weather	http://www.uxbridgegazette.co.uk/uxbridge-weather
uxbridgegazette/uxbridgesport	http://www.uxbridgegazette.co.uk/west-london-sport
uxbridgegazette/uk	http://www.uxbridgegazette.co.uk/west-london-news/world-uk-new
uxbridgegazette/testbasket	http://www.uxbridgegazette.co.uk
uxbridgegazette/ruislip	http://www.uxbridgegazette.co.uk
uxbridgegazette/localhero	http://www.uxbridgegazette.co.uk/west-london-new
uxbridgegazette/letters	http://www.uxbridgegazette.co.uk/west-london-news/letters-to-the-editor
uxbridgegazette/latest	http://www.uxbridgegazette.co.uk/west-london-new
uxbridgegazette/headlines	http://www.uxbridgegazette.co.uk/west-london-new
uxbridgegazette/hayes	http://www.uxbridgegazette.co.uk
uxbridgegazette/haveyoursay	http://www.uxbridgegazette.co.uk/west-london-forum
uxbridgegazette/harefield	http://www.uxbridgegazette.co.uk
uxbridgegazette/foodanddrink	http://www.uxbridgegazette.co.uk
uxbridgegazette/contact/rules	http://www.uxbridgegazette.co.uk/sitemap/contact-us-uxbridge-gazette
uxbridgegazette/contact	http://www.uxbridgegazette.co.uk/sitemap/contact-us-uxbridge-gazette
uxbridgegazette/columnists	http://www.uxbridgegazette.co.uk/west-london-news/west-london-columnist
uxbridgegazette/buyaphoto	http://www.uxbridgegazette.co.uk/west-london-videos-pics/buy-west-london-photo
uxbridgegazette/busienss	http://www.uxbridgegazette.co.uk/west-london-new
uxbridgegazette/blog	http://www.uxbridgegazette.co.uk/west-london-news/editors-blog
uxbridgegazette	http://www.uxbridgegazette.co.uk
tvradio/whatsontv	http://www.uxbridgegazette.co.uk/west-london-lifestyle/whats-on-uxbridge
tvradio	http://www.uxbridgegazette.co.uk/west-london-lifestyle/whats-on-uxbridge
travel	http://www.uxbridgegazette.co.uk/west-london-lifestyle/travel-offer
testchannel/testsection	http://www.uxbridgegazette.co.uk
testchannel/testing	http://www.uxbridgegazette.co.uk
testchannel/fsdfs	http://www.uxbridgegazette.co.uk
testchannel	http://www.uxbridgegazette.co.uk
summersizzlers	http://www.uxbridgegazette.co.uk
sport/rugby	http://www.uxbridgegazette.co.uk/west-london-sport/west-london-rugby
sport/othersport	http://www.uxbridgegazette.co.uk/west-london-sport/west-london-other-sport
sport/football	http://www.uxbridgegazette.co.uk/west-london-sport/west-london-football
sport/cricket	http://www.uxbridgegazette.co.uk/west-london-sport/west-london-cricket
sport	http://www.uxbridgegazette.co.uk/west-london-sport
showbiz	http://www.uxbridgegazette.co.uk
shopping/wineanddine	http://www.uxbridgegazette.co.uk/west-london-lifestyle/west-london-shopping-directory
shopping/services	http://www.uxbridgegazette.co.uk/west-london-lifestyle/west-london-shopping-directory
shopping/retail	http://www.uxbridgegazette.co.uk/west-london-lifestyle/west-london-shopping-directory
shopping/property	http://www.uxbridgegazette.co.uk/west-london-lifestyle/west-london-shopping-directory
shopping/motors	http://www.uxbridgegazette.co.uk/west-london-lifestyle/west-london-shopping-directory
shopping/leisure	http://www.uxbridgegazette.co.uk/west-london-lifestyle/west-london-shopping-directory
shopping/homes	http://www.uxbridgegazette.co.uk/west-london-lifestyle/west-london-shopping-directory
shopping/healthandbeauty	http://www.uxbridgegazette.co.uk/west-london-lifestyle/west-london-shopping-directory
shopping/education	http://www.uxbridgegazette.co.uk/west-london-lifestyle/west-london-shopping-directory
shopping/adult/adverts	http://www.uxbridgegazette.co.uk/west-london-lifestyle/west-london-shopping-directory
shopping/adult	http://www.uxbridgegazette.co.uk/west-london-lifestyle/west-london-shopping-directory
shopping	http://www.uxbridgegazette.co.uk/west-london-lifestyle/west-london-shopping-directory
salarychecker	http://www.uxbridgegazette.co.uk/uxbridge-classifieds/jobs-uxbridge
registration	http://www.uxbridgegazette.co.uk
recruitmentprofiles	http://www.uxbridgegazette.co.uk/uxbridge-classifieds/jobs-uxbridge
playgames	http://www.uxbridgegazette.co.uk
personalfinance/savings	http://www.uxbridgegazette.co.uk/uxbridge-classifieds/your-money
personalfinance/personalloans	http://www.uxbridgegazette.co.uk/uxbridge-classifieds/your-money
personalfinance/mortgages	http://www.uxbridgegazette.co.uk/uxbridge-classifieds/your-money
personalfinance/creditcards	http://www.uxbridgegazette.co.uk/uxbridge-classifieds/your-money
personalfinance	http://www.uxbridgegazette.co.uk/uxbridge-classifieds/your-money
options	http://www.uxbridgegazette.co.uk
news	http://www.uxbridgegazette.co.uk/west-london-new
nationalsport	http://www.uxbridgegazette.co.uk/west-london-new
motorsuxbridge	http://www.uxbridgegazette.co.uk/uxbridge-classifieds/motors-uxbridge
motors	http://www.uxbridgegazette.co.uk/uxbridge-classifieds/motors-uxbridge
lifestyle/videogames	http://www.uxbridgegazette.co.uk/west-london-lifestyle
lifestyle/travel	http://www.uxbridgegazette.co.uk/west-london-lifestyle
lifestyle/interiors	http://www.uxbridgegazette.co.uk/west-london-lifestyle
lifestyle/healthandbeauty	http://www.uxbridgegazette.co.uk/west-london-lifestyle
lifestyle/gardening	http://www.uxbridgegazette.co.uk/west-london-lifestyle
lifestyle/features	http://www.uxbridgegazette.co.uk/west-london-lifestyle
lifestyle/celebrities	http://www.uxbridgegazette.co.uk/west-london-lifestyle
lifestyle/bookreviews	http://www.uxbridgegazette.co.uk/west-london-lifestyle
lifestyle	http://www.uxbridgegazette.co.uk/west-london-lifestyle
jobs/smallads	http://www.uxbridgegazette.co.uk/uxbridge-classifieds/jobs-uxbridge
jobs/salarychecker	http://www.uxbridgegazette.co.uk/uxbridge-classifieds/jobs-uxbridge
jobs/jobresources	http://www.uxbridgegazette.co.uk/uxbridge-classifieds/jobs-uxbridge
jobs/hotjobs	http://www.uxbridgegazette.co.uk/uxbridge-classifieds/jobs-uxbridge
jobs/findajob	http://www.uxbridgegazette.co.uk/uxbridge-classifieds/jobs-uxbridge
jobs/cvshop	http://www.uxbridgegazette.co.uk/uxbridge-classifieds/jobs-uxbridge
jobs	http://www.uxbridgegazette.co.uk/uxbridge-classifieds/jobs-uxbridge
jobresources	http://www.uxbridgegazette.co.uk/uxbridge-classifieds/jobs-uxbridge
icmotors/smallads	http://www.uxbridgegazette.co.uk/uxbridge-classifieds/motors-uxbridge
icmotors/reviews	http://www.uxbridgegazette.co.uk/uxbridge-classifieds/motors-uxbridge
icmotors/motoringnews	http://www.uxbridgegazette.co.uk/uxbridge-classifieds/motors-uxbridge
icmotors/fish4vanstrucks	http://www.uxbridgegazette.co.uk/uxbridge-classifieds/motors-uxbridge
icmotors/fish4cars	http://www.uxbridgegazette.co.uk/uxbridge-classifieds/motors-uxbridge
icmotors/fish4caravans	http://www.uxbridgegazette.co.uk/uxbridge-classifieds/motors-uxbridge
icmotors/fish4boats	http://www.uxbridgegazette.co.uk/uxbridge-classifieds/motors-uxbridge
icmotors/fish4bikes	http://www.uxbridgegazette.co.uk/uxbridge-classifieds/motors-uxbridge
icmotors	http://www.uxbridgegazette.co.uk/uxbridge-classifieds/motors-uxbridge
icmobile/weight	http://www.uxbridgegazette.co.uk
icmobile/weather	http://www.uxbridgegazette.co.uk
icmobile/spin	http://www.uxbridgegazette.co.uk
icmobile/spacename	http://www.uxbridgegazette.co.uk
icmobile/pictures	http://www.uxbridgegazette.co.uk
icmobile/lovecalc	http://www.uxbridgegazette.co.uk
icmobile/logos	http://www.uxbridgegazette.co.uk
icmobile/jokes	http://www.uxbridgegazette.co.uk
icmobile/help	http://www.uxbridgegazette.co.uk
icmobile/globaltip	http://www.uxbridgegazette.co.uk
icmobile/fancyu	http://www.uxbridgegazette.co.uk
icmobile/convert	http://www.uxbridgegazette.co.uk
icmobile	http://www.uxbridgegazette.co.uk
ichomes/smallads	http://www.uxbridgegazette.co.uk/uxbridge-classifieds/homes-uxbridge
ichomes/retirementhomes	http://www.uxbridgegazette.co.uk/uxbridge-classifieds/homes-uxbridge
ichomes/overseashomes	http://www.uxbridgegazette.co.uk/uxbridge-classifieds/homes-uxbridge
ichomes/newhomes	http://www.uxbridgegazette.co.uk/uxbridge-classifieds/homes-uxbridge
ichomes/fish4homesrental	http://www.uxbridgegazette.co.uk/uxbridge-classifieds/homes-uxbridge
ichomes/fish4homes	http://www.uxbridgegazette.co.uk/uxbridge-classifieds/homes-uxbridge
ichomes/financeadvice	http://www.uxbridgegazette.co.uk/uxbridge-classifieds/homes-uxbridge
ichomes/features	http://www.uxbridgegazette.co.uk/uxbridge-classifieds/homes-uxbridge
ichomes/buyingandselling	http://www.uxbridgegazette.co.uk/uxbridge-classifieds/homes-uxbridge
ichomes	http://www.uxbridgegazette.co.uk/uxbridge-classifieds/homes-uxbridge
howtoadvertise	http://www.uxbridgegazette.co.uk/sitemap/contact-us-uxbridge-gazette
horoscopes/virgo	http://www.uxbridgegazette.co.uk/west-london-lifestyle/horoscopes/virgo-horoscope
horoscopes/taurus	http://www.uxbridgegazette.co.uk/west-london-lifestyle/horoscopes/taurus-horoscope
horoscopes/scorpio	http://www.uxbridgegazette.co.uk/west-london-lifestyle/horoscopes/scorpio-horoscope
horoscopes/sagittarius	http://www.uxbridgegazette.co.uk/west-london-lifestyle/horoscopes/sagittarius-horoscope
horoscopes/pisces	http://www.uxbridgegazette.co.uk/west-london-lifestyle/horoscopes/pisces-horoscope
horoscopes/libra	http://www.uxbridgegazette.co.uk/west-london-lifestyle/horoscopes/libra-horoscope
horoscopes/leo	http://www.uxbridgegazette.co.uk/west-london-lifestyle/horoscopes/leo-horoscope
horoscopes/gemini	http://www.uxbridgegazette.co.uk/west-london-lifestyle/horoscopes/gemini-horoscope
horoscopes/capricorn	http://www.uxbridgegazette.co.uk/west-london-lifestyle/horoscopes/capricorn-horoscope
horoscopes/cancer	http://www.uxbridgegazette.co.uk/west-london-lifestyle/horoscopes/cancer-horoscope
horoscopes/aries	http://www.uxbridgegazette.co.uk/west-london-lifestyle/horoscopes/aries-horoscope
horoscopes/aquarius	http://www.uxbridgegazette.co.uk/west-london-lifestyle/horoscopes/aquarius-horoscope
horoscopes	http://www.uxbridgegazette.co.uk/west-london-lifestyle/horoscope
homesuxbridge	http://www.uxbridgegazette.co.uk/uxbridge-classifieds/homes-uxbridge
homes	http://www.uxbridgegazette.co.uk/uxbridge-classifieds/homes-uxbridge
forums	http://www.uxbridgegazette.co.uk/west-london-forum
findajob	http://www.uxbridgegazette.co.uk/uxbridge-classifieds/jobs-uxbridge
familynotices	http://www.uxbridgegazette.co.uk
exclusivelyyours/shoppingandfashion	http://www.uxbridgegazette.co.uk
exclusivelyyours/outandabout	http://www.uxbridgegazette.co.uk
exclusivelyyours/healthandbeauty	http://www.uxbridgegazette.co.uk
exclusivelyyours/features	http://www.uxbridgegazette.co.uk
exclusivelyyours/advertising/wineanddine	http://www.uxbridgegazette.co.uk
exclusivelyyours/advertising/travel	http://www.uxbridgegazette.co.uk
exclusivelyyours/advertising/services	http://www.uxbridgegazette.co.uk
exclusivelyyours/advertising/retail	http://www.uxbridgegazette.co.uk
exclusivelyyours/advertising/property	http://www.uxbridgegazette.co.uk
exclusivelyyours/advertising/motoring	http://www.uxbridgegazette.co.uk
exclusivelyyours/advertising/homesandgardens	http://www.uxbridgegazette.co.uk
exclusivelyyours/advertising/healthandbeauty	http://www.uxbridgegazette.co.uk
exclusivelyyours/advertising/entertainment	http://www.uxbridgegazette.co.uk
exclusivelyyours/advertising/adultservices/adverts	http://www.uxbridgegazette.co.uk
exclusivelyyours/advertising/adultservices	http://www.uxbridgegazette.co.uk
exclusivelyyours/advertising	http://www.uxbridgegazette.co.uk
exclusivelyyours	http://www.uxbridgegazette.co.uk
equestrianguide/training	http://www.uxbridgegazette.co.uk
equestrianguide/showjumping	http://www.uxbridgegazette.co.uk
equestrianguide/showing	http://www.uxbridgegazette.co.uk
equestrianguide/shopping/vets	http://www.uxbridgegazette.co.uk
equestrianguide/shopping/transport	http://www.uxbridgegazette.co.uk
equestrianguide/shopping/tack	http://www.uxbridgegazette.co.uk
equestrianguide/shopping/propertyservices	http://www.uxbridgegazette.co.uk
equestrianguide/shopping/miscellaneous	http://www.uxbridgegazette.co.uk
equestrianguide/shopping/instruction	http://www.uxbridgegazette.co.uk
equestrianguide/shopping/entertainment	http://www.uxbridgegazette.co.uk
equestrianguide/shopping/clubs	http://www.uxbridgegazette.co.uk
equestrianguide/shopping/clothing	http://www.uxbridgegazette.co.uk
equestrianguide/shopping/4x4	http://www.uxbridgegazette.co.uk
equestrianguide/shopping	http://www.uxbridgegazette.co.uk
equestrianguide/riding	http://www.uxbridgegazette.co.uk
equestrianguide/pointtopoint	http://www.uxbridgegazette.co.uk
equestrianguide/news	http://www.uxbridgegazette.co.uk
equestrianguide/miscellaneous	http://www.uxbridgegazette.co.uk
equestrianguide/links/hunting	http://www.uxbridgegazette.co.uk
equestrianguide/links/contacts	http://www.uxbridgegazette.co.uk
equestrianguide/links/breeds	http://www.uxbridgegazette.co.uk
equestrianguide/links	http://www.uxbridgegazette.co.uk
equestrianguide/haveyoursay	http://www.uxbridgegazette.co.uk
equestrianguide/eventing	http://www.uxbridgegazette.co.uk
equestrianguide/dressage	http://www.uxbridgegazette.co.uk
equestrianguide/crosscountry	http://www.uxbridgegazette.co.uk
equestrianguide	http://www.uxbridgegazette.co.uk
discussion	http://www.uxbridgegazette.co.uk/west-london-forum
cvshop	http://www.uxbridgegazette.co.uk/uxbridge-classifieds/jobs-uxbridge
cview	http://www.uxbridgegazette.co.uk/uxbridge-classifieds/jobs-uxbridge
contactus	http://www.uxbridgegazette.co.uk/sitemap/contact-us-uxbridge-gazette
competitions/thanks	http://www.uxbridgegazette.co.uk/west-london-lifestyle/competition
competitions	http://www.uxbridgegazette.co.uk/west-london-lifestyle/competition
communities	http://www.uxbridgegazette.co.uk/west-london-communitie
classifieds/property	http://www.uxbridgegazette.co.uk/uxbridge-classifieds/sales-service
classifieds/personalservices	http://www.uxbridgegazette.co.uk/uxbridge-classifieds/sales-service
classifieds/motors	http://www.uxbridgegazette.co.uk/uxbridge-classifieds/sales-service
classifieds/jobs	http://www.uxbridgegazette.co.uk/uxbridge-classifieds/sales-service
classifieds/holidays	http://www.uxbridgegazette.co.uk/uxbridge-classifieds/sales-service
classifieds/familynotices	http://www.uxbridgegazette.co.uk/uxbridge-classifieds/sales-service
classifieds/exclude	http://www.uxbridgegazette.co.uk/uxbridge-classifieds/sales-service
classifieds	http://www.uxbridgegazette.co.uk/uxbridge-classifieds/sales-service
classifieddirectory/services	http://www.uxbridgegazette.co.uk/uxbridge-classifieds/local-directory-west-london
classifieddirectory/retail	http://www.uxbridgegazette.co.uk/uxbridge-classifieds/local-directory-west-london
classifieddirectory/recruitment	http://www.uxbridgegazette.co.uk/uxbridge-classifieds/local-directory-west-london
classifieddirectory/property	http://www.uxbridgegazette.co.uk/uxbridge-classifieds/local-directory-west-london
classifieddirectory/motoring	http://www.uxbridgegazette.co.uk/uxbridge-classifieds/local-directory-west-london
classifieddirectory/leisure	http://www.uxbridgegazette.co.uk/uxbridge-classifieds/local-directory-west-london
classifieddirectory/homes	http://www.uxbridgegazette.co.uk/uxbridge-classifieds/local-directory-west-london
classifieddirectory/holidays	http://www.uxbridgegazette.co.uk/uxbridge-classifieds/local-directory-west-london
classifieddirectory/health	http://www.uxbridgegazette.co.uk/uxbridge-classifieds/local-directory-west-london
classifieddirectory/entertainment	http://www.uxbridgegazette.co.uk/uxbridge-classifieds/local-directory-west-london
classifieddirectory/education	http://www.uxbridgegazette.co.uk/uxbridge-classifieds/local-directory-west-london
classifieddirectory/business	http://www.uxbridgegazette.co.uk/uxbridge-classifieds/local-directory-west-london
classifieddirectory	http://www.uxbridgegazette.co.uk/uxbridge-classifieds/local-directory-west-london
chat	http://www.uxbridgegazette.co.uk/west-london-lifestyle/horoscope
bingo	http://www.uxbridgegazette.co.uk/west-london-lifestyle/online-bingo
bdsearch	http://www.uxbridgegazette.co.uk/uxbridge-classifieds/london-uk-business-search
advancedsearch	http://www.uxbridgegazette.co.uk
aboutus/thepapers	http://www.uxbridgegazette.co.uk/sitemap/history-paper
aboutus/thanks	http://www.uxbridgegazette.co.uk/sitemap/contact-us-uxbridge-gazette
aboutus/marketing	http://www.uxbridgegazette.co.uk/sitemap/contact-us-uxbridge-gazette
aboutus/leaflets	http://www.uxbridgegazette.co.uk/sitemap/contact-us-uxbridge-gazette
aboutus/icnetwork	http://www.uxbridgegazette.co.uk/sitemap/contact-us-uxbridge-gazette
aboutus	http://www.uxbridgegazette.co.uk/sitemap/history-paper
abouthearea	http://www.uxbridgegazette.co.uk/west-london-news/uxbridge-history