yourwales/yourpictures	http://icwales.icnetwork.co.uk/news
yourwales/weirdwales	http://icwales.icnetwork.co.uk
yourwales/tourism	http://icwales.icnetwork.co.uk
yourwales/stdavids/message	http://icwales.icnetwork.co.uk/e-cards
yourwales/stdavids/ecards	http://icwales.icnetwork.co.uk/e-cards
yourwales/stdavids	http://icwales.icnetwork.co.uk/e-cards
yourwales/rememberthis	http://icwales.icnetwork.co.uk
yourwales/history	http://icwales.icnetwork.co.uk
yourwales/facts	http://icwales.icnetwork.co.uk
yourwales/ecards	http://icwales.icnetwork.co.uk/e-cards
yourwales/culture	http://icwales.icnetwork.co.uk
yourwales/competitions	http://icwales.icnetwork.co.uk
yourwales/christmasshortstory	http://icwales.icnetwork.co.uk/news
yourwales	http://icwales.icnetwork.co.uk
yournewspapers/westernmail	http://icwales.icnetwork.co.uk/contact-us
yournewspapers/weeklynewspapers	http://icwales.icnetwork.co.uk/contact-us
yournewspapers/walesonsunday	http://icwales.icnetwork.co.uk/contact-us
yournewspapers/southwalesecho	http://icwales.icnetwork.co.uk/contact-us
yournewspapers/magazines	http://icwales.icnetwork.co.uk/contact-us
yournewspapers	http://icwales.icnetwork.co.uk/contact-us
yourmoney	http://icwales.icnetwork.co.uk/buy-and-sell/your-money
wos/wossport	http://icwales.icnetwork.co.uk
wos/wosnews	http://icwales.icnetwork.co.uk
wos/wosfeatures	http://icwales.icnetwork.co.uk
wos/wosagency	http://icwales.icnetwork.co.uk
wos	http://icwales.icnetwork.co.uk/news/wales-news
women/wmmagazine	http://www.pagesuite.co.uk/mediawales/Default.aspx?pubid=1010
women/whatshot	http://icwales.icnetwork.co.uk/news/feature-news/fashion-lifestyle
women/welshwomanawards	http://icwales.icnetwork.co.uk/news/feature-news/fashion-lifestyle
women/shoppingdoctor	http://icwales.icnetwork.co.uk/news/feature-news/fashion-lifestyle
women/ooops	http://icwales.icnetwork.co.uk/news/feature-news/fashion-lifestyle
women/newshoes	http://icwales.icnetwork.co.uk/news/feature-news/fashion-lifestyle
women/hidden	http://icwales.icnetwork.co.uk/news/feature-news/fashion-lifestyle
women/hairqa	http://icwales.icnetwork.co.uk/news/feature-news/fashion-lifestyle
women/gossip	http://icwales.icnetwork.co.uk/news/feature-news/fashion-lifestyle
women/beautyqa	http://icwales.icnetwork.co.uk/news/feature-news/fashion-lifestyle
women/080403health	http://icwales.icnetwork.co.uk/news/feature-news/fashion-lifestyle
women/080403fashion	http://icwales.icnetwork.co.uk/news/feature-news/fashion-lifestyle
women/020403features	http://icwales.icnetwork.co.uk/news/feature-news/fashion-lifestyle
women/020403columnists	http://icwales.icnetwork.co.uk/news/feature-news/fashion-lifestyle
women/020403blokebit	http://icwales.icnetwork.co.uk/news/feature-news/fashion-lifestyle
women/020403beautybits	http://icwales.icnetwork.co.uk/news/feature-news/fashion-lifestyle
women	http://icwales.icnetwork.co.uk/news/feature-news/fashion-lifestyle
wmail/wmailsport	http://icwales.icnetwork.co.uk/business-in-wales
wmail/wmailplugsetc	http://icwales.icnetwork.co.uk
wmail/wmailnews	http://icwales.icnetwork.co.uk/news
wmail/wmailfeatures	http://icwales.icnetwork.co.uk/news/feature-news
wmail/wmailbusiness	http://icwales.icnetwork.co.uk/business-in-wales
wmail/wmailagency	http://icwales.icnetwork.co.uk
wmail/piecemeal	http://icwales.icnetwork.co.uk
wmail/greats	http://icwales.icnetwork.co.uk
wmail/gn3/gn3breakingnews	http://icwales.icnetwork.co.uk
wmail/gn3	http://icwales.icnetwork.co.uk
wmail	http://icwales.icnetwork.co.uk/news/wales-news
wap/walesnews	http://icwales.icnetwork.co.uk/news/wales-news
wap/soccernationresults	http://icwales.icnetwork.co.uk/footballnation
wap/soccernation	http://icwales.icnetwork.co.uk/footballnation
wap/rugbynationresults	http://icwales.icnetwork.co.uk/rugbynation
wap/rugbynation	http://icwales.icnetwork.co.uk/rugbynation
wap/iraq	http://icwales.icnetwork.co.uk/news
wap/electionnews1	http://icwales.icnetwork.co.uk/news/politics-news
wap/citymarketreport	http://icwales.icnetwork.co.uk/business-in-wales/city-market
wap/businessnews	http://icwales.icnetwork.co.uk/business-in-wales/business-news
wap	http://icwales.icnetwork.co.uk
universityclearing	http://icwales.icnetwork.co.uk/news/education-news
trafficwatch	http://www.traffic-wales.com
southwalesecho/yourpictures/echopics	http://icwales.icnetwork.co.uk/videos-and-pics/mobile
southwalesecho/yourpictures/echopets	http://icwales.icnetwork.co.uk/videos-and-pics/mobile
southwalesecho/yourpictures/cfest	http://icwales.icnetwork.co.uk/videos-and-pics/mobile
southwalesecho/yourpictures	http://icwales.icnetwork.co.uk/videos-and-pics/mobile
southwalesecho/virtualtour	http://icwales.icnetwork.co.uk/news/cardiff-news
southwalesecho/sport	http://icwales.icnetwork.co.uk/sports
southwalesecho/news	http://icwales.icnetwork.co.uk/news/cardiff-news
southwalesecho/messageboard	http://icwales.icnetwork.co.uk/forums
southwalesecho/gren	http://icwales.icnetwork.co.uk/news/cardiff-news
southwalesecho/features	http://icwales.icnetwork.co.uk/news/cardiff-news
southwalesecho/comment	http://icwales.icnetwork.co.uk/news/cardiff-news
southwalesecho/cardiff2005	http://icwales.icnetwork.co.uk/news/cardiff-news
southwalesecho	http://icwales.icnetwork.co.uk/news/cardiff-news
shoppingwales/services/wedding	http://icwales.icnetwork.co.uk/buy-and-sell/shopping-in-wales/services-wales
shoppingwales/services/property	http://icwales.icnetwork.co.uk/buy-and-sell/shopping-in-wales/services-wales
shoppingwales/services/personal	http://icwales.icnetwork.co.uk/buy-and-sell/shopping-in-wales/services-wales
shoppingwales/services/others	http://icwales.icnetwork.co.uk/buy-and-sell/shopping-in-wales/services-wales
shoppingwales/services/legal	http://icwales.icnetwork.co.uk/buy-and-sell/shopping-in-wales/services-wales
shoppingwales/services	http://icwales.icnetwork.co.uk/buy-and-sell/shopping-in-wales/services-wales
shoppingwales/retail/stores	http://icwales.icnetwork.co.uk/buy-and-sell/shopping-in-wales/retail-homes-wales
shoppingwales/retail/others	http://icwales.icnetwork.co.uk/buy-and-sell/shopping-in-wales/retail-homes-wales
shoppingwales/retail/furniture	http://icwales.icnetwork.co.uk/buy-and-sell/shopping-in-wales/retail-homes-wales
shoppingwales/retail/food	http://icwales.icnetwork.co.uk/buy-and-sell/shopping-in-wales/retail-homes-wales
shoppingwales/retail/electrical	http://icwales.icnetwork.co.uk/buy-and-sell/shopping-in-wales/retail-homes-wales
shoppingwales/retail/computing	http://icwales.icnetwork.co.uk/buy-and-sell/shopping-in-wales/retail-homes-wales
shoppingwales/retail/clothing	http://icwales.icnetwork.co.uk/buy-and-sell/shopping-in-wales/retail-homes-wales
shoppingwales/retail	http://icwales.icnetwork.co.uk/buy-and-sell/shopping-in-wales/retail-homes-wales
shoppingwales/publicnotices	http://icwales.icnetwork.co.uk
shoppingwales/notices	http://icwales.icnetwork.co.uk/buy-and-sell/adswales
shoppingwales/motoring/usedcars	http://icwales.icnetwork.co.uk/buy-and-sell/shopping-in-wales/cars-motoring
shoppingwales/motoring/services	http://icwales.icnetwork.co.uk/buy-and-sell/shopping-in-wales/cars-motoring
shoppingwales/motoring/rental	http://icwales.icnetwork.co.uk/buy-and-sell/shopping-in-wales/cars-motoring
shoppingwales/motoring/others	http://icwales.icnetwork.co.uk/buy-and-sell/shopping-in-wales/cars-motoring
shoppingwales/motoring/newcars	http://icwales.icnetwork.co.uk/buy-and-sell/shopping-in-wales/cars-motoring
shoppingwales/motoring/insurance	http://icwales.icnetwork.co.uk/buy-and-sell/shopping-in-wales/cars-motoring
shoppingwales/motoring	http://icwales.icnetwork.co.uk/buy-and-sell/shopping-in-wales/cars-motoring
shoppingwales/leisure/sport	http://icwales.icnetwork.co.uk/buy-and-sell/shopping-in-wales/ents-leisure-travel
shoppingwales/leisure/others	http://icwales.icnetwork.co.uk/buy-and-sell/shopping-in-wales/ents-leisure-travel
shoppingwales/leisure/fitness	http://icwales.icnetwork.co.uk/buy-and-sell/shopping-in-wales/ents-leisure-travel
shoppingwales/leisure/beauty	http://icwales.icnetwork.co.uk/buy-and-sell/shopping-in-wales/ents-leisure-travel
shoppingwales/leisure	http://icwales.icnetwork.co.uk/buy-and-sell/shopping-in-wales/ents-leisure-travel
shoppingwales/homes/windowsdoors	http://icwales.icnetwork.co.uk/buy-and-sell/shopping-in-wales/retail-homes-wales
shoppingwales/homes/stores	http://icwales.icnetwork.co.uk/buy-and-sell/shopping-in-wales/retail-homes-wales
shoppingwales/homes/propertyservices	http://icwales.icnetwork.co.uk/buy-and-sell/shopping-in-wales/retail-homes-wales
shoppingwales/homes/others	http://icwales.icnetwork.co.uk/buy-and-sell/shopping-in-wales/retail-homes-wales
shoppingwales/homes/interiors	http://icwales.icnetwork.co.uk/buy-and-sell/shopping-in-wales/retail-homes-wales
shoppingwales/homes/heating	http://icwales.icnetwork.co.uk/buy-and-sell/shopping-in-wales/retail-homes-wales
shoppingwales/homes/gardens	http://icwales.icnetwork.co.uk/buy-and-sell/shopping-in-wales/retail-homes-wales
shoppingwales/homes/furniture	http://icwales.icnetwork.co.uk/buy-and-sell/shopping-in-wales/retail-homes-wales
shoppingwales/homes/food	http://icwales.icnetwork.co.uk/buy-and-sell/shopping-in-wales/retail-homes-wales
shoppingwales/homes/finance	http://icwales.icnetwork.co.uk/buy-and-sell/shopping-in-wales/retail-homes-wales
shoppingwales/homes/electrical	http://icwales.icnetwork.co.uk/buy-and-sell/shopping-in-wales/retail-homes-wales
shoppingwales/homes/conservatories	http://icwales.icnetwork.co.uk/buy-and-sell/shopping-in-wales/retail-homes-wales
shoppingwales/homes/computing	http://icwales.icnetwork.co.uk/buy-and-sell/shopping-in-wales/retail-homes-wales
shoppingwales/homes/clothing	http://icwales.icnetwork.co.uk/buy-and-sell/shopping-in-wales/retail-homes-wales
shoppingwales/homes/building	http://icwales.icnetwork.co.uk/buy-and-sell/shopping-in-wales/retail-homes-wales
shoppingwales/homes/antiques	http://icwales.icnetwork.co.uk/buy-and-sell/shopping-in-wales/retail-homes-wales
shoppingwales/homes	http://icwales.icnetwork.co.uk/buy-and-sell/shopping-in-wales/retail-homes-wales
shoppingwales/holidayandtravel/ukholidays	http://icwales.icnetwork.co.uk/buy-and-sell/shopping-in-wales/ents-leisure-travel
shoppingwales/holidayandtravel/travelagents	http://icwales.icnetwork.co.uk/buy-and-sell/shopping-in-wales/ents-leisure-travel
shoppingwales/holidayandtravel/others	http://icwales.icnetwork.co.uk/buy-and-sell/shopping-in-wales/ents-leisure-travel
shoppingwales/holidayandtravel/flights	http://icwales.icnetwork.co.uk/buy-and-sell/shopping-in-wales/ents-leisure-travel
shoppingwales/holidayandtravel	http://icwales.icnetwork.co.uk/buy-and-sell/shopping-in-wales/ents-leisure-travel
shoppingwales/entertainment/ukholidays	http://icwales.icnetwork.co.uk/buy-and-sell/shopping-in-wales/ents-leisure-travel
shoppingwales/entertainment/travelagents	http://icwales.icnetwork.co.uk/buy-and-sell/shopping-in-wales/ents-leisure-travel
shoppingwales/entertainment/sport	http://icwales.icnetwork.co.uk/buy-and-sell/shopping-in-wales/ents-leisure-travel
shoppingwales/entertainment/shows	http://icwales.icnetwork.co.uk/buy-and-sell/shopping-in-wales/ents-leisure-travel
shoppingwales/entertainment/retail	http://icwales.icnetwork.co.uk/buy-and-sell/shopping-in-wales/ents-leisure-travel
shoppingwales/entertainment/overseas	http://icwales.icnetwork.co.uk/buy-and-sell/shopping-in-wales/ents-leisure-travel
shoppingwales/entertainment/others	http://icwales.icnetwork.co.uk/buy-and-sell/shopping-in-wales/ents-leisure-travel
shoppingwales/entertainment/homeent	http://icwales.icnetwork.co.uk/buy-and-sell/shopping-in-wales/ents-leisure-travel
shoppingwales/entertainment/flights	http://icwales.icnetwork.co.uk/buy-and-sell/shopping-in-wales/ents-leisure-travel
shoppingwales/entertainment/fitness	http://icwales.icnetwork.co.uk/buy-and-sell/shopping-in-wales/ents-leisure-travel
shoppingwales/entertainment/dining	http://icwales.icnetwork.co.uk/buy-and-sell/shopping-in-wales/ents-leisure-travel
shoppingwales/entertainment/cinemas	http://icwales.icnetwork.co.uk/buy-and-sell/shopping-in-wales/ents-leisure-travel
shoppingwales/entertainment/beauty	http://icwales.icnetwork.co.uk/buy-and-sell/shopping-in-wales/ents-leisure-travel
shoppingwales/entertainment	http://icwales.icnetwork.co.uk/buy-and-sell/shopping-in-wales/ents-leisure-travel
shoppingwales/educationandtraining/vocational	http://icwales.icnetwork.co.uk/buy-and-sell/shopping-in-wales/business-education-wales
shoppingwales/educationandtraining/schoolscolleges	http://icwales.icnetwork.co.uk/buy-and-sell/shopping-in-wales/business-education-wales
shoppingwales/educationandtraining/others	http://icwales.icnetwork.co.uk/buy-and-sell/shopping-in-wales/business-education-wales
shoppingwales/educationandtraining/it	http://icwales.icnetwork.co.uk/buy-and-sell/shopping-in-wales/business-education-wales
shoppingwales/educationandtraining/higher	http://icwales.icnetwork.co.uk/buy-and-sell/shopping-in-wales/business-education-wales
shoppingwales/educationandtraining	http://icwales.icnetwork.co.uk/buy-and-sell/shopping-in-wales/business-education-wales
shoppingwales/countryandfarming/vacancies	http://icwales.icnetwork.co.uk/buy-and-sell/shopping-in-wales/country-farming-wales
shoppingwales/countryandfarming/machinery	http://icwales.icnetwork.co.uk/buy-and-sell/shopping-in-wales/country-farming-wales
shoppingwales/countryandfarming/livestock	http://icwales.icnetwork.co.uk/buy-and-sell/shopping-in-wales/country-farming-wales
shoppingwales/countryandfarming/general	http://icwales.icnetwork.co.uk/buy-and-sell/shopping-in-wales/country-farming-wales
shoppingwales/countryandfarming/auctions	http://icwales.icnetwork.co.uk/buy-and-sell/shopping-in-wales/country-farming-wales
shoppingwales/countryandfarming/agriculturalshows	http://icwales.icnetwork.co.uk/buy-and-sell/shopping-in-wales/country-farming-wales
shoppingwales/countryandfarming	http://icwales.icnetwork.co.uk/buy-and-sell/shopping-in-wales/country-farming-wales
shoppingwales/business/vocational	http://icwales.icnetwork.co.uk/buy-and-sell/shopping-in-wales/business-education-wales
shoppingwales/business/schoolscolleges	http://icwales.icnetwork.co.uk/buy-and-sell/shopping-in-wales/business-education-wales
shoppingwales/business/others	http://icwales.icnetwork.co.uk/buy-and-sell/shopping-in-wales/business-education-wales
shoppingwales/business/opportunities	http://icwales.icnetwork.co.uk/buy-and-sell/shopping-in-wales/business-education-wales
shoppingwales/business/it	http://icwales.icnetwork.co.uk/buy-and-sell/shopping-in-wales/business-education-wales
shoppingwales/business/higher	http://icwales.icnetwork.co.uk/buy-and-sell/shopping-in-wales/business-education-wales
shoppingwales/business/financialservices	http://icwales.icnetwork.co.uk/buy-and-sell/shopping-in-wales/business-education-wales
shoppingwales/business/equipment	http://icwales.icnetwork.co.uk/buy-and-sell/shopping-in-wales/business-education-wales
shoppingwales/business/commercialproperty	http://icwales.icnetwork.co.uk/buy-and-sell/shopping-in-wales/business-education-wales
shoppingwales/business/buildingservices	http://icwales.icnetwork.co.uk/buy-and-sell/shopping-in-wales/business-education-wales
shoppingwales/business	http://icwales.icnetwork.co.uk/buy-and-sell/shopping-in-wales/business-education-wales
shoppingwales	http://icwales.icnetwork.co.uk/buy-and-sell/shopping-in-wales
schoolties/reunions	http://icwales.icnetwork.co.uk/news/cardiff-news
schoolties/registration	http://icwales.icnetwork.co.uk/news/education-news
schoolties	http://icwales.icnetwork.co.uk/news/education-news
rss	http://icwales.icnetwork.co.uk/sitemap
playgames	http://icwales.icnetwork.co.uk
photosales	http://3400.e-printphoto.co.uk/icwales
news/special-features/2011/07/18/nominate-someone-to-be-an-olympic-torchbearer-in-the-london-2010-olympic-91466-29073383/	http://www.walesonline.co.uk/news/special-features/olympic-torch-relay/2011/07/12/nominate-someone-for-a-chance-to-be-a-torchbearer-in-the-london-2012-olympic-torch-relay-97319-29085827
motors/columnists	http://icwales.icnetwork.co.uk/motors/roadtests
motors/advice	http://icwales.icnetwork.co.uk/motors
motors/0900motormania	http://icwales.icnetwork.co.uk/motors
motors/0800sellyourmotor	http://wales.bookanad.com
motors/0700fish4vanstrucks	http://icwales.icnetwork.co.uk/motors
motors/0600fish4caravans	http://icwales.icnetwork.co.uk/motors
motors/0500fish4boats	http://icwales.icnetwork.co.uk/motors
motors/0400fish4bikes	http://icwales.icnetwork.co.uk/motors
motors/0300fish4cars	http://icwales.icnetwork.co.uk/motors
motors/0200roadtests	http://icwales.icnetwork.co.uk/motors/roadtests
motors/0100news	http://icwales.icnetwork.co.uk/motors/news
mediapack	http://icwales.icnetwork.co.uk/contact-us/2007/10/03/media-wales-marketing-91466-19891015
leaning	http://icwales.icnetwork.co.uk/news/education-news
horoscopes/virgo	http://icwales.icnetwork.co.uk/news/feature-news/horoscopes/virgo-horoscope
horoscopes/taurus	http://icwales.icnetwork.co.uk/news/feature-news/horoscopes/taurus-horoscope
horoscopes/scorpio	http://icwales.icnetwork.co.uk/news/feature-news/horoscopes/scorpio-horoscope
horoscopes/sagittarius	http://icwales.icnetwork.co.uk/news/feature-news/horoscopes/saggitarius-horoscope
horoscopes/pisces	http://icwales.icnetwork.co.uk/news/feature-news/horoscopes/pisces-horoscope
horoscopes/libra	http://icwales.icnetwork.co.uk/news/feature-news/horoscopes/libra-horoscope
horoscopes/leo	http://icwales.icnetwork.co.uk/news/feature-news/horoscopes/leo-horoscope
horoscopes/gemini	http://icwales.icnetwork.co.uk/news/feature-news/horoscopes/gemini-horoscope
horoscopes/capricorn	http://icwales.icnetwork.co.uk/news/feature-news/horoscopes/capricorn-horoscope
horoscopes/cancer	http://icwales.icnetwork.co.uk/news/feature-news/horoscopes/cancer-horoscope
horoscopes/aries	http://icwales.icnetwork.co.uk/news/feature-news/horoscopes/aries-horoscope
horoscopes/aquarius	http://icwales.icnetwork.co.uk/news/feature-news/horoscopes/aquarius-horoscope
horoscopes	http://icwales.icnetwork.co.uk/news/feature-news/horoscopes
homes/test	http://icwales.icnetwork.co.uk/homes
homes/swanseaandwestwales	http://icwales.icnetwork.co.uk/homes/swanseaandwestwales
homes/southwales	http://icwales.icnetwork.co.uk/homes/southwales
homes/retirementhomes	http://icwales.icnetwork.co.uk/homes
homes/propertytolet	http://icwales.icnetwork.co.uk/homes
homes/overseashomes	http://icwales.icnetwork.co.uk/homes
homes/northwales/agents	http://icnorthwales.icnetwork.co.uk/homes/agents
homes/northwales	http://icnorthwales.icnetwork.co.uk/homes
homes/newportandeastwales	http://icwales.icnetwork.co.uk/homes/newportandeastwales
homes/newhomes2	http://icwales.icnetwork.co.uk/homes
homes/homestyle	http://icwales.icnetwork.co.uk/news/feature-news
homes/gardens	http://icwales.icnetwork.co.uk/news/feature-news
homes/columnists	http://icwales.icnetwork.co.uk/homes
homes/antiques	http://icwales.icnetwork.co.uk/news/feature-news
homes/agents	http://icwales.icnetwork.co.uk/homes/agents
homes/0500whoshome	http://icwales.icnetwork.co.uk/homes
homes/0450diy	http://icwales.icnetwork.co.uk/news/feature-news
homes/0400rentyourhome	http://icwales.icnetwork.co.uk/homes
homes/0320findanestageagent	http://icwales.icnetwork.co.uk/homes
homes/0310morgages	http://icwales.icnetwork.co.uk/homes
homes/0300fish4homes	http://icwales.icnetwork.co.uk/homes
homes/0150newhomes	http://icwales.icnetwork.co.uk/homes
homes/0100newsandfeatures	http://icwales.icnetwork.co.uk/homes
gren	http://icwales.icnetwork.co.uk/news/cardiff-news
forums/wales	http://forums.icwales.co.uk/index.php?c=13
forums/troops	http://icwales.icnetwork.co.uk/forums
forums/sports	http://forums.icwales.co.uk/index.php?c=12
forums/soccer/bluebirds	http://icwales.icnetwork.co.uk/forums
forums/soccer	http://forums.icwales.co.uk/index.php?c=11
forums/rugby	http://forums.icwales.co.uk/index.php?c=9
forums/news	http://forums.icwales.co.uk/index.php?c=8
forums/cliffmorgan	http://icwales.icnetwork.co.uk/forums
forums/cityforum	http://forums.icwales.co.uk/viewforum.php?f=13
forbusinesses	http://icwales.icnetwork.co.uk/news/education-news
farming/farming	http://icwales.icnetwork.co.uk/countryside-farming-news/farming-news
farming/countryside	http://icwales.icnetwork.co.uk/countryside-farming-news/countryside-news
farming/countrypursuits	http://icwales.icnetwork.co.uk/countryside-farming-news/country-pursuits
farming/columnists	http://icwales.icnetwork.co.uk/countryside-farming-news/country-farming-columnists
farming/angling	http://icwales.icnetwork.co.uk/sports/angling-news
farming	http://icwales.icnetwork.co.uk/countryside-farming-news/farming-news
FantasyFootball http://fantasyfootball.walesonline.co.uk
fantasyfootball http://fantasyfootball.walesonline.co.uk
familynotices	http://icwales.icnetwork.co.uk/buy-and-sell/adswales
email/sport	http://icwales.icnetwork.co.uk/e-newsletters/sport
email/snookernews	http://icwales.icnetwork.co.uk//e-newsletters
email/rugby	http://icwales.icnetwork.co.uk/e-newsletters/rugby
email/newspm	http://icwales.icnetwork.co.uk/e-newsletters/newspm
email/newsam	http://icwales.icnetwork.co.uk/e-newsletters/newsam
email/football	http://icwales.icnetwork.co.uk/e-newsletters/football
email/ecircletest	http://icwales.icnetwork.co.uk/e-newsletters/ecircletest
email/business	http://icwales.icnetwork.co.uk/e-newsletters/business
email	http://icwales.icnetwork.co.uk//e-newsletters
echo/echosport	http://icwales.icnetwork.co.uk/news/cardiff-news
echo/echosoccer	http://icwales.icnetwork.co.uk/news/cardiff-news
echo/echorugby	http://icwales.icnetwork.co.uk/news/cardiff-news
echo/echonews/testnews	http://icwales.icnetwork.co.uk/news/cardiff-news
echo/echonews	http://icwales.icnetwork.co.uk/news/cardiff-news
echo/echofeatures	http://icwales.icnetwork.co.uk/news/cardiff-news
echo/echobusiness	http://icwales.icnetwork.co.uk/news/cardiff-news
echo/echoagency	http://icwales.icnetwork.co.uk/news/cardiff-news
echo	http://icwales.icnetwork.co.uk/news/cardiff-news
ecards/stvalentines	http://icwales.icnetwork.co.uk/e-cards
ecards/stdwynwens	http://icwales.icnetwork.co.uk/e-cards
ecards/stdavids	http://icwales.icnetwork.co.uk/e-cards
ecards/soccernation	http://icwales.icnetwork.co.uk/e-cards
ecards/rugbynation	http://icwales.icnetwork.co.uk/e-cards
ecards/pickup	http://icwales.icnetwork.co.uk/e-cards
ecards/nativity	http://icwales.icnetwork.co.uk/e-cards
ecards/mothersday	http://icwales.icnetwork.co.uk/e-cards
ecards/fathersday	http://icwales.icnetwork.co.uk/e-cards
ecards/easter	http://icwales.icnetwork.co.uk/e-cards
ecards/cricket	http://icwales.icnetwork.co.uk/e-cards
ecards/christmas	http://icwales.icnetwork.co.uk/e-cards
ecards/boxing	http://icwales.icnetwork.co.uk/e-cards
ecards	http://icwales.icnetwork.co.uk/e-cards
design	http://icwales.icnetwork.co.uk
dating http://dating.walesonline.co.uk 
cview	http://www.jobswales.co.uk/english/jobsearch/cvview
colleges	http://icwales.icnetwork.co.uk/news/education-news
celebs/news	http://icwales.icnetwork.co.uk/whats-on/whats-on-news
celebs	http://icwales.icnetwork.co.uk/whats-on/whats-on-news
capitalcity/virtualtour	http://icwales.icnetwork.co.uk/news/cardiff-news
capitalcity/stateofthenationiii	http://icwales.icnetwork.co.uk/news/cardiff-news
capitalcity/stateofthenation	http://icwales.icnetwork.co.uk/news/cardiff-news
capitalcity/nostalgia	http://icwales.icnetwork.co.uk/news/cardiff-news
capitalcity/nightowl	http://icwales.icnetwork.co.uk/news/cardiff-news
capitalcity/news	http://icwales.icnetwork.co.uk/news/cardiff-news
capitalcity/messageboard	http://icwales.icnetwork.co.uk/news/cardiff-news
capitalcity/festivals/cardifffestival	http://icwales.icnetwork.co.uk/news/cardiff-news
capitalcity/festivals	http://icwales.icnetwork.co.uk/news/cardiff-news
capitalcity/ecards	http://icwales.icnetwork.co.uk/news/cardiff-news
capitalcity/eatingout	http://icwales.icnetwork.co.uk/news/cardiff-news
capitalcity/cardiff2005	http://icwales.icnetwork.co.uk/news/cardiff-news
capitalcity/capcitycampaigns/community	http://icwales.icnetwork.co.uk/news/cardiff-news
capitalcity/capcitycampaigns	http://icwales.icnetwork.co.uk/news/cardiff-news
capitalcity/bidsin	http://icwales.icnetwork.co.uk/news/cardiff-news
capitalcity	http://icwales.icnetwork.co.uk/news/cardiff-news
bookanad	http://wales.bookanad.com
blogs/blogdotcom	http://icwales.icnetwork.co.uk/news/welsh-blogs
blogs	http://icwales.icnetwork.co.uk/news/welsh-blogs
bingo/bingonews	http://icwales.icnetwork.co.uk//bingo-in-wales
bingo	http://icwales.icnetwork.co.uk//bingo-in-wales
adswales/salesandwants	http://icwales.icnetwork.co.uk/buy-and-sell/adswales
adswales/recruitment	http://icwales.icnetwork.co.uk/buy-and-sell/adswales
adswales/publicnotices	http://icwales.icnetwork.co.uk/buy-and-sell/adswales
adswales/property	http://icwales.icnetwork.co.uk/buy-and-sell/adswales
adswales/personals	http://icwales.icnetwork.co.uk/buy-and-sell/adswales
adswales/notices	http://icwales.icnetwork.co.uk/buy-and-sell/adswales
adswales/motors	http://icwales.icnetwork.co.uk/buy-and-sell/adswales
adswales/localservices	http://icwales.icnetwork.co.uk/buy-and-sell/adswales
adswales/household	http://icwales.icnetwork.co.uk/buy-and-sell/adswales
adswales/holidays	http://icwales.icnetwork.co.uk/buy-and-sell/adswales
adswales/entertainment	http://icwales.icnetwork.co.uk/buy-and-sell/adswales
adswales/education	http://icwales.icnetwork.co.uk/buy-and-sell/adswales
adswales/businesstobusiness	http://icwales.icnetwork.co.uk/buy-and-sell/adswales
adswales/agriculture	http://icwales.icnetwork.co.uk/buy-and-sell/adswales
adswales	http://icwales.icnetwork.co.uk/buy-and-sell/adswales
2700contact/thanks	http://icwales.icnetwork.co.uk/contact-us
2700contact/sitemap	http://icwales.icnetwork.co.uk/site-map
2700contact/search	http://icwales.icnetwork.co.uk/contact-us
2700contact/marketing	http://icwales.icnetwork.co.uk/contact-us
2700contact/linktoicwales	http://icwales.icnetwork.co.uk/contact-us
2700contact/0800mediapack	http://icwales.icnetwork.co.uk/contact-us
2700contact/0600magazines/onewales	http://icwales.icnetwork.co.uk/contact-us
2700contact/0600magazines	http://icwales.icnetwork.co.uk/contact-us
2700contact/0500celticnewspapers	http://icwales.icnetwork.co.uk/contact-us
2700contact/0400wos/misswales	http://icwales.icnetwork.co.uk
2700contact/0400wos/insidewales	http://icwales.icnetwork.co.uk/contact-us
2700contact/0400wos	http://icwales.icnetwork.co.uk/contact-us
2700contact/0300southwalesecho/state2002	http://icwales.icnetwork.co.uk/news/cardiff-news
2700contact/0300southwalesecho/state	http://icwales.icnetwork.co.uk/news/cardiff-news
2700contact/0300southwalesecho	http://icwales.icnetwork.co.uk/contact-us
2700contact/0200westernmail/film	http://icwales.icnetwork.co.uk/contact-us
2700contact/0200westernmail	http://icwales.icnetwork.co.uk/contact-us
2700contact/0100icwales	http://icwales.icnetwork.co.uk/contact-us
2700contact	http://icwales.icnetwork.co.uk/contact-us
2600livechat	http://forums.icwales.co.uk
2550haveyoursay/test	http://icwales.icnetwork.co.uk/forums
2550haveyoursay	http://forums.icwales.co.uk
2400icmail/celtic	http://icwales.icnetwork.co.uk
2400icmail	http://icwales.icnetwork.co.uk
2000localinfo/westwales/visitorinformation	http://icwales.icnetwork.co.uk/news/south-wales-news
2000localinfo/westwales/news	http://icwales.icnetwork.co.uk/news/south-wales-news
2000localinfo/westwales	http://icwales.icnetwork.co.uk/news/wales-news
2000localinfo/southeastwales/visitorinformation	http://icwales.icnetwork.co.uk/news/south-wales-news
2000localinfo/southeastwales/news	http://icwales.icnetwork.co.uk/news/south-wales-news
2000localinfo/southeastwales	http://icwales.icnetwork.co.uk/news/south-wales-news
2000localinfo/rhymneyvalleyexpress/visitorinformation	http://icwales.icnetwork.co.uk/news/south-wales-news/rhymney-valley
2000localinfo/rhymneyvalleyexpress/sport	http://icwales.icnetwork.co.uk/sports/grassroots
2000localinfo/rhymneyvalleyexpress/news	http://icwales.icnetwork.co.uk/news/south-wales-news/rhymney-valley
2000localinfo/rhymneyvalleyexpress/letters	http://icwales.icnetwork.co.uk/news/south-wales-news/rhymney-valley
2000localinfo/rhymneyvalleyexpress/comment	http://icwales.icnetwork.co.uk/news/south-wales-news/rhymney-valley
2000localinfo/rhymneyvalleyexpress/columnist	http://icwales.icnetwork.co.uk/news/south-wales-news/rhymney-valley
2000localinfo/rhymneyvalleyexpress	http://icwales.icnetwork.co.uk/news/south-wales-news/rhymney-valley
2000localinfo/rhonddaleader/visitorinformation	http://icwales.icnetwork.co.uk/news/south-wales-news/rhondda
2000localinfo/rhonddaleader/sport	http://icwales.icnetwork.co.uk/sports/grassroots
2000localinfo/rhonddaleader/news	http://icwales.icnetwork.co.uk/news/south-wales-news/rhondda
2000localinfo/rhonddaleader/letters	http://icwales.icnetwork.co.uk/news/south-wales-news/port-talbot
2000localinfo/rhonddaleader/comment	http://icwales.icnetwork.co.uk/news/south-wales-news/rhondda
2000localinfo/rhonddaleader/columnist	http://icwales.icnetwork.co.uk/news/south-wales-news/rhondda
2000localinfo/rhonddaleader	http://icwales.icnetwork.co.uk/news/south-wales-news/rhondda
2000localinfo/porttalbotguardian/visitorinformatio	http://icwales.icnetwork.co.uk/news/south-wales-news/port-talbot
2000localinfo/porttalbotguardian/sport	http://icwales.icnetwork.co.uk/sports/grassroots
2000localinfo/porttalbotguardian/news	http://icwales.icnetwork.co.uk/news/south-wales-news/port-talbot
2000localinfo/porttalbotguardian/letters	http://icwales.icnetwork.co.uk/news/south-wales-news/port-talbot
2000localinfo/porttalbotguardian/comment	http://icwales.icnetwork.co.uk/news/south-wales-news/port-talbot
2000localinfo/porttalbotguardian/columnist	http://icwales.icnetwork.co.uk/news/south-wales-news/port-talbot
2000localinfo/porttalbotguardian	http://icwales.icnetwork.co.uk/news/south-wales-news/port-talbot
2000localinfo/pontypriddobserver/visitorinformation	http://icwales.icnetwork.co.uk/news/south-wales-news/pontypridd-llantrisant
2000localinfo/pontypriddobserver/sport	http://icwales.icnetwork.co.uk/sports/grassroots
2000localinfo/pontypriddobserver/news	http://icwales.icnetwork.co.uk/news/south-wales-news/pontypridd-llantrisant
2000localinfo/pontypriddobserver/letters	http://icwales.icnetwork.co.uk/news/south-wales-news/pontypridd-llantrisant
2000localinfo/pontypriddobserver/comment	http://icwales.icnetwork.co.uk/news/south-wales-news/pontypridd-llantrisant
2000localinfo/pontypriddobserver/columnist	http://icwales.icnetwork.co.uk/news/south-wales-news/pontypridd-llantrisant
2000localinfo/pontypriddobserver	http://icwales.icnetwork.co.uk/news/south-wales-news/pontypridd-llantrisant
2000localinfo/pontypriddandllantrisantobserver/visitorinformation	http://icwales.icnetwork.co.uk/news/south-wales-news/pontypridd-llantrisant
2000localinfo/pontypriddandllantrisantobserver/sport	http://icwales.icnetwork.co.uk/sports/grassroots
2000localinfo/pontypriddandllantrisantobserver/news	http://icwales.icnetwork.co.uk/news/south-wales-news/pontypridd-llantrisant
2000localinfo/pontypriddandllantrisantobserver	http://icwales.icnetwork.co.uk/news/south-wales-news/pontypridd-llantrisant
2000localinfo/northwales/visitorinformation	http://icwales.icnetwork.co.uk/news/south-wales-news
2000localinfo/northwales/news	http://icwales.icnetwork.co.uk/news/south-wales-news
2000localinfo/northwales	http://icwales.icnetwork.co.uk/news/wales-news
2000localinfo/neathguardian/visitorinformation	http://icwales.icnetwork.co.uk/news/south-wales-news/neath
2000localinfo/neathguardian/sport	http://icwales.icnetwork.co.uk/sports/grassroots
2000localinfo/neathguardian/news	http://icwales.icnetwork.co.uk/news/south-wales-news/neath
2000localinfo/neathguardian/letters	http://icwales.icnetwork.co.uk/news/south-wales-news/neath
2000localinfo/neathguardian/comment	http://icwales.icnetwork.co.uk/news/south-wales-news/neath
2000localinfo/neathguardian/columnist	http://icwales.icnetwork.co.uk/news/south-wales-news/neath
2000localinfo/neathguardian	http://icwales.icnetwork.co.uk/news/south-wales-news/neath
2000localinfo/midwales/visitorinformation	http://icwales.icnetwork.co.uk/news/south-wales-news
2000localinfo/midwales/news	http://icwales.icnetwork.co.uk/news/south-wales-news
2000localinfo/midwales	http://icwales.icnetwork.co.uk/news/wales-news
2000localinfo/merthyrexpress/visitorinformation	http://icwales.icnetwork.co.uk/news/south-wales-news/merthyr
2000localinfo/merthyrexpress/sport	http://icwales.icnetwork.co.uk/sports/grassroots
2000localinfo/merthyrexpress/news	http://icwales.icnetwork.co.uk/news/south-wales-news/merthyr
2000localinfo/merthyrexpress/letters	http://icwales.icnetwork.co.uk/news/south-wales-news/neath
2000localinfo/merthyrexpress/comment	http://icwales.icnetwork.co.uk/news/south-wales-news/merthyr
2000localinfo/merthyrexpress/columnist	http://icwales.icnetwork.co.uk/news/south-wales-news/merthyr
2000localinfo/merthyrexpress/aberfan/messageboard	http://icwales.icnetwork.co.uk/news/south-wales-news/merthyr
2000localinfo/merthyrexpress/aberfan	http://icwales.icnetwork.co.uk/news/south-wales-news/merthyr
2000localinfo/merthyrexpress	http://icwales.icnetwork.co.uk/news/south-wales-news/merthyr
2000localinfo/gwentgazette/sport	http://icwales.icnetwork.co.uk/sports/grassroots
2000localinfo/gwentgazette/news	http://icwales.icnetwork.co.uk/news/south-wales-news/blaenau-gwent
2000localinfo/gwentgazette/localinformation	http://icwales.icnetwork.co.uk/news/south-wales-news/blaenau-gwent
2000localinfo/gwentgazette/letters	http://icwales.icnetwork.co.uk/news/south-wales-news/blaenau-gwent
2000localinfo/gwentgazette/comment	http://icwales.icnetwork.co.uk/news/south-wales-news/blaenau-gwent
2000localinfo/gwentgazette/columnist	http://icwales.icnetwork.co.uk/news/south-wales-news/blaenau-gwent
2000localinfo/gwentgazette	http://icwales.icnetwork.co.uk/news/south-wales-news/blaenau-gwent
2000localinfo/glamorgangazette/visitorinformation	http://icwales.icnetwork.co.uk/news/south-wales-news/bridgend-maesteg
2000localinfo/glamorgangazette/sport	http://icwales.icnetwork.co.uk/sports/grassroots
2000localinfo/glamorgangazette/news	http://icwales.icnetwork.co.uk/news/south-wales-news/bridgend-maesteg
2000localinfo/glamorgangazette/letters	http://icwales.icnetwork.co.uk/news/south-wales-news/bridgend-maesteg
2000localinfo/glamorgangazette/comment	http://icwales.icnetwork.co.uk/news/south-wales-news/bridgend-maesteg
2000localinfo/glamorgangazette/columnist	http://icwales.icnetwork.co.uk/news/south-wales-news/bridgend-maesteg
2000localinfo/glamorgangazette	http://icwales.icnetwork.co.uk/news/south-wales-news/bridgend-maesteg
2000localinfo/cynonvalleyleader/visitorinformation	http://icwales.icnetwork.co.uk/news/south-wales-news/cynon-valley
2000localinfo/cynonvalleyleader/sport	http://icwales.icnetwork.co.uk/sports/grassroots
2000localinfo/cynonvalleyleader/news	http://icwales.icnetwork.co.uk/news/south-wales-news/cynon-valley
2000localinfo/cynonvalleyleader/letters	http://icwales.icnetwork.co.uk/news/south-wales-news/cynon-valley
2000localinfo/cynonvalleyleader/comment	http://icwales.icnetwork.co.uk/news/south-wales-news/cynon-valley
2000localinfo/cynonvalleyleader/columnist	http://icwales.icnetwork.co.uk/news/south-wales-news/cynon-valley
2000localinfo/cynonvalleyleader	http://icwales.icnetwork.co.uk/news/south-wales-news/cynon-valley
2000localinfo/0050welshcounties	http://icwales.icnetwork.co.uk/news/south-wales-news
2000localinfo	http://icwales.icnetwork.co.uk/news/south-wales-news
1900community/notices/addnotice	http://icwales.icnetwork.co.uk/buy-and-sell/adswales
1900community/notices	http://icwales.icnetwork.co.uk/buy-and-sell/adswales
1900community/news	http://icwales.icnetwork.co.uk
1900community/freebees	http://icwales.icnetwork.co.uk
1900community/communityindex	http://icwales.icnetwork.co.uk
1900community/0500charityappeals	http://icwales.icnetwork.co.uk
1900community/0400charitynoticeboard	http://icwales.icnetwork.co.uk
1900community/0300searchwales	http://icwales.icnetwork.co.uk
1900community/0200freebees	http://icwales.icnetwork.co.uk
1900community/0100announcements/notices	http://icwales.icnetwork.co.uk/buy-and-sell/adswales
1900community/0100announcements	http://icwales.icnetwork.co.uk
1900community/0050gallery/0150secondary	http://icwales.icnetwork.co.uk
1900community/0050gallery/0100primary	http://icwales.icnetwork.co.uk
1900community/0050gallery	http://icwales.icnetwork.co.uk
1900community	http://icwales.icnetwork.co.uk
1600business	http://icwales.icnetwork.co.uk/business-directory
1500ichomes	http://icwales.icnetwork.co.uk/homes
1400icjobs/lajobs	http://www.jobswales.co.uk/english
1400icjobs/jobpro	http://www.jobswales.co.uk/english
1400icjobs/hotjobs	http://www.jobswales.co.uk/english
1400icjobs/cvs	http://www.jobswales.co.uk/english/jobsearch/cvview
1400icjobs/cview	http://www.jobswales.co.uk/english/jobsearch/cvview
1400icjobs/0500jobstalk	http://www.jobswales.co.uk/english
1400icjobs/0400placeyourad	http://www.jobswales.co.uk/english
1400icjobs/0300fish4jobs	http://www.jobswales.co.uk/english
1400icjobs/0200jobhelp	http://www.jobswales.co.uk/english
1400icjobs/0100newsandfeatures	http://www.jobswales.co.uk/english/news
1400icjobs	http://www.jobswales.co.uk/english
11209040, http://icwales.icnetwork.co.uk/forums/cityforum	http://forums.icwales.co.uk/viewforum.php?f=13
1100holidays/tripfinder	http://icwales.icnetwork.co.uk/travel/trip-finder
1100holidays/sdtest	http://icwales.icnetwork.co.uk/travel
1100holidays/latestdeals	http://icwales.icnetwork.co.uk/travel
1100holidays/hidden	http://icwales.icnetwork.co.uk
1100holidays/0800yourholidayratings	http://icwales.icnetwork.co.uk/travel
1100holidays/0700holidayads	http://icwales.icnetwork.co.uk/travel
1100holidays/0600brochuresearch	http://icwales.icnetwork.co.uk/travel
1100holidays/0500giveaways	http://icwales.icnetwork.co.uk/travel
1100holidays/0400competitions	http://icwales.icnetwork.co.uk/travel
1100holidays/0300features	http://icwales.icnetwork.co.uk/travel
1100holidays/0200worldweather	http://icwales.icnetwork.co.uk/travel/world-weather-news
1100holidays/0100news	http://icwales.icnetwork.co.uk/travel/travel-news
1100holidays	http://icwales.icnetwork.co.uk/travel
0900entertainment/whatsontvandradio	http://icwales.icnetwork.co.uk/whats-on
0900entertainment/tvpickoftheweek	http://icwales.icnetwork.co.uk/whats-on
0900entertainment/tickets/sport	http://icwales.icnetwork.co.uk/whats-on
0900entertainment/tickets/music	http://icwales.icnetwork.co.uk/whats-on
0900entertainment/tickets/family	http://icwales.icnetwork.co.uk/whats-on
0900entertainment/tickets/arts	http://icwales.icnetwork.co.uk/whats-on
0900entertainment/tickets	http://icwales.icnetwork.co.uk/whats-on
0900entertainment/soapbox	http://icwales.icnetwork.co.uk/whats-on
0900entertainment/singles	http://icwales.icnetwork.co.uk/whats-on/entertainment-reviews/music-reviews
0900entertainment/reviews	http://icwales.icnetwork.co.uk/whats-on/entertainment-reviews
0900entertainment/qanda	http://icwales.icnetwork.co.uk/whats-on
0900entertainment/promo	http://icwales.icnetwork.co.uk/whats-on
0900entertainment/onthebox	http://icwales.icnetwork.co.uk/whats-on
0900entertainment/messageboard	http://icwales.icnetwork.co.uk/whats-on
0900entertainment/games	http://icwales.icnetwork.co.uk/whats-on
0900entertainment/foodanddrinknews	http://icwales.icnetwork.co.uk/whats-on
0900entertainment/events	http://icwales.icnetwork.co.uk/whats-on/events-in-wales
0900entertainment/diningout	http://icwales.icnetwork.co.uk/whats-on
0900entertainment/columnist	http://icwales.icnetwork.co.uk/whats-on/columnists
0900entertainment/allreviews	http://icwales.icnetwork.co.uk/whats-on/entertainment-reviews
0900entertainment/addmyevent	http://icwales.icnetwork.co.uk/whats-on/add-your-event
0900entertainment/1600cds	http://icwales.icnetwork.co.uk/whats-on/entertainment-reviews/music-reviews
0900entertainment/1500books	http://icwales.icnetwork.co.uk/whats-on/entertainment-reviews/book-reviews
0900entertainment/1400video	http://icwales.icnetwork.co.uk/whats-on/entertainment-reviews/dvd-reviews
0900entertainment/1200diningout	http://icwales.icnetwork.co.uk/whats-on/restaurant-reviews
0900entertainment/0400movies	http://icwales.icnetwork.co.uk/whats-on/entertainment-reviews/movie-reviews
0900entertainment/0050artsnews	http://icwales.icnetwork.co.uk/whats-on
0900entertainment	http://icwales.icnetwork.co.uk/sports
0800tvandradio/soapbox3	http://icwales.icnetwork.co.uk
0800tvandradio/0500tvtalk	http://icwales.icnetwork.co.uk/whats-on
0800tvandradio/0400movies	http://icwales.icnetwork.co.uk/whats-on
0800tvandradio/0300todayshighlights	http://icwales.icnetwork.co.uk/whats-on
0800tvandradio/0200tvatoz/51564	http://icwales.icnetwork.co.uk/whats-on
0800tvandradio/0200tvatoz	http://icwales.icnetwork.co.uk/whats-on
0800tvandradio/0100whatsontvandradio	http://icwales.icnetwork.co.uk/whats-on
0800tvandradio	http://icwales.icnetwork.co.uk/whats-on
0750expats/register	http://icwales.icnetwork.co.uk/expats/registration
0750expats/nostalgia	http://icwales.icnetwork.co.uk/expats
0750expats/newsletterarchive	http://icwales.icnetwork.co.uk/expats/newsletter-archive
0750expats/newsletter	http://icwales.icnetwork.co.uk/expats/expats-newsletter
0750expats/messageboard	http://icwales.icnetwork.co.uk/expats/expats-forums
0750expats/links	http://icwales.icnetwork.co.uk/expats/expats-links
0750expats/expats	http://icwales.icnetwork.co.uk/expats
0750expats/0100registration	http://icwales.icnetwork.co.uk/expats/registration
0750expats	http://icwales.icnetwork.co.uk/expats
0700sports/sportscolumnists	http://icwales.icnetwork.co.uk/sports/sports-columnists
0700sports/rugbyleague	http://icwales.icnetwork.co.uk/sports/rugby-league-news
0700sports/olympics	http://icwales.icnetwork.co.uk/sports/athletics-news
0700sports/messageboard	http://icwales.icnetwork.co.uk/forums/sports-forum
0700sports/melbourne06	http://icwales.icnetwork.co.uk/sports
0700sports/1200sportsroundup	http://icwales.icnetwork.co.uk/sports/sports-news-round-up
0700sports/1160tennis	http://icwales.icnetwork.co.uk/sports/sports-news-round-up
0700sports/1150snooker	http://icwales.icnetwork.co.uk/sports/sports-news-round-up
0700sports/1000boxing	http://icwales.icnetwork.co.uk/sports/boxing-news
0700sports/0900athletics	http://icwales.icnetwork.co.uk/sports/athletics-news
0700sports/0800icehockey	http://icwales.icnetwork.co.uk/sports/ice-hockey-news
0700sports/0700motorsport	http://icwales.icnetwork.co.uk/sports/motor-sport
0700sports/0600golf	http://icwales.icnetwork.co.uk/sports/golf-news
0700sports/0500racing	http://icwales.icnetwork.co.uk/sports/racing-news
0700sports/0400glamorganccc	http://icwales.icnetwork.co.uk/sports/cricket-news/glamorganccc
0700sports/0300cricket/quiz	http://icwales.icnetwork.co.uk/sports/cricket-news
0700sports/0300cricket/columnists	http://icwales.icnetwork.co.uk/sports/cricket-news
0700sports/0300cricket/blog	http://icwales.icnetwork.co.uk/sports/cricket-news
0700sports/0300cricket	http://icwales.icnetwork.co.uk/sports/cricket-news
0700sports/0200livereports	http://icwales.icnetwork.co.uk/sports/live-sport-reports
0700sports	http://icwales.icnetwork.co.uk/sports
0600soccer/worldcup/top10s	http://icwales.icnetwork.co.uk/footballnation
0600soccer/worldcup/stadiums	http://icwales.icnetwork.co.uk/footballnation
0600soccer/worldcup/news	http://icwales.icnetwork.co.uk/footballnation
0600soccer/worldcup/fixturesresults	http://icwales.icnetwork.co.uk/footballnation
0600soccer/worldcup/features	http://icwales.icnetwork.co.uk/footballnation
0600soccer/worldcup	http://icwales.icnetwork.co.uk/footballnation
0600soccer/welshleague	http://icwales.icnetwork.co.uk/footballnation/football-in-wales
0600soccer/welshcup	http://icwales.icnetwork.co.uk/footballnation/football-in-wales
0600soccer/trivia	http://icwales.icnetwork.co.uk/footballnation
0600soccer/tables	http://icwales.icnetwork.co.uk/footballnation
0600soccer/soccerwallpaper	http://icwales.icnetwork.co.uk/footballnation
0600soccer/results	http://icwales.icnetwork.co.uk/footballnation
0600soccer/quiz	http://icwales.icnetwork.co.uk/footballnation
0600soccer/photosales	http://3400.e-printphoto.co.uk/icwales
0600soccer/pfafanawards/pfaarticles	http://icwales.icnetwork.co.uk/footballnation
0600soccer/pfafanawards	http://icwales.icnetwork.co.uk/footballnation
0600soccer/messageboard	http://forums.icwales.co.uk/index.php?c=11
0600soccer/cymrualliance	http://icwales.icnetwork.co.uk/footballnation/football-in-wales
0600soccer/columnists	http://icwales.icnetwork.co.uk/footballnation/football-columnists
0600soccer/blogs	http://icwales.icnetwork.co.uk/footballnation
0600soccer/1900leagueofwales	http://icwales.icnetwork.co.uk/footballnation
0600soccer/1400newport/0100newport	http://icwales.icnetwork.co.uk/footballnation/newport-county-fc
0600soccer/1400newport	http://icwales.icnetwork.co.uk/footballnation/newport-county-fc
0600soccer/1300merthyr/0100merthyr	http://icwales.icnetwork.co.uk/footballnation/merthyr-tydfil-fc
0600soccer/1300merthyr	http://icwales.icnetwork.co.uk/footballnation/merthyr-tydfil-fc
0600soccer/0900cardiffcity	http://icwales.icnetwork.co.uk/footballnation/cardiff-city-fc
0600soccer/0800wrexham	http://icwales.icnetwork.co.uk/footballnation/wrexham-fc
0600soccer/0700swanseacity	http://icwales.icnetwork.co.uk/footballnation/swansea-city-fc
0600soccer/0650wales	http://icwales.icnetwork.co.uk/footballnation/football-in-wales
0600soccer/0500fixtures	http://icwales.icnetwork.co.uk/footballnation/football-fixtures-results
0600soccer/0200news/terracetalk	http://icwales.icnetwork.co.uk/footballnation
0600soccer/0200news	http://icwales.icnetwork.co.uk/footballnation/football-news
0600soccer	http://icwales.icnetwork.co.uk/footballnation
0500rugbyunion/tables	http://icwales.icnetwork.co.uk/rugbynation
0500rugbyunion/stats	http://icwales.icnetwork.co.uk/rugbynation
0500rugbyunion/schoolsandyouth	http://icwales.icnetwork.co.uk/rugbynation/rugby-news
0500rugbyunion/rwc2007/peoplesteam	http://icwales.icnetwork.co.uk/rugbynation
0500rugbyunion/rwc2007	http://icwales.icnetwork.co.uk/rugbynation
0500rugbyunion/principalitycup	http://icwales.icnetwork.co.uk/rugbynation/edf-energy-cup
0500rugbyunion/premierdivision/swansea	http://icwales.icnetwork.co.uk/rugbynation/welsh-premier-division/swansea-rfc
0500rugbyunion/premierdivision/pontypridd	http://icwales.icnetwork.co.uk/rugbynation/welsh-premier-division/pontypridd-rfc
0500rugbyunion/premierdivision/pontypool	http://icwales.icnetwork.co.uk/rugbynation/welsh-premier-division
0500rugbyunion/premierdivision/newport	http://icwales.icnetwork.co.uk/rugbynation/welsh-premier-division/newport-rfc
0500rugbyunion/premierdivision/newbridge	http://icwales.icnetwork.co.uk/rugbynation/welsh-premier-division
0500rugbyunion/premierdivision/neath	http://icwales.icnetwork.co.uk/rugbynation/welsh-premier-division/neath-rfc
0500rugbyunion/premierdivision/maesteg	http://icwales.icnetwork.co.uk/rugbynation/welsh-premier-division/maesteg-rfc
0500rugbyunion/premierdivision/llanharan	http://icwales.icnetwork.co.uk/rugbynation/welsh-premier-division
0500rugbyunion/premierdivision/llanelli	http://icwales.icnetwork.co.uk/rugbynation/welsh-premier-division/llanellie-rfc
0500rugbyunion/premierdivision/llandovery	http://icwales.icnetwork.co.uk/rugbynation/welsh-premier-division/llandovery-rfc
0500rugbyunion/premierdivision/glamwanderers	http://icwales.icnetwork.co.uk/rugbynation/welsh-premier-division/glamorgan-wanderers-rfc
0500rugbyunion/premierdivision/ebbwvale	http://icwales.icnetwork.co.uk/rugbynation/welsh-premier-division/ebbw-vale-rfc
0500rugbyunion/premierdivision/crosskeys	http://icwales.icnetwork.co.uk/rugbynation/welsh-premier-division/cross-keys-rfc
0500rugbyunion/premierdivision/carmarthen	http://icwales.icnetwork.co.uk/rugbynation/welsh-premier-division
0500rugbyunion/premierdivision/cardiff	http://icwales.icnetwork.co.uk/rugbynation/welsh-premier-division/cardiff-rfc
0500rugbyunion/premierdivision/bridgend	http://icwales.icnetwork.co.uk/rugbynation/welsh-premier-division/bridgend-athletic-rfc
0500rugbyunion/premierdivision/bedwas	http://icwales.icnetwork.co.uk/rugbynation/welsh-premier-division/bedwas-rfc
0500rugbyunion/premierdivision/aberavon	http://icwales.icnetwork.co.uk/rugbynation/welsh-premier-division/aberavon
0500rugbyunion/premierdivision	http://icwales.icnetwork.co.uk/rugbynation/welsh-divisions-1-east-west
0500rugbyunion/neathswanseaospreys/stats	http://icwales.icnetwork.co.uk/rugbynation/swansea-ospreys
0500rugbyunion/neathswanseaospreys/neathswanseaospreynews	http://icwales.icnetwork.co.uk/rugbynation/swansea-ospreys
0500rugbyunion/neathswanseaospreys	http://icwales.icnetwork.co.uk/rugbynation/swansea-ospreys
0500rugbyunion/messageboard	http://forums.icwales.co.uk/index.php?c=9
0500rugbyunion/llanelliscarlets/stats	http://icwales.icnetwork.co.uk/rugbynation/llanelli-scarlets
0500rugbyunion/llanelliscarlets/llanelliscarletsnews	http://icwales.icnetwork.co.uk/rugbynation/llanelli-scarlets
0500rugbyunion/llanelliscarlets	http://icwales.icnetwork.co.uk/rugbynation/llanelli-scarlets
0500rugbyunion/gwentdragons/stats	http://icwales.icnetwork.co.uk/rugbynation/newport-gwent-dragons
0500rugbyunion/gwentdragons/gwentdragonsnews	http://icwales.icnetwork.co.uk/rugbynation/newport-gwent-dragons
0500rugbyunion/gwentdragons	http://icwales.icnetwork.co.uk/rugbynation/newport-gwent-dragons
0500rugbyunion/fantasyrugby	http://www.fantasyrugbywc.com/CleverTV/en/tmg/westernmail/15725/clienthome.do
0500rugbyunion/fantasy/new	http://icwales.icnetwork.co.uk/rugbynation
0500rugbyunion/fantasy	http://www.fantasyrugbywc.com/CleverTV/en/tmg/westernmail/15725/clienthome.do
0500rugbyunion/europeanchallengecup	http://icwales.icnetwork.co.uk/rugbynation
0500rugbyunion/divisions1divisions5/division5	http://icwales.icnetwork.co.uk/rugbynation/welsh-divisions-2-5
0500rugbyunion/divisions1divisions5/division4	http://icwales.icnetwork.co.uk/rugbynation/welsh-divisions-2-5
0500rugbyunion/divisions1divisions5/division3	http://icwales.icnetwork.co.uk/rugbynation/welsh-divisions-2-5
0500rugbyunion/divisions1divisions5/division2	http://icwales.icnetwork.co.uk/rugbynation/welsh-divisions-2-5
0500rugbyunion/divisions1divisions5/division1west	http://icwales.icnetwork.co.uk/rugbynation/welsh-divisions-1-east-west
0500rugbyunion/divisions1divisions5/division1	http://icwales.icnetwork.co.uk/rugbynation/welsh-divisions-1-east-west
0500rugbyunion/divisions1divisions5	http://icwales.icnetwork.co.uk/rugbynation/welsh-divisions-1-east-west
0500rugbyunion/columnists	http://icwales.icnetwork.co.uk/rugbynation/rugby-columnists
0500rugbyunion/celtic	http://icwales.icnetwork.co.uk/rugbynation/magners-league
0500rugbyunion/cardiffblues/stats	http://icwales.icnetwork.co.uk/rugbynation/cardiff-blues
0500rugbyunion/cardiffblues/cardiffbluesnews	http://icwales.icnetwork.co.uk/rugbynation/cardiff-blues
0500rugbyunion/cardiffblues	http://icwales.icnetwork.co.uk/rugbynation/cardiff-blues
0500rugbyunion/blogs	http://icwales.icnetwork.co.uk/rugbynation/rugby-blogs
0500rugbyunion/anglowelshcup	http://icwales.icnetwork.co.uk/rugbynation
0500rugbyunion/0900sixnations/vote	http://icwales.icnetwork.co.uk/rugbynation
0500rugbyunion/0900sixnations/playerratings	http://icwales.icnetwork.co.uk/rugbynation/six-nations-rugby
0500rugbyunion/0900sixnations	http://icwales.icnetwork.co.uk/rugbynation
0500rugbyunion/0900lions	http://icwales.icnetwork.co.uk/rugbynation
0500rugbyunion/0800wales	http://icwales.icnetwork.co.uk/rugbynation/rugby-in-wales
0500rugbyunion/0600tables	http://icwales.icnetwork.co.uk/rugbynation/rugby-fixtures-results-tables
0500rugbyunion/0500wales	http://icwales.icnetwork.co.uk/rugbynation/rugby-in-wales
0500rugbyunion/0400fixtures/0304	http://icwales.icnetwork.co.uk/rugbynation/rugby-fixtures-results-tables
0500rugbyunion/0400fixtures/0203results	http://icwales.icnetwork.co.uk/rugbynation/rugby-fixtures-results-tables
0500rugbyunion/0400fixtures/0102results	http://icwales.icnetwork.co.uk/rugbynation/rugby-fixtures-results-tables
0500rugbyunion/0400fixtures	http://icwales.icnetwork.co.uk/rugbynation/rugby-fixtures-results-tables
0500rugbyunion/0200u21s	http://icwales.icnetwork.co.uk/rugbynation
0500rugbyunion/0200news	http://icwales.icnetwork.co.uk/rugbynation/rugby-news
0500rugbyunion/0200heinekencup	http://icwales.icnetwork.co.uk/rugbynation
0500rugbyunion	http://icwales.icnetwork.co.uk/rugbynation
0400weather	http://icwales.icnetwork.co.uk/weather-news
0300business/yourfinance	http://icwales.icnetwork.co.uk/business-in-wales/personal-finance
0300business/top300	http://icwales.icnetwork.co.uk/business-in-wales/top-300-companies
0300business/multimedia	http://icwales.icnetwork.co.uk/business-in-wales/business-videos
0300business/fg50/welsh	http://icwales.icnetwork.co.uk/business-in-wales/fast-growing-companies
0300business/fg50/english	http://icwales.icnetwork.co.uk/business-in-wales/fast-growing-companies
0300business/fg50	http://icwales.icnetwork.co.uk/business-in-wales/fast-growing-companies
0300business/comment	http://icwales.icnetwork.co.uk/business-in-wales
0300business/businessweek/awards	http://icwales.icnetwork.co.uk/business-in-wales/business-week
0300business/businessweek	http://icwales.icnetwork.co.uk/business-in-wales/business-week
0300business/bizcolumnists	http://icwales.icnetwork.co.uk/business-in-wales/business-columnists
0300business/0900commercialproperty	http://icwales.icnetwork.co.uk/business-in-wales/top-300-companies
0300business/0600top300	http://icwales.icnetwork.co.uk/business-in-wales/top-300-companies
0300business/0405movers	http://icwales.icnetwork.co.uk/business-in-wales
0300business/0250features	http://icwales.icnetwork.co.uk/business-in-wales/business-features
0300business/0200citymarketreport	http://icwales.icnetwork.co.uk/business-in-wales/business-news
0300business/0100news	http://icwales.icnetwork.co.uk/business-in-wales/business-news
0300business	http://icwales.icnetwork.co.uk/business-in-wales
0100news/sheep	http://icwales.icnetwork.co.uk/news
0100news/quiz	http://icwales.icnetwork.co.uk/news
0100news/obituaries	http://icwales.icnetwork.co.uk/news
0100news/newspolitics/results	http://icwales.icnetwork.co.uk/news/politics-news
0100news/newspolitics	http://icwales.icnetwork.co.uk/news/politics-news
0100news/messageboard	http://icwales.icnetwork.co.uk/forums
0100news/letters/walesonsunday	http://icwales.icnetwork.co.uk/news/letters-to-the-editor
0100news/letters/thewesternmail	http://icwales.icnetwork.co.uk/news/letters-to-the-editor/western-mail-letters
0100news/letters/southwalesecho	http://icwales.icnetwork.co.uk/news/letters-to-the-editor/south-wales-echo-letters
0100news/letters	http://icwales.icnetwork.co.uk/news/letters-to-the-editor
0100news/heros	http://icwales.icnetwork.co.uk/news
0100news/health	http://icwales.icnetwork.co.uk/news/health-news
0100news/freedomofinformation	http://icwales.icnetwork.co.uk/news
0100news/features	http://icwales.icnetwork.co.uk/news/feature-news
0100news/columnists	http://icwales.icnetwork.co.uk/news/columnists
0100news/1300comment	http://icwales.icnetwork.co.uk/news
0100news/1100education/messageboard	http://forums.icwales.co.uk
0100news/1100education	http://icwales.icnetwork.co.uk/news/education-news
0100news/1000farming	http://icwales.icnetwork.co.uk/countryside-farming-news
0100news/0700world	http://icwales.icnetwork.co.uk/news/latest-world-news
0100news/0600uk	http://icwales.icnetwork.co.uk/news/uk-news
0100news/0200wales	http://icwales.icnetwork.co.uk/news/wales-news
0100news	http://icwales.icnetwork.co.uk/news
1300icmotors	http://icwales.icnetwork.co.uk/motors	
tags		http://www.walesonline.co.uk/topics

news/uk-news/2012/09/12/hillsborough-independent-panel-report-live-blog-100252-31818729  http://www.walesonline.co.uk/news/uk-news/2012/09/12/hillsborough-independent-panel-report-live-blog-100252-31819271

	
	
	
	
	
	
	
	
