weather					http://www.westlothiancourier.co.uk/west-lothian-news/west-lothian-weather/
scotwheels				http://www.scotwheels.co.uk
scotcareers				http://www.scotcareers.co.uk
news/nationalnews		http://www.westlothiancourier.co.uk/west-lothian-news/scottish-news
news					http://www.westlothiancourier.co.uk
livingston/livingston	http://www.westlothiancourier.co.uk/west-lothian-sport/west-lothian-football/livingston-fc
livingston				http://www.westlothiancourier.co.uk/west-lothian-sport/west-lothian-football/livingston-fc
horoscopes/virgo		http://www.westlothiancourier.co.uk/lifestyle/daily-horoscopes
horoscopes/taurus		http://www.westlothiancourier.co.uk/lifestyle/daily-horoscopes
horoscopes/scorpio		http://www.westlothiancourier.co.uk/lifestyle/daily-horoscopes
horoscopes/sagittarius	http://www.westlothiancourier.co.uk/lifestyle/daily-horoscopes
horoscopes/pisces		http://www.westlothiancourier.co.uk/lifestyle/daily-horoscopes
horoscopes/libra		http://www.westlothiancourier.co.uk/lifestyle/daily-horoscopes
horoscopes/leo			http://www.westlothiancourier.co.uk/lifestyle/daily-horoscopes
horoscopes/gemini		http://www.westlothiancourier.co.uk/lifestyle/daily-horoscopes
horoscopes/capricorn	http://www.westlothiancourier.co.uk/lifestyle/daily-horoscopes
horoscopes/cancer		http://www.westlothiancourier.co.uk/lifestyle/daily-horoscopes
horoscopes/aries		http://www.westlothiancourier.co.uk/lifestyle/daily-horoscopes
horoscopes/aquarius		http://www.westlothiancourier.co.uk/lifestyle/daily-horoscopes
horoscopes				http://www.westlothiancourier.co.uk/lifestyle/daily-horoscopes
forum					http://forums.westlothiancourier.co.uk
find-it2				http://www.westlothiancourier.co.uk/west-lothian-classifieds/find-it
findit/travelleisure/travelagents	http://www.westlothiancourier.co.uk/west-lothian-classifieds/find-it
findit/travelleisure/touroperators	http://www.westlothiancourier.co.uk/west-lothian-classifieds/find-it
findit/travelleisure/sports	http://www.westlothiancourier.co.uk/west-lothian-classifieds/find-it
findit/travelleisure/restaurants	http://www.westlothiancourier.co.uk/west-lothian-classifieds/find-it
findit/travelleisure/pubsclubs	http://www.westlothiancourier.co.uk/west-lothian-classifieds/find-it
findit/travelleisure/leisure	http://www.westlothiancourier.co.uk/west-lothian-classifieds/find-it
findit/travelleisure/holidays	http://www.westlothiancourier.co.uk/west-lothian-classifieds/find-it
findit/travelleisure/farming	http://www.westlothiancourier.co.uk/west-lothian-classifieds/find-it
findit/travelleisure/dance	http://www.westlothiancourier.co.uk/west-lothian-classifieds/find-it
findit/travelleisure	http://www.westlothiancourier.co.uk/west-lothian-classifieds/find-it
findit/retail/whitegoods	http://www.westlothiancourier.co.uk/west-lothian-classifieds/find-it
findit/retail/tvdvdrecorders	http://www.westlothiancourier.co.uk/west-lothian-classifieds/find-it
findit/retail/shopping	http://www.westlothiancourier.co.uk/west-lothian-classifieds/find-it
findit/retail/general	http://www.westlothiancourier.co.uk/west-lothian-classifieds/find-it
findit/retail/furniture	http://www.westlothiancourier.co.uk/west-lothian-classifieds/find-it
findit/retail/flooring	http://www.westlothiancourier.co.uk/west-lothian-classifieds/find-it
findit/retail/departmentstores	http://www.westlothiancourier.co.uk/west-lothian-classifieds/find-it
findit/retail/curtain	http://www.westlothiancourier.co.uk/west-lothian-classifieds/find-it
findit/retail/clothing	http://www.westlothiancourier.co.uk/west-lothian-classifieds/find-it
findit/retail			http://www.westlothiancourier.co.uk/west-lothian-classifieds/find-it
findit/property/propertiestolet	http://www.westlothiancourier.co.uk/west-lothian-classifieds/find-it
findit/property/newhomes	http://www.westlothiancourier.co.uk/west-lothian-classifieds/find-it
findit/property/landforsale	http://www.westlothiancourier.co.uk/west-lothian-classifieds/find-it
findit/property/estateagents	http://www.westlothiancourier.co.uk/west-lothian-classifieds/find-it
findit/property/commercialproperty	http://www.westlothiancourier.co.uk/west-lothian-classifieds/find-it
findit/property/businessesforsale	http://www.westlothiancourier.co.uk/west-lothian-classifieds/find-it
findit/property				http://www.westlothiancourier.co.uk/west-lothian-classifieds/find-it
findit/motoring/storage		http://www.westlothiancourier.co.uk/west-lothian-classifieds/find-it
findit/motoring/sparesrepairs	http://www.westlothiancourier.co.uk/west-lothian-classifieds/find-it
findit/motoring/mots		http://www.westlothiancourier.co.uk/west-lothian-classifieds/find-it
findit/motoring/motorcycles	http://www.westlothiancourier.co.uk/west-lothian-classifieds/find-it
findit/motoring/garages		http://www.westlothiancourier.co.uk/west-lothian-classifieds/find-it
findit/motoring/drivingtuition	http://www.westlothiancourier.co.uk/west-lothian-classifieds/find-it
findit/motoring/dealerships	http://www.westlothiancourier.co.uk/west-lothian-classifieds/find-it
findit/motoring/carvanhire	http://www.westlothiancourier.co.uk/west-lothian-classifieds/find-it
findit/motoring/caravans	http://www.westlothiancourier.co.uk/west-lothian-classifieds/find-it
findit/motoring				http://www.westlothiancourier.co.uk/west-lothian-classifieds/find-it
findit/homegarden/skiphire	http://www.westlothiancourier.co.uk/west-lothian-classifieds/find-it
findit/homegarden/roofing	http://www.westlothiancourier.co.uk/west-lothian-classifieds/find-it
findit/homegarden/removals	http://www.westlothiancourier.co.uk/west-lothian-classifieds/find-it
findit/homegarden/plumbing	http://www.westlothiancourier.co.uk/west-lothian-classifieds/find-it
findit/homegarden/painters	http://www.westlothiancourier.co.uk/west-lothian-classifieds/find-it
findit/homegarden/homeimprovements	http://www.westlothiancourier.co.uk/west-lothian-classifieds/find-it
findit/homegarden/homegarden	http://www.westlothiancourier.co.uk/west-lothian-classifieds/find-it
findit/homegarden/gardening	http://www.westlothiancourier.co.uk/west-lothian-classifieds/find-it
findit/homegarden/fencing	http://www.westlothiancourier.co.uk/west-lothian-classifieds/find-it
findit/homegarden/electrical	http://www.westlothiancourier.co.uk/west-lothian-classifieds/find-it
findit/homegarden/builders	http://www.westlothiancourier.co.uk/west-lothian-classifieds/find-it
findit/homegarden/blinds	http://www.westlothiancourier.co.uk/west-lothian-classifieds/find-it
findit/homegarden/appliancerepairs	http://www.westlothiancourier.co.uk/west-lothian-classifieds/find-it
findit/homegarden			http://www.westlothiancourier.co.uk/west-lothian-classifieds/find-it
findit/finance/solicitors	http://www.westlothiancourier.co.uk/west-lothian-classifieds/find-it
findit/finance/mortgages	http://www.westlothiancourier.co.uk/west-lothian-classifieds/find-it
findit/finance/loans		http://www.westlothiancourier.co.uk/west-lothian-classifieds/find-it
findit/finance/insurance	http://www.westlothiancourier.co.uk/west-lothian-classifieds/find-it
findit/finance				http://www.westlothiancourier.co.uk/west-lothian-classifieds/find-it
findit/features/features	http://www.westlothiancourier.co.uk/west-lothian-classifieds/find-it
findit/features				http://www.westlothiancourier.co.uk/west-lothian-classifieds/find-it
findit/fashion/weddingalbum	http://www.westlothiancourier.co.uk/west-lothian-classifieds/find-it
findit/fashion/hairsalons	http://www.westlothiancourier.co.uk/west-lothian-classifieds/find-it
findit/fashion/clothingshoesretail	http://www.westlothiancourier.co.uk/west-lothian-classifieds/find-it
findit/fashion/beautytreatments	http://www.westlothiancourier.co.uk/west-lothian-classifieds/find-it
findit/fashion/beautyretail	http://www.westlothiancourier.co.uk/west-lothian-classifieds/find-it
findit/fashion				http://www.westlothiancourier.co.uk/west-lothian-classifieds/find-it
findit/education/universities	http://www.westlothiancourier.co.uk/west-lothian-classifieds/find-it
findit/education/training	http://www.westlothiancourier.co.uk/west-lothian-classifieds/find-it
findit/education/privatetuition	http://www.westlothiancourier.co.uk/west-lothian-classifieds/find-it
findit/education/parttimestudy	http://www.westlothiancourier.co.uk/west-lothian-classifieds/find-it
findit/education/colleges	http://www.westlothiancourier.co.uk/west-lothian-classifieds/find-it
findit/education			http://www.westlothiancourier.co.uk/west-lothian-classifieds/find-it
findit/aboutus				http://www.westlothiancourier.co.uk/west-lothian-classifieds/find-it
findit						http://www.westlothiancourier.co.uk/west-lothian-classifieds/find-it
courier/subscribe			http://www.westlothiancourier.co.uk
courier/sport				http://www.westlothiancourier.co.uk/west-lothian-sport
courier/news				http://www.westlothiancourier.co.uk/west-lothian-news
courier/livingstonfc		http://www.westlothiancourier.co.uk/west-lothian-sport/west-lothian-football/livingston-fc
courier/contactus			http://www.westlothiancourier.co.uk/comment/contact-west-lothian-courier
courier/buyaphoto			http://3400.e-printphoto.co.uk/central/index.cfm?z=z&action=cat&c_id=76733
courier/breakingnews		http://www.westlothiancourier.co.uk/west-lothian-news/scottish-news
courier/bingo				http://www.westlothiancourier.co.uk/lifestyle/play-online-bingo
courier						http://www.westlothiancourier.co.uk
classifieds/property		http://www.westlothiancourier.co.uk/west-lothian-classifieds/property
classifieds/motors			http://www.westlothiancourier.co.uk/west-lothian-classifieds/cars-westlothian
classifieds/ents			http://www.westlothiancourier.co.uk/west-lothian-classifieds/entertainment-westlothian/
classifieds/dialaservice	http://www.westlothiancourier.co.uk/west-lothian-classifieds/westlothian-services/
classifieds/announcements	http://www.bmdsonline.co.uk/?source=tmsc_wl
classifieds					http://www.westlothiancourier.co.uk/west-lothian-classifieds/
bingo						http://www.icbingo.co.uk
