youth	http://forums.mirror.co.uk/viewforum.php?f=28
yourtopten	http://www.mirror.co.uk
yourlifeforum	http://forums.mirror.co.uk/index.php?c=8
yourlife/sexandrelationships	http://www.mirror.co.uk/life-style/sex-health/sex-and-relationships
yourlife/kidsandfamily	http://www.mirror.co.uk/life-style/kids-and-family
yourlife/health	http://www.mirror.co.uk/life-style/sex-health/health-news
yourlife/drmiriam	http://blogs.mirror.co.uk/dear-miriam
yourlife	http://www.mirror.co.uk/life-style
yourfood	http://forums.mirror.co.uk/viewforum.php?f=69
yourfilms	http://forums.mirror.co.uk/viewforum.php?f=29
xmasmessages	http://www.mirror.co.uk
ww1	http://www.mirror.co.uk
worldwar2/tsandcs	http://www.mirror.co.uk
worldwar2/picture-gallery-7	http://www.mirror.co.uk
worldwar2/picture-gallery-6	http://www.mirror.co.uk
worldwar2/picture-gallery-5	http://www.mirror.co.uk
worldwar2/picture-gallery-4	http://www.mirror.co.uk
worldwar2/picture-gallery-3	http://www.mirror.co.uk
worldwar2/picture-gallery-2	http://www.mirror.co.uk
worldwar2/picture-gallery-1	http://www.mirror.co.uk
worldwar2/1945	http://www.mirror.co.uk
worldwar2/1944	http://www.mirror.co.uk
worldwar2/1943	http://www.mirror.co.uk
worldwar2/1942	http://www.mirror.co.uk
worldwar2/1941	http://www.mirror.co.uk
worldwar2/1940	http://www.mirror.co.uk
worldwar2/1939	http://www.mirror.co.uk
worldwar2	http://www.mirror.co.uk
worldwar1/tsandcs	http://www.mirror.co.uk
worldwar1/picture-gallery-7	http://www.mirror.co.uk
worldwar1/picture-gallery-6	http://www.mirror.co.uk
worldwar1/picture-gallery-5	http://www.mirror.co.uk
worldwar1/picture-gallery-4	http://www.mirror.co.uk
worldwar1/picture-gallery-3	http://www.mirror.co.uk
worldwar1/picture-gallery-2	http://www.mirror.co.uk
worldwar1/picture-gallery-1	http://www.mirror.co.uk
worldwar1/1918	http://www.mirror.co.uk
worldwar1/1917	http://www.mirror.co.uk
worldwar1/1916	http://www.mirror.co.uk
worldwar1/1915	http://www.mirror.co.uk
worldwar1/1914	http://www.mirror.co.uk
worldwar1	http://www.mirror.co.uk
worldcup/news	http://www.mirror.co.uk/sport/football
wonder/wltrailer	http://www.mirror.co.uk
wonder/synopsis	http://www.mirror.co.uk
wonder/santa	http://www.mirror.co.uk
wonder/recipes	http://www.mirror.co.uk
wonder/cast	http://www.mirror.co.uk
wonder	http://www.mirror.co.uk
wedigtv	http://www.mirror.co.uk
webandgadgets/shiraz	http://www.mirror.co.uk/news/archive/web-gadets
webandgadgets/iblog	http://www.mirror.co.uk/news/archive/web-gadets
webandgadgets/carol	http://www.mirror.co.uk/news/archive/web-gadets
webandgadgets	http://www.mirror.co.uk/news/technology
war	http://www.mirror.co.uk
vodafan	http://www.mirror.co.uk/sport/football
virals	http://www.mirror.co.uk
videos	http://www.mirror.co.uk/video
veet	http://www.mirror.co.uk/fun-games/competitions
valentinesdaymessages	http://www.mirror.co.uk
valentines	http://www.mirror.co.uk
valentine	http://www.mirror.co.uk
tv-entertainment/tv/soapbox	http://www.mirror.co.uk/tv-entertainment/archive/tv-archive/soapbox
tv-entertainment/music/music-reviews	http://www.mirror.co.uk/tv-entertainment/archive/music-reviews
tv-entertainment/music/glastonbury	http://www.mirror.co.uk/tv-entertainment/archive/glastonbury
tv-entertainment/columnists/jim-shelley	http://www.mirror.co.uk/tv-entertainment/archive/jim-shelley
tv-entertainment/books	http://www.mirror.co.uk/tv-entertainment/archive/books
tv-entertainment/big-brother/pictures	http://www.mirror.co.uk/tv-entertainment/archive/big-brother/big-brother-2009
tv-entertainment/big-brother/big-brother-features	http://www.mirror.co.uk/tv-entertainment/archive/big-brother/big-brother-features
tv-entertainment/big-brother/big-brother-betting	http://www.mirror.co.uk/tv-entertainment/archive/big-brother/big-brother-betting
tv-entertainment/big-brother/big-brother-videos	http://www.mirror.co.uk/tv-entertainment/archive/big-brother/big-brother-2009
tv-entertainment/big-brother/bigbrotherarchive	http://www.mirror.co.uk/tv-entertainment/archive/big-brother/big-brother-2009
tv-entertainment/big-brother/bigbrothernewsroundup	http://www.mirror.co.uk/tv-entertainment/archive/big-brother/big-brother-2009
tv-entertainment/big-brother/bigbrothervideo	http://www.mirror.co.uk/tv-entertainment/archive/big-brother/big-brother-2009
tv-entertainment/big-brother/archive	http://www.mirror.co.uk/tv-entertainment/archive/big-brother
tvandfilm/tvland	http://www.mirror.co.uk/tv-entertainment/tv/tv-land
tvandfilm/todaystv	http://www.mirror.co.uk/tv-entertainment/tv/todays-tv
tvandfilm/theticket/topfive	http://www.mirror.co.uk/tv-entertainment
tvandfilm/theticket/music	http://www.mirror.co.uk/tv-entertainment/music
tvandfilm/theticket/interviews	http://www.mirror.co.uk/tv-entertainment/archive/interviews
tvandfilm/theticket/dvds	http://www.mirror.co.uk/tv-entertainment/dvd
tvandfilm/theticket/books	http://www.mirror.co.uk/tv-entertainment/books
tvandfilm/theticket	http://www.mirror.co.uk/tv-entertainment
tvandfilm/soapbox/latestsoapnews	http://www.mirror.co.uk/tv-entertainment/tv/soapbox
tvandfilm/soapbox/allsoap	http://www.mirror.co.uk/tv-entertainment/archive/tv-archive/soapbox
tvandfilm/soapbox/allsoap	http://www.mirror.co.uk/tv-entertainment/tv/soapbox
tvandfilm/soapbox	http://www.mirror.co.uk/tv-entertainment/tv/soapbox
tvandfilm/shelleyvision	http://www.mirror.co.uk/tv-entertainment/columnists/jim-shelley
tvandfilm/realitytv/imaceleb	http://www.mirror.co.uk/tv-entertainment/imacelebrity
tvandfilm/realitytv/bigbrother	http://www.mirror.co.uk/tv-entertainment/big-brother/archive
tvandfilm/realitytv	http://www.mirror.co.uk/tv-entertainment/archive/tv-archive/reality-tv
tvandfilm/realitytv	http://www.mirror.co.uk/tv-entertainment/archive/reality-tv
tvandfilm/filmstore	http://www.mirrorfilmstore.co.uk
tvandfilm/atthemovies/atthemoviesarchive	http://www.mirror.co.uk/tv-entertainment/film/film-reviews
tvandfilm/atthemovies	http://www.mirror.co.uk/tv-entertainment/film/film-reviews
tvandfilm	http://www.mirror.co.uk/tv-entertainment
tv-entertainment-old	http://www.mirror.co.uk/tv-entertainment 
tuesday	http://www.mirror.co.uk
totallykids/terms	http://www.mirror.co.uk
totallykids/puzzles	http://www.mirror.co.uk
totallykids/dvds	http://www.mirror.co.uk
totallykids/colour	http://www.mirror.co.uk
totallykids	http://www.mirror.co.uk
top5	http://forums.mirror.co.uk/viewforum.php?f=28
ticket/tvland	http://www.mirror.co.uk/tv-entertainment/tv/tv-land
ticket/todaystv	http://www.mirror.co.uk/tv-entertainment/tv/todays-tv
ticket/shellyvision	http://www.mirror.co.uk/tv-entertainment/tv/shelleyvision
threelions	http://www.mirror.co.uk
theticket	http://www.mirror.co.uk/tv-entertainment
teens	http://forums.mirror.co.uk/index.php
teenmums	http://forums.mirror.co.uk/index.php
sweep	http://www.mirror.co.uk
suicide	http://forums.mirror.co.uk/index.php
sport/viral	http://www.boreme.com/?synd=mirror
sport/transfer-gossip	http://blogs.mirror.co.uk/football-spy
sport/topstory	http://www.mirror.co.uk/sport/latest
sport/topstories	http://www.mirror.co.uk/sport/latest
sport/tennis	http://www.mirror.co.uk/sport/more-sport/tennis
sport/sporttop	http://www.mirror.co.uk/sport
sport/sportsdvd	http://www.mirror.co.uk
sport/sportpix	http://www.mirror.co.uk/sport/pictures
sport/sport-pictures	http://www.mirror.co.uk/sport/pictures
sport/sport-news	http://www.mirror.co.uk/sport/latest
sport/sportnews	http://www.mirror.co.uk/sport/latest
sport/sportforums	http://forums.mirror.co.uk/index.php?c=2
sport/spl	http://www.mirror.co.uk/sport/football/scottish-premier-league
sport/snooker	http://www.mirror.co.uk/sport/more-sport/snooker
sport/rugby/rwcgalleries	http://www.mirror.co.uk/sport/rugby
sport/racing-betting/mcgovern	http://www.mirror.co.uk/sport/columnists/mcgovern
sport/racing-betting/betting-boys	http://www.mirror.co.uk/sport/columnists/betting-boys
sport/racing	http://www.mirror.co.uk/sport/racing-betting
sport/pix	http://www.mirror.co.uk/sport/pictures
sport/oliverholt	http://www.mirror.co.uk/sport/columnists/holt
sport/northernireland	http://www.mirror.co.uk/sport/archive/northern-ireland
sport/motorsport/more-motorsport	http://www.mirror.co.uk/sport/motorsport/speedway
sport/motorsport/moremotorsport	http://www.mirror.co.uk/sport/motorsport/more-motorsport
sport/motorsport/formula-3	http://www.mirror.co.uk/sport/motorsport/f3
sport/motorsport/f3/britishf3-news	http://www.mirror.co.uk/sport/motorsport/f3
sport/motorsport/f3/britishf3-pictures	http://www.mirror.co.uk/sport/motorsport/f3
sport/motorsport/f3/britishf3-driver-profiles	http://www.mirror.co.uk/sport/motorsport/f3/britishf3-guide/britishf3-driver-profiles
sport/motorsport/f3/britishf3guide/britishf3-driver-profiles	http://www.mirror.co.uk/sport/motorsport/f3/britishf3-guide/britishf3-driver-profiles
sport/motorsport/f3/britishf3-guide	http://www.mirror.co.uk/sport/motorsport/f3
sport/motorsport/f1weblinks	http://www.mirror.co.uk/sport/motorsport/f1news
sport/motorsport/f1video	http://www.mirror.co.uk/sport/motorsport/f1news
sport/motorsport/f1pictures	http://www.mirror.co.uk/sport/motorsport/f1news
sport/motorsport/f1guides	http://www.mirror.co.uk/sport/motorsport/f1news
sport/motorsport/f1features	http://www.mirror.co.uk/sport/motorsport/f1news
sport/motorsport/f1archive	http://www.mirror.co.uk/sport/motorsport/f1news
sport/motorracing	http://www.mirror.co.uk/sport/motorsport
sport/more	http://www.mirror.co.uk/sport/more-sport
sport/golf	http://www.mirror.co.uk/sport/more-sport/golf
sport/football/waltersmeets	http://www.mirror.co.uk/sport/columnists/walters
sport/football/voiceofthefans	http://www.mirror.co.uk/sport/columnists/voice-of-the-fans
sport/football/viewfromthebottom	http://www.mirror.co.uk/sport/columnists/viewfromthebottom
sport/football/transferwindow/rumourmill	http://www.mirror.co.uk/sport/football
sport/football/transferwindow/rumourmill	http://blogs.mirror.co.uk/football-spy
sport/football/transferwindow/confirmed	http://blogs.mirror.co.uk/football-spy
sport/football/transferwindow	http://blogs.mirror.co.uk/football-spy
sport/football/the-big-match	http://www.mirror.co.uk/sport/football/top-stories
sport/football/scorer	
sport/football/predator	http://www.mirror.co.uk/sport/football
sport/football/news	http://www.mirror.co.uk/sport/latest
sport/football/football-news	http://www.mirror.co.uk/sport/football/top-stories
sport/football/fixtures/spl	http://www.mirror.co.uk/sport/football/scottish-premier-league/fixtures
sport/football/fixtures/premiership	http://www.mirror.co.uk/sport/football/premier-league/fixtures
sport/football/fixtures/championship	http://www.mirror.co.uk/sport/football/championship/fixtures
sport/football/bettingboys	http://www.mirror.co.uk/sport/racing-betting/betting-boys
sport/football/3pm	http://www.mirror.co.uk/sport/columnists/3pm
sport/euro2008/team-profiles	
sport/euro2008/matchtracker	
sport/euro2008/match-reports	
sport/euro2008/downloads	
sport/euro2008/blog	http://blogs.mirror.co.uk/euro-2008
sport/darts	http://www.mirror.co.uk/sport/more-sport/darts
sport/competitions	http://www.mirror.co.uk/fun-games/competitions
sport/columnists/view	http://www.mirror.co.uk/sport/columnists/viewfromthebottom
sport/columnists/result	http://www.mirror.co.uk/sport/racing-betting/mcgovern
sport/columnists/jonathan-pearce	http://www.mirror.co.uk/sport/archive/jonathan-pearce
sport/championsleague	http://www.mirror.co.uk/sport/football/champions-league
sport/boxing	http://www.mirror.co.uk/sport/more-sport/boxing
sport/blogs	http://www.mirror.co.uk/opinion
sport/betting	http://www.mirror.co.uk/sport/racing-betting
sport/athletics	http://www.mirror.co.uk/sport/more-sport/athletics
sport/24by7sport	http://www.mirror.co.uk/sport/latest
spain/spain-competition	http://www.mirror.co.uk
sport-old	http://www.mirror.co.uk/sport
spain	http://www.mirror.co.uk
sofas	http://www.mirror.co.uk
sofa	http://www.mirror.co.uk
slogans	http://www.mirror.co.uk
simplyred/tsandcs	http://www.mirror.co.uk
simplyred/register	http://www.mirror.co.uk
simplyred/download	http://www.mirror.co.uk
simplyred	http://www.mirror.co.uk
showbiz/yourlife/sexandrelationships	http://www.mirror.co.uk/life-style/sex-health/sex-and-relationships
showbiz/yourlife/sexandhealth	http://www.mirror.co.uk/life-style/sex-health
showbiz/yourlife/quitsmoking	http://www.mirror.co.uk/life-style/sex-health
showbiz/yourlife/kidsandfamily	http://www.mirror.co.uk/life-style/kids-and-family
showbiz/yourlife/drmiriam	http://www.mirror.co.uk/advice/archive/miriam
showbiz/yourlife/drmiriam	http://blogs.mirror.co.uk/dear-miriam
showbiz/yourlife/drmiriam	http://www.mirror.co.uk/advice/miriam
showbiz/yourlife	http://www.mirror.co.uk/life-style/real-life
showbiz/westlife	http://www.mirror.co.uk/tv-entertainment/music
showbiz/viral	http://www.boreme.com/?synd=mirror
showbiz/tv/tvland	http://www.mirror.co.uk/tv-entertainment/tv/tv-land
showbiz/tv/todaystv	http://www.mirror.co.uk/tv-entertainment/tv/todays-tv
showbiz/tv/soaps	http://www.mirror.co.uk/tv-entertainment/tv/soapbox
showbiz/tv/soapbox/emmerdale	http://www.mirror.co.uk/tv-entertainment/tv/soapbox/emmerdale
showbiz/tv/soapbox/eastenders	http://www.mirror.co.uk/tv-entertainment/tv/soapbox/eastenders
showbiz/tv/soapbox/coronationst	http://www.mirror.co.uk/tv-entertainment/tv/soapbox/coronation-street
showbiz/tv/soapbox	http://www.mirror.co.uk/tv-entertainment/archive/tv-archive/soapbox
showbiz/tv/soapbox	http://www.mirror.co.uk/tv-entertainment/tv/soapbox
showbiz/tv/shelleyvision	http://www.mirror.co.uk/tv-entertainment/archive/tv-archive/shelleyvision
showbiz/tv/shelleyvision	http://www.mirror.co.uk/tv-entertainment/columnists/jim-shelley
showbiz/tv/realitytv	http://www.mirror.co.uk/tv-entertainment/tv
showbiz/tv	http://www.mirror.co.uk/tv-entertainment/tv
showbiz/trailers	http://www.mirror.co.uk/tv-entertainment
showbiz/theticket	http://www.mirror.co.uk/tv-entertainment
showbiz/tess-daly	http://blogs.mirror.co.uk/tess-daly
showbiz/slimming	http://www.mirrorslimmingclub.co.uk
showbiz/showbizpix	http://www.mirror.co.uk/celebs/pictures
showbiz/showbizforums	http://forums.mirror.co.uk/index.php?c=4
showbiz/realitytv/xfactor	http://www.mirror.co.uk/tv-entertainment/x-factor
showbiz/realitytv/strictly	http://www.mirror.co.uk/tv-entertainment/strictly-come-dancing
showbiz/realitytv/other	http://www.mirror.co.uk/tv-entertainment
showbiz/realitytv/imaceleb	http://www.mirror.co.uk/tv-entertainment
showbiz/realitytv/bigbrother	http://www.mirror.co.uk/tv-entertainment/big-brother
showbiz/realitytv	http://www.mirror.co.uk/tv-entertainment/tv
showbiz/pix	http://www.mirror.co.uk/celebs/pictures
showbiz/oscars	http://www.mirror.co.uk/celebs
showbiz/listings	http://www.mirror.co.uk/celebs
showbiz/latest	http://www.mirror.co.uk/celebs/latest
showbiz/imacelebrity/shelleyometer	http://www.mirror.co.uk/tv-entertainment/columnists/jim-shelley
showbiz/imacelebrity	http://www.mirror.co.uk/tv-entertainment
showbiz/horoscopes/virgo	http://www.mirror.co.uk/life-style/horoscopes/virgo
showbiz/horoscopes/taurus	http://www.mirror.co.uk/life-style/horoscopes/taurus
showbiz/horoscopes/scorpio	http://www.mirror.co.uk/life-style/horoscopes/scorpio
showbiz/horoscopes/sagittarius	http://www.mirror.co.uk/life-style/horoscopes/sagittarius
showbiz/horoscopes/pisces	http://www.mirror.co.uk/life-style/horoscopes/pisces
showbiz/horoscopes/livepsychics	http://www.mirror.co.uk/life-style/horoscopes
showbiz/horoscopes/libra	http://www.mirror.co.uk/life-style/horoscopes/libra
showbiz/horoscopes/leo	http://www.mirror.co.uk/life-style/horoscopes/leo
showbiz/horoscopes/gemini	http://www.mirror.co.uk/life-style/horoscopes/gemini
showbiz/horoscopes/capricorn	http://www.mirror.co.uk/life-style/horoscopes/capricorn
showbiz/horoscopes/cancer	http://www.mirror.co.uk/life-style/horoscopes/cancer
showbiz/horoscopes/aries	http://www.mirror.co.uk/life-style/horoscopes/aries
showbiz/horoscopes/aquarius	http://www.mirror.co.uk/life-style/horoscopes/aquarius
showbiz/horoscopes	http://www.mirror.co.uk/life-style/horoscopes
showbiz/glastonbury	http://www.mirror.co.uk/festivals
showbiz/frontpageshowbiz	http://www.mirror.co.uk/celebs
showbiz/frontpageshowbiz	http://www.mirror.co.uk/celebs/latest
showbiz/filmstore	http://www.mirrorfilmstore.co.uk
showbiz/festivals	http://www.mirror.co.uk/festivals
showbiz/fashionblog	http://fashion.mirror.co.uk
showbiz/eurovision/news	http://www.mirror.co.uk/tv-entertainment/eurovision/news
showbiz/eurovision	http://www.mirror.co.uk/tv-entertainment/eurovision
showbiz/entertainment/music	http://www.mirror.co.uk/tv-entertainment/music
showbiz/entertainment/movies	http://www.mirror.co.uk/tv-entertainment/film
showbiz/entertainment/features	http://www.mirror.co.uk/tv-entertainment
showbiz/entertainment/dvd	http://www.mirror.co.uk/tv-entertainment/archive/dvd
showbiz/entertainment/dvd	http://www.mirror.co.uk/tv-entertainment/dvd
showbiz/entertainment/books	http://www.mirror.co.uk/tv-entertainment/archive/books
showbiz/entertainment/books	http://www.mirror.co.uk/tv-entertainment/books
showbiz/entertainment	http://www.mirror.co.uk/tv-entertainment
showbiz/dating	http://datingdirect.mirror.co.uk/signup/landing.php?mtcmk=086474
showbiz/competitions	http://www.mirror.co.uk/fun-games/competitions
showbiz/celinedionexclusive	http://www.mirror.co.uk/celebs
showbiz/blogs	http://www.mirror.co.uk/opinion
showbiz/bingo	http://www.mirrorbingo.com
showbiz/bigbrother/votes	http://www.mirror.co.uk/tv-entertainment/big-brother/big-brother-votes
showbiz/bigbrother/videos	http://www.mirror.co.uk/tv-entertainment/big-brother/big-brother-videos
showbiz/bigbrother/shelleyometer	http://www.mirror.co.uk/tv-entertainment/columnists/jim-shelley
showbiz/bigbrother/pictures	http://www.mirror.co.uk/tv-entertainment/big-brother/big-brother-picture-galleries
showbiz/bigbrother/opinion	http://blogs.mirror.co.uk/big-brother
showbiz/bigbrother/news	http://www.mirror.co.uk/tv-entertainment/big-brother/big-brother-latest-news
showbiz/bigbrother/housemates	http://www.mirror.co.uk/tv-entertainment/big-brother
showbiz/bigbrother/features	http://www.mirror.co.uk/tv-entertainment/big-brother
showbiz/bigbrother/betting	http://www.mirror.co.uk/tv-entertainment/big-brother
showbiz/bigbrother/archive/2007	http://www.mirror.co.uk/tv-entertainment/big-brother
showbiz/bigbrother/archive/2006	http://www.mirror.co.uk/tv-entertainment/big-brother
showbiz/bigbrother/archive/2005	http://www.mirror.co.uk/tv-entertainment/big-brother
showbiz/bigbrother/archive/2004	http://www.mirror.co.uk/tv-entertainment/big-brother
showbiz/bigbrother/archive/2003	http://www.mirror.co.uk/tv-entertainment/big-brother
showbiz/bigbrother/archive/2002	http://www.mirror.co.uk/tv-entertainment/big-brother
showbiz/bigbrother/archive/2001	http://www.mirror.co.uk/tv-entertainment/big-brother
showbiz/bigbrother/archive/2000	http://www.mirror.co.uk/tv-entertainment/big-brother
showbiz/bigbrother/archive	http://www.mirror.co.uk/tv-entertainment/big-brother
showbiz/bigbrother	http://www.mirror.co.uk/tv-entertainment/big-brother
showbiz/andycapp	http://www.mirror.co.uk/fun-games/cartoons
showbiz/3am/wickedwhispers	http://www.mirror.co.uk/celebs/3am/wickedwhispers
showbiz/3am/surveillance	http://www.mirror.co.uk/celebs/archive/surveillance
showbiz/3am/clocked	http://www.mirror.co.uk/celebs/3am/clocked
showbiz/3am/celebritymap	http://www.mirror.co.uk/celebs/celebrity-map
showbiz/3am	http://www.mirror.co.uk/celebs/3am
showbiz	http://www.mirror.co.uk/celebs
shelleyvision	http://www.mirror.co.uk/tv-entertainment/columnists/jim-shelley
sexandslimming	http://www.mirror.co.uk/life-style/dieting
sexandhealth/slimmingandhealth	http://www.mirror.co.uk/life-style/dieting/dieting-news
sexandhealth/sexandrelationships	http://www.mirror.co.uk/advice/sex-health/sexandrelationships
sexandhealth/miriam	http://www.mirror.co.uk/advice/miriam
sexandhealth/kids	http://www.mirror.co.uk/life-style/kids-and-family
setanta	http://www.mirror.co.uk
rihanna/interview	http://www.mirror.co.uk/fun-games/competitions
rihanna/competition	http://www.mirror.co.uk/fun-games/competitions
rihanna	http://www.mirror.co.uk/fun-games/competitions
rhys	http://www.mirror.co.uk
relationshipsforum	http://forums.mirror.co.uk/viewforum.php?f=25
relationships	http://forums.mirror.co.uk/viewforum.php?f=25
register	http://www.mirror.co.uk/registration
redirect	http://www.mirror.co.uk
quo	http://www.mirror.co.uk
pray	http://forums.mirror.co.uk/viewforum.php?f=58
petrol	http://www.mirror.co.uk/news/top-stories
peoplesrace/videos	http://www.mirror.co.uk
peoplesrace/trainers	http://www.mirror.co.uk
peoplesrace/riders/sweeney/diary	http://www.mirror.co.uk
peoplesrace/riders/sweeney	http://www.mirror.co.uk
peoplesrace/riders/rodgers/diary	http://www.mirror.co.uk
peoplesrace/riders/rodgers	http://www.mirror.co.uk
peoplesrace/riders/robertson/diary	http://www.mirror.co.uk
peoplesrace/riders/robertson	http://www.mirror.co.uk
peoplesrace/riders/plumb/diary	http://www.mirror.co.uk
peoplesrace/riders/plumb	http://www.mirror.co.uk
peoplesrace/riders/patchcott/diary	http://www.mirror.co.uk
peoplesrace/riders/patchcott	http://www.mirror.co.uk
peoplesrace/riders/old/diary	http://www.mirror.co.uk
peoplesrace/riders/old	http://www.mirror.co.uk
peoplesrace/riders/nash/diary	http://www.mirror.co.uk
peoplesrace/riders/nash	http://www.mirror.co.uk
peoplesrace/riders/morleo/diary	http://www.mirror.co.uk
peoplesrace/riders/morleo	http://www.mirror.co.uk
peoplesrace/riders/monger/diary	http://www.mirror.co.uk
peoplesrace/riders/monger	http://www.mirror.co.uk
peoplesrace/riders/marston/diary	http://www.mirror.co.uk
peoplesrace/riders/marston	http://www.mirror.co.uk
peoplesrace/riders/lane/diary	http://www.mirror.co.uk
peoplesrace/riders/lane	http://www.mirror.co.uk
peoplesrace/riders/irving/diary	http://www.mirror.co.uk
peoplesrace/riders/irving	http://www.mirror.co.uk
peoplesrace/riders/hope/diary	http://www.mirror.co.uk
peoplesrace/riders/hope	http://www.mirror.co.uk
peoplesrace/riders/galliers/diary	http://www.mirror.co.uk
peoplesrace/riders/galliers	http://www.mirror.co.uk
peoplesrace/riders/burford/diary	http://www.mirror.co.uk
peoplesrace/riders/burford	http://www.mirror.co.uk
peoplesrace/riders/bouse/diary	http://www.mirror.co.uk
peoplesrace/riders/bouse	http://www.mirror.co.uk
peoplesrace/riders	http://www.mirror.co.uk
peoplesrace/ladbrokes	http://www.mirror.co.uk
peoplesrace/johnsmiths	http://www.mirror.co.uk
peoplesrace/diaries	http://www.mirror.co.uk
peoplesrace/annsblog	http://www.mirror.co.uk
peoplesrace/advice/petersen	http://www.mirror.co.uk
peoplesrace/advice/perham	http://www.mirror.co.uk
peoplesrace/advice/griffiths	http://www.mirror.co.uk
peoplesrace/advice/diet	http://www.mirror.co.uk
peoplesrace/advice/bygrave	http://www.mirror.co.uk
peoplesrace/advice	http://www.mirror.co.uk
peoplesrace	http://www.mirror.co.uk
peoplesawards	http://www.mirror.co.uk
partridge/timeline	http://www.mirror.co.uk
partridge/terms	http://www.mirror.co.uk
partridge/quotes	http://www.mirror.co.uk
partridge/audio	http://www.mirror.co.uk
partridge	http://www.mirror.co.uk
opinion-old	http://www.mirror.co.uk/opinion
nostalgia	http://www.mirror.co.uk
northernireland/sport	http://www.mirror.co.uk/sport/archive/northern-ireland
northernireland/news	http://www.mirror.co.uk/news-old/northernireland
nme	http://www.mirror.co.uk/nmeawards
nhs	http://www.mirror.co.uk
newsletter	http://www.mirror.co.uk/registration
newsforum	http://forums.mirror.co.uk/viewforum.php?f=3
news-old	http://www.mirror.co.uk/news
news/yourtopten	http://www.mirror.co.uk/news
news/worldnews	http://www.mirror.co.uk/news
news/weirdworld	http://www.mirror.co.uk/news/weird-world
news/voiceofthemirror	http://www.mirror.co.uk/opinion/voiceofthemirror
news/uknews	http://www.mirror.co.uk/news
news/uk	http://www.mirror.co.uk/news
news/travel/travelguides	http://www.mirror.co.uk/advice/holidays
news/travel/features	http://www.mirror.co.uk/advice/holidays
news/travel	http://www.mirror.co.uk/advice/holidays
news/topstories	http://www.mirror.co.uk/news/top-stories
news/tonyparsons	http://www.mirror.co.uk/news/columnists/parsons
news/ticker	http://www.mirror.co.uk/news
news/thanks	http://www.mirror.co.uk/news
news/test	http://www.mirror.co.uk/news
news/tenyearsofblair	http://www.mirror.co.uk/news/archive/ten-years-of-blair
news/technology/lynch	http://www.mirror.co.uk/news/more-news/technology-gaming
news/technology/gamezone/reviews	http://www.mirror.co.uk/tv-entertainment/video-games
news/technology/gamezone/comingsoon	http://www.mirror.co.uk/tv-entertainment/video-games
news/technology/gamezone	http://www.mirror.co.uk/tv-entertainment/video-games
news/sundaymirror	http://www.mirror.co.uk/sunday-mirror
news/suecarroll	http://www.mirror.co.uk/news/columnists/sue-carroll
news/sudoku	http://www.mirror.co.uk/fun-games/sudoku
news/sportsnews/topstories	http://www.mirror.co.uk/sport/latest
news/sportsnews	http://www.mirror.co.uk/sport/latest
news/showbiz	http://www.mirror.co.uk/celebs/news
news/showbiz	http://www.mirror.co.uk/celebs/latest-celebs
news/scottishnews	http://www.mirror.co.uk/news
news/science-blog	http://blogs.mirror.co.uk/science
news/richardhammond	http://www.mirror.co.uk/advice/motoring/hammond
news/pix	http://www.mirror.co.uk/news/pictures
news/paulroutledge	http://www.mirror.co.uk/news/columnists/routledge
news/newspix	http://www.mirror.co.uk/news/pictures
news/news-pictures	http://www.mirror.co.uk/news/pictures
news/newsforum	http://forums.mirror.co.uk/index.php?c=3
news/motoring/webchat	http://www.mirror.co.uk/advice/motoring
news/motoring/news	http://www.mirror.co.uk/advice/motoring
news/motoring/news	http://www.mirror.co.uk/advice/motoring/news
news/motoring/hammond	http://www.mirror.co.uk/advice/motoring/hammond
news/motoring	http://www.mirror.co.uk/advice/motoring
news/more-news/money-business	http://www.mirror.co.uk/advice/money/mirror-money
news/money/mirrormoney	http://www.mirror.co.uk/news/more-news/money-business
news/money/mirrormoney	http://www.mirror.co.uk/advice/money/mirror-money
news/money/city	http://www.mirror.co.uk/news/more-news/money-business
news/money/city	http://www.mirror.co.uk/news/city-news
news/money	http://www.mirror.co.uk/news/more-news/money-business
news/money	http://www.mirror.co.uk/news/city-news
news/mirrorinvestigates	http://blogs.mirror.co.uk/investigations
news/kerber	http://www.mirror.co.uk/fun-games/cartoons
news/jobs	http://www.mirror.co.uk/advice/more-advice/jobs
news/investigates/investigatesarchive	http://blogs.mirror.co.uk/investigations
news/investigates	http://www.mirror.co.uk/advice/archive/investigates
news/investigates	http://blogs.mirror.co.uk/investigations
news/hitchens	http://www.mirror.co.uk/news/columnists/hitchens
news/healthnews	http://www.mirror.co.uk/life-style/sex-health/health-news
news/gotastory	http://www.mirror.co.uk/about-the-mirror/contact-us
news/general-election	http://www.mirror.co.uk/news/politics
news/gamezone	http://www.mirror.co.uk/tv-entertainment/video-games
news/front	http://www.mirror.co.uk/news/top-stories
news/fiona	http://www.mirror.co.uk/news/columnists/phillips
news/election	http://www.mirror.co.uk/news/archive/election
news/diana	http://www.mirror.co.uk/news
news/crosswords/quizword	http://www.mirror.co.uk/fun-games/crosswords
news/crosswords/quick	http://www.mirror.co.uk/fun-games/crosswords
news/crosswords/cryptic	http://www.mirror.co.uk/fun-games/crosswords
news/crosswords/crosswordarchive	http://www.mirror.co.uk/fun-games/crosswords
news/crosswords/crossword	http://www.mirror.co.uk/fun-games/crosswords
news/crosswords	http://www.mirror.co.uk/fun-games/crosswords
news/copy	http://www.mirror.co.uk
news/competitions	http://www.mirror.co.uk/fun-games/competitions
news/columnists/polly	http://www.mirror.co.uk/celebs/columnists/polly
news/columnists/fiona	http://www.mirror.co.uk/news/columnists/mcintosh
news/columnists/fiona	http://www.mirror.co.uk/news/columnists/phillips
news/columnists/carroll	http://www.mirror.co.uk/news/columnists/sue-carroll
news/columnists/carroll	http://www.mirror.co.uk/news/columnists/sue-carroll
news/cartoons	http://www.mirror.co.uk/fun-games/cartoons
news/businessguide	http://www.mirror.co.uk/advice/more-advice/business-guide
news/business	http://www.mirror.co.uk/news
news/brianreade	http://www.mirror.co.uk/news/columnists/reade
news/breakingnews	http://www.mirror.co.uk/news/top-stories
news/blogs	http://www.mirror.co.uk/opinion
news/billborrows	http://www.mirror.co.uk/news/archive/bill-burrows
news/bigbrother	http://www.mirror.co.uk/tv-entertainment/big-brother/big-brother-latest-news
news/allnews	http://www.mirror.co.uk/news/latest
news/aboutus/termsandconditions	http://www.mirror.co.uk/terms_conditions
news/aboutus/privacystatement	http://www.mirror.co.uk/priv_statement
news/aboutus/fortherecord	http://www.mirror.co.uk/about-the-mirror/for-the-record
news/aboutus/corrections	http://www.mirror.co.uk/about-the-mirror/for-the-record
news/aboutus/contactus	http://www.mirror.co.uk/about-the-mirror/contact-us
news/aboutus	http://www.mirror.co.uk/about-the-mirror/about-us
news/24by7panews	http://www.mirror.co.uk/news/latest
nelson-mandelas-90th-birthday/news	http://www.mirror.co.uk
nelson-mandelas-90th-birthday	http://www.mirror.co.uk
national	http://www.thenational.co.uk/gn/home.sd
nathan	http://www.mirror.co.uk
mysteryfiles/wallpapers	http://www.mirror.co.uk
mysteryfiles/tsandcs	http://www.mirror.co.uk
mysteryfiles/clips	http://www.mirror.co.uk
mysteryfiles	http://www.mirror.co.uk
mrmen/game	http://www.mirror.co.uk
mrmen/competition	http://www.mirror.co.uk
mrmen	http://www.mirror.co.uk
motoring/richardhammond	http://www.mirror.co.uk/advice/motoring/hammond
motoring	http://www.mirror.co.uk/advice/motoring
more/wonderful	http://www.mirror.co.uk
money/mirrormoney	http://www.mirror.co.uk/advice/money/mirror-money
money	http://www.mirror.co.uk/advice/money
monday	http://www.mirror.co.uk
mobo	http://www.mirror.co.uk/celebs/latest/2007/08/23/amy-up-for-four-mobos-89520-19677986
mirrorreaderpanel	https://ecustomeropinions.com/popup/survey.php?sid=206358465
mirrormoney/yourmoney	http://www.mirror.co.uk/advice/money/mirror-money
mirrormoney/mirrormoney	http://www.mirror.co.uk/advice/money/mirror-money
mirrormoney/jobs/mycv	http://www.mirror.co.uk/advice/more-advice/jobs
mirrormoney/jobs/employmentnews	http://www.mirror.co.uk/advice/more-advice/jobs
mirrormoney/jobs	http://www.mirror.co.uk/advice/more-advice/jobs
mirrormoney	http://www.mirror.co.uk/advice/money/mirror-money
miriam/survey/thanks	http://www.mirror.co.uk/miriam
miriam/survey	http://www.mirror.co.uk/miriam
mccane	http://www.mirror.co.uk
mccain	http://www.mirror.co.uk
mcane	http://www.mirror.co.uk
mcain	http://www.mirror.co.uk
manofthematch/winner	http://www.mirror.co.uk/sport/rugby
manofthematch/terms	http://www.mirror.co.uk/sport/rugby
manofthematch/product	http://www.mirror.co.uk/sport/rugby
manofthematch/player	http://www.mirror.co.uk/sport/rugby
manofthematch/map	http://www.mirror.co.uk/sport/rugby
manofthematch/howtoplay	http://www.mirror.co.uk/sport/rugby
manofthematch/home	http://www.mirror.co.uk/sport/rugby
manofthematch/forums	http://www.mirror.co.uk/sport/rugby
manofthematch/fixtures	http://www.mirror.co.uk/sport/rugby
manofthematch/archive	http://www.mirror.co.uk/sport/rugby
manofthematch	http://www.mirror.co.uk/sport/rugby
mandela	http://www.mirror.co.uk
mammamia/tsandcs	http://www.mirror.co.uk
mammamia/trailer	http://www.mirror.co.uk
mammamia/songs	http://www.mirror.co.uk
mammamia/making-of	http://www.mirror.co.uk
mammamia/holiday	http://www.mirror.co.uk
mammamia/enter	http://www.mirror.co.uk
mammamia	http://www.mirror.co.uk
littlemiss/game	http://www.mirror.co.uk
littlemiss/competitions	http://www.mirror.co.uk
littlemiss	http://www.mirror.co.uk
limbo	http://www.mirror.co.uk
lifestyleandleisure/travel	http://www.mirror.co.uk/advice/holidays
lifestyleandleisure/motoring/richardhammond	http://www.mirror.co.uk/advice/motoring/hammond
lifestyleandleisure/holidays	http://www.mirror.co.uk/advice/holidays
lifestyleandleisure/gardening	http://www.mirror.co.uk/advice/gardening
lifestyle/yourlife/sexandrelationships	http://www.mirror.co.uk/life-style/sex-health/sex-and-relationships
lifestyle/yourlife/sexandhealth	http://www.mirror.co.uk/life-style/sex-health
lifestyle/yourlife/rebekahsjourney	http://www.mirror.co.uk/life-style/sex-health/rebekahs-journey
lifestyle/yourlife/quitsmoking	http://www.mirror.co.uk/life-style/sex-health
lifestyle/yourlife/kidsandfamily	http://www.mirror.co.uk/life-style/kids-and-family
lifestyle/yourlife/fashion	http://www.mirror.co.uk/life-style/fashion-beauty
lifestyle/yourlife/drmiriam	http://blogs.mirror.co.uk/dear-miriam
lifestyle/yourlife/dieting/reallifestories	http://www.mirror.co.uk/life-style/dieting/real-life-diet-stories
lifestyle/yourlife/dieting/dietsandtips	http://www.mirror.co.uk/life-style/dieting/expert-diet-secret
lifestyle/yourlife/dieting/celebritydiets	http://www.mirror.co.uk/life-style/dieting/celebrity-dieting
lifestyle/yourlife/dieting	http://www.mirror.co.uk/life-style/dieting
lifestyle/yourlife	http://www.mirror.co.uk/life-style
lifestyle/slimming	http://www.mirrorslimmingclub.co.uk
life-style-old	http://www.mirror.co.uk/life-style
life-style/sex-health/rebekahs-journey	http://www.mirror.co.uk/life-style/real-life/rebekahs-journey
life-style/sex-health/health-news	http://www.mirror.co.uk/news/health-news
life-style/sex-health/sex-and-relationships	http://www.mirror.co.uk/life-style/sex-health
life-style/pisces	http://www.mirror.co.uk/life-style/horoscopes/pisces
life-style/more-life/rebekahsjourney	http://www.mirror.co.uk/life-style/real-life/rebekahs-journey
lifestyle/mirrorshopping	http://www.mirrorshopping.co.uk
life-style/libra	http://www.mirror.co.uk/life-style/horoscopes/libra
life-style/leo	http://www.mirror.co.uk/life-style/horoscopes/leo
lifestyle/horoscopes/virgo	http://www.mirror.co.uk/life-style/horoscopes/virgo
lifestyle/horoscopes/taurus	http://www.mirror.co.uk/life-style/horoscopes/taurus
lifestyle/horoscopes/scorpio	http://www.mirror.co.uk/life-style/horoscopes/scorpio
lifestyle/horoscopes/sagittarius	http://www.mirror.co.uk/life-style/horoscopes/sagittarius
lifestyle/horoscopes/pisces	http://www.mirror.co.uk/life-style/horoscopes/pisces
lifestyle/horoscopes/livepsychics	http://www.mirror.co.uk/life-style/horoscopes
lifestyle/horoscopes/libra	http://www.mirror.co.uk/life-style/horoscopes/libra
lifestyle/horoscopes/leo	http://www.mirror.co.uk/life-style/horoscopes/leo
lifestyle/horoscopes/gemini	http://www.mirror.co.uk/life-style/horoscopes/gemini
lifestyle/horoscopes/capricorn	http://www.mirror.co.uk/life-style/horoscopes/capricorn
lifestyle/horoscopes/cancer	http://www.mirror.co.uk/life-style/horoscopes/cancer
lifestyle/horoscopes/aries	http://www.mirror.co.uk/life-style/horoscopes/aries
lifestyle/horoscopes/aquarius	http://www.mirror.co.uk/life-style/horoscopes/aquarius
lifestyle/horoscopes	http://www.mirror.co.uk/life-style/horoscopes
lifestyle/health	http://www.mirror.co.uk/life-style/sex-health
life-style/gemini	http://www.mirror.co.uk/life-style/horoscopes/gemini
life-style/fashion-beauty/tess-daly	http://blogs.mirror.co.uk/tess-daly
life-style/fashion-beauty/fashion	http://www.mirror.co.uk/life-style/archive/fashion
life-style/fashion-beauty/beauty	http://www.mirror.co.uk/life-style/fashion-beauty
life-style/fashion	http://www.mirror.co.uk/life-style/archive/fashion
lifestyle/drmiriam-old	http://blogs.mirror.co.uk/dear-miriam
life-style/drmiriam	http://blogs.mirror.co.uk/dear-miriam
lifestyle/drmiriam	http://blogs.mirror.co.uk/dear-miriam
lifestyle/diet	http://www.mirror.co.uk/life-style/dieting
lifestyle/dating	http://www.mirror.co.uk/life-style/dating
life-style/capricorn	http://www.mirror.co.uk/life-style/horoscopes/capricorn
life-style/cancer	http://www.mirror.co.uk/life-style/horoscopes/cancer
life-style/aries	http://www.mirror.co.uk/life-style/horoscopes/aries
life-style/aquarius	http://www.mirror.co.uk/life-style/horoscopes/aquarius
lifestyle	http://www.mirror.co.uk/life-style
leona	http://www.mirror.co.uk
legends/terms	http://www.mirror.co.uk
legends	http://www.mirror.co.uk
ledzeppelin/video	http://www.mirror.co.uk
ledzeppelin/tsandcs	http://www.mirror.co.uk
ledzeppelin/thankyou	http://www.mirror.co.uk
ledzeppelin/register	http://www.mirror.co.uk
ledzeppelin/prizedraw	http://www.mirror.co.uk
ledzeppelin/preorder	http://www.mirror.co.uk
ledzeppelin/news	http://www.mirror.co.uk
ledzeppelin/footage	http://www.mirror.co.uk
ledzeppelin/download	http://www.mirror.co.uk
ledzeppelin	http://www.mirror.co.uk
ledzeplin	http://www.mirror.co.uk
ledzepellin	http://www.mirror.co.uk
ledzepelin	http://www.mirror.co.uk
leapyear	http://www.mirror.co.uk
leadzeppelin	http://www.mirror.co.uk
lastsupper	http://www.mirror.co.uk
jigsaws	http://www.mirror.co.uk/fun-games
jigsaw/terms	http://www.mirror.co.uk/fun-games
jigsaw	http://www.mirror.co.uk/fun-games
irishrugby	http://www.mirror.co.uk
inthenightgarden	http://www.mirror.co.uk
horoscopes/virgo	http://www.mirror.co.uk/life-style/horoscopes/virgo
horoscopes/taurus	http://www.mirror.co.uk/life-style/horoscopes/taurus
horoscopes/scorpio	http://www.mirror.co.uk/life-style/horoscopes/scorpio
horoscopes/sagittarius	http://www.mirror.co.uk/life-style/horoscopes/sagittarius
horoscopes/pisces	http://www.mirror.co.uk/life-style/horoscopes/pisces
horoscopes/libra	http://www.mirror.co.uk/life-style/horoscopes/libra
horoscopes/leo	http://www.mirror.co.uk/life-style/horoscopes/leo
horoscopes/gemini	http://www.mirror.co.uk/life-style/horoscopes/gemini
horoscopes/capricorn	http://www.mirror.co.uk/life-style/horoscopes/capricorn
horoscopes/cancer	http://www.mirror.co.uk/life-style/horoscopes/cancer
horoscopes/aries	http://www.mirror.co.uk/life-style/horoscopes/aries
horoscopes/aquarius	http://www.mirror.co.uk/life-style/horoscopes/aquarius
holidays/mirrortravel	http://www.mirror.co.uk/advice/holidays
hitchens/news	http://www.mirror.co.uk/news/columnists/hitchens
highschoolmusical	http://www.mirror.co.uk
heathledger	http://www.mirror.co.uk
healthguru	http://www.mirror.co.uk
hannahmontana	http://www.mirror.co.uk
golfgenius	http://www.mirror.co.uk
goexplore/weather	http://www.mirror.co.uk
goexplore/watch	http://www.mirror.co.uk
goexplore/terms	http://www.mirror.co.uk
goexplore/seashore	http://www.mirror.co.uk
goexplore/rockmineral	http://www.mirror.co.uk
goexplore/pondriver	http://www.mirror.co.uk
goexplore/plant	http://www.mirror.co.uk
goexplore/planets	http://www.mirror.co.uk
goexplore/pdf	http://www.mirror.co.uk
goexplore/ocean	http://www.mirror.co.uk
goexplore/naturaldisaster	http://www.mirror.co.uk
goexplore/jungle	http://www.mirror.co.uk
goexplore/humanmachine	http://www.mirror.co.uk
goexplore/flight	http://www.mirror.co.uk
goexplore/download	http://www.mirror.co.uk
goexplore/dinosaur	http://www.mirror.co.uk
goexplore/colour	http://www.mirror.co.uk
goexplore	http://www.mirror.co.uk
goaldash	http://ad-emea.doubleclick.net/clk;254207003;77983888;u?https://mirror.goaldash.com/?utm_source=mirror&utm_medium=cpa&utm_campaign=1203_printad&gdtrack=dailymirror
giftoflife/giftoflife	http://www.mirror.co.uk
giftoflife	http://www.mirror.co.uk
gene	http://www.mirror.co.uk
gda/sweet	http://www.mirror.co.uk
gda/how	http://www.mirror.co.uk
gda/fat	http://www.mirror.co.uk
gda/balance	http://www.mirror.co.uk
gda	http://www.mirror.co.uk
gardening	http://gardening.mirror.co.uk
gameshows	http://www.mirror.co.uk/tv-entertainment/tv
gamesandfun/verbotomy	http://www.mirror.co.uk/fun-games/sudoku
gamesandfun/sudoku	http://www.mirror.co.uk/fun-games/sudoku
gamesandfun/strategy	http://www.mirror.co.uk/fun-games/free-games
gamesandfun/puzzle	http://www.mirror.co.uk/fun-games/free-games
gamesandfun/poker	http://www.mirror-poker.co.uk
gamesandfun/lotto	https://mirror.mylotto24.co.uk/app/trace/en/GB/themirror/jsp/?partnerId=150
gamesandfun/game-of-the-day	http://www.mirror.co.uk/fun-games/free-games
gamesandfun/fun-games	http://www.mirror.co.uk/fun-games/free-games
gamesandfun/crosswords	http://www.mirror.co.uk/fun-games/crosswords
gamesandfun/competitions	http://www.mirror.co.uk/fun-games/competitions
gamesandfun/competitions	http://www.mirror.co.uk/fun-games/competitions
gamesandfun/casino	http://www.mirrorcasino.com
gamesandfun/cartoons	http://www.mirror.co.uk/fun-games/cartoons
gamesandfun/cardandboard	http://www.mirror.co.uk/fun-games/free-games
gamesandfun/bingo	http://www.mirrorbingo.com
gamesandfun	http://www.mirror.co.uk/fun-games
fundaysout	http://www.mirror.co.uk
funandgames/sudoku	http://www.mirror.co.uk/fun-games/sudoku
funandgames/gamezone/xbox360	http://www.mirror.co.uk/news/more-news/technology-gaming/gamezone
funandgames/gamezone/xbox	http://www.mirror.co.uk/news/more-news/technology-gaming/gamezone
funandgames/gamezone/psp	http://www.mirror.co.uk/news/more-news/technology-gaming/gamezone
funandgames/gamezone/ps2	http://www.mirror.co.uk/news/more-news/technology-gaming/gamezone
funandgames/gamezone/pc	http://www.mirror.co.uk/news/more-news/technology-gaming/gamezone
funandgames/gamezone/handheldandmobile	http://www.mirror.co.uk/news/more-news/technology-gaming/gamezone
funandgames/gamezone/gamecube	http://www.mirror.co.uk/news/more-news/technology-gaming/gamezone
funandgames/crosswords	http://www.mirror.co.uk/fun-games/crosswords
funandgames/competitions	http://www.mirror.co.uk/fun-games/competitions
funandgames/cartoons	http://www.mirror.co.uk/fun-games/cartoons
funandgames	http://www.mirror.co.uk/fun-games
fun-games-old	http://www.mirror.co.uk/fun-games
forumstest	http://www.mirror.co.uk
football	http://www.mirror.co.uk/sport/football
fingerprints	http://www.mirror.co.uk
fightback/winners/worker	http://www.mirror.co.uk
fightback/winners/family	http://www.mirror.co.uk
fightback/winners/entrepreneur	http://www.mirror.co.uk
fightback/winners	http://www.mirror.co.uk
fightback/tsandcs	http://www.mirror.co.uk
fightback/toptips	http://www.mirror.co.uk
fightback/thanks	http://www.mirror.co.uk
fightback/quiz	http://www.mirror.co.uk
fightback/fightbacks	http://www.mirror.co.uk
fightback/facts	http://www.mirror.co.uk
fightback/competition	http://www.mirror.co.uk
fightback/coldorflu	http://www.mirror.co.uk
fightback/casestudies	http://www.mirror.co.uk
fightback	http://www.mirror.co.uk
festivals/competitions	http://www.mirror.co.uk/festivals
fantasyrugby	http://www.mirror.co.uk/sport
events/terms	http://www.mirror.co.uk
events	http://www.mirror.co.uk
europe	http://www.mirror.co.uk
euro2008	http://www.mirror.co.uk/sport/euro2008
estelle	http://www.mirror.co.uk/fun-games/competitions
entertainment/theticket/music	http://www.mirror.co.uk/tv-entertainment/music
entertainment/theticket	http://www.mirror.co.uk/tv-entertainment
entertainment/soapbox/latestsoapnews	http://www.mirror.co.uk/tv-entertainment/tv
entertainment/gamereviews	http://www.mirror.co.uk/tv-entertainment/video-games
embody/tsandcs	http://www.mirror.co.uk
embody	http://www.mirror.co.uk
eagles	http://www.mirror.co.uk/fun-games/competitions
duranduran/duranduran	http://www.mirror.co.uk
duranduran	http://www.mirror.co.uk
divide	http://www.mirror.co.uk
diehard4	http://www.mirror.co.uk
diana	http://www.mirror.co.uk
detention	http://www.mirror.co.uk
deadlineday	http://www.mirror.co.uk
dating/romance	http://www.mirror.co.uk/life-style/dating
dateforfree	http://datingdirect.mirror.co.uk/signup/landing.php?mtcmk=086474
date4free	http://datingdirect.mirror.co.uk/signup/landing.php?mtcmk=086474
darkknight	http://www.mirror.co.uk/fun-games/competitions
darfur	http://www.mirror.co.uk
dahl/terms	http://www.mirror.co.uk
dahl/competition	http://www.mirror.co.uk
dahl	http://www.mirror.co.uk
dads	http://www.mirror.co.uk
creditcrunch	http://www.mirror.co.uk/advice/credit-crunch
corfu/corfu-competition	http://www.mirror.co.uk
corfu	http://www.mirror.co.uk
contactus	http://www.mirror.co.uk/about-the-mirror/contact-us
confess	http://www.mirror.co.uk
columnists/tonyparsons/tonyparsons	http://www.mirror.co.uk/news/columnists/parsons
columnists/tonyparsons	http://www.mirror.co.uk/news/columnists/parsons
columnists/suecarroll/suecarroll	http://www.mirror.co.uk/news/columnists/sue-carroll
columnists/suecarroll	http://www.mirror.co.uk/news/columnists/sue-carroll
columnists/shelleyvision	http://blogs.mirror.co.uk/shelleyvision
columnists/paulroutledge	http://www.mirror.co.uk/news/columnists/routledge
columnists/oliverholt	http://www.mirror.co.uk/sport/columnists/holt
columnists/fiona/fiona	http://www.mirror.co.uk/news/columnists/phillips
columnists/brianreadesport/readesport	http://www.mirror.co.uk/sport/columnists/reade
columnists/brianreade	http://www.mirror.co.uk/sport/columnists/reade
columnists	http://www.mirror.co.uk/opinion
celebs2	http://www.mirror.co.uk/celebs
celebs/latest-celebs	http://www.mirror.co.uk/celebs/latest
celebs/celebs-pictures	http://www.mirror.co.uk/celebs/pictures
celebs/celebs-on-sunday/health	http://www.mirror.co.uk/celebs/celebs-on-sunday
celebs/celebs-on-sunday/features	http://www.mirror.co.uk/celebs/celebs-on-sunday
celebs-old http://www.mirror.co.uk/celebs
catchall	http://www.mirror.co.uk/news/top-stories
carers	http://www.mirror.co.uk
boyracers	http://www.mirror.co.uk
blogs	http://www.mirror.co.uk/opinion
blog/uk	http://www.mirror.co.uk/opinion
blog/sport	http://www.mirror.co.uk/opinion
blog/scienceandtech	http://www.mirror.co.uk/opinion
blog/peoplesrace	http://www.mirror.co.uk/opinion
blog/mirrorinvestigates	http://blogs.mirror.co.uk/investigations
blog/fashion	http://fashion.mirror.co.uk
blog/environment	http://blogs.mirror.co.uk/science
blog/entertainment	http://www.mirror.co.uk/opinion
blog/editor	http://www.mirror.co.uk/opinion
blog	http://www.mirror.co.uk/opinion
blackbritian	http://www.mirror.co.uk
blackbritannia	http://www.mirror.co.uk
blackbritain/gallery	http://www.mirror.co.uk
blackbritain	http://www.mirror.co.uk
bigin2008	http://www.mirror.co.uk
bigbrother/news	http://www.mirror.co.uk/tv-entertainment/big-brother/big-brother-latest-news
bigbrother	http://www.mirror.co.uk/tv-entertainment/big-brother
betting	http://www.paddypower.com/bet?action=cmp&cid=117&AFF_ID=720
bbforum	http://forums.mirror.co.uk/viewforum.php?f=21
atthemovies/atthemovies	http://www.mirror.co.uk/tv-entertainment/film/film-reviews
atlas	http://www.mirror.co.uk
archive/archive 	http://www.mirror.co.uk/news/top-stories
archive	http://www.mirror.co.uk/news/top-stories
aig	http://www.mirror.co.uk
age	http://www.mirror.co.uk
advice/travel/britain/festivals		http://www.mirror.co.uk/celebs/festivals
advice/motoring/willson	http://www.mirror.co.uk/advice/archive/motoring/willson
advice/motoring/news	http://www.mirror.co.uk/advice/archive/motoring/news
advice/motoring/judge-tread	http://www.mirror.co.uk/advice/archive/motoring/judge-tread
advice/motoring/hammond	http://www.mirror.co.uk/advice/archive/motoring/hammond
advice/more-advice/jobs	http://www.mirror.co.uk/advice/jobs
advice/money/treasure-hunter	http://www.mirror.co.uk/advice/money
advice/money/mirror-money	http://www.mirror.co.uk/advice/money
advice/money/melanie-wright	http://www.mirror.co.uk/advice/money
advice/money/cashpoint	http://www.mirror.co.uk/advice/money
advice/mirror-investigates/archive	http://www.mirror.co.uk/advice/archive/investigates
advice/latest	http://www.mirror.co.uk/advice/most-popular
advice/homes/tricks-trade	http://www.mirror.co.uk/advice/archive/homes/tricks-trade
advice/homes/property-of-the-week	http://www.mirror.co.uk/advice/archive/homes/property-of-the-week
advice/homes/how-to	http://www.mirror.co.uk/advice/archive/homes/how-to
advice/homes/buying-guide	http://www.mirror.co.uk/advice/archive/homes/buying-guide
advice/homes/archive	http://www.mirror.co.uk/advice/archive/homes
advice/homes/abroad	http://www.mirror.co.uk/advice/archive/homes/abroad
advice/homes	http://www.mirror.co.uk/advice/archive/homes
advice/holidays/uk-great-days-out	http://www.mirror.co.uk/advice/travel/britain/great-days-out
advice/holidays/top-holidays	http://www.mirror.co.uk/advice/travel
advice/holidays/doc-holiday	http://www.mirror.co.uk/advice/travel
advice/holidays/deals-of-the-week	http://www.mirror.co.uk/advice/travel
advice/holidays/cities/worldwide	http://www.mirror.co.uk/advice/travel
advice/holidays/cities/europe	http://www.mirror.co.uk/advice/travel/europe
advice/holidays/cities/asia	http://www.mirror.co.uk/advice/travel/asia
advice/holidays/cities/americas	http://www.mirror.co.uk/advice/travel/north-america
advice/holidays/cities	http://www.mirror.co.uk/advice/travel
advice/holidays/britain/hotels-bandbs	http://www.mirror.co.uk/advice/travel/britain/bandbs
advice/holidays/britain/country	http://www.mirror.co.uk/advice/travel/britain/country-cottages
advice/holidays/britain/coast	http://www.mirror.co.uk/advice/travel/britain/british-beaches
advice/holidays/britain/cities	http://www.mirror.co.uk/advice/travel/britain/city-breaks
advice/holidays/britain	http://www.mirror.co.uk/advice/travel/britain
advice/holidays/beaches/worldwide	http://www.mirror.co.uk/advice/travel
advice/holidays/beaches/europe	http://www.mirror.co.uk/advice/travel/europe
advice/holidays/beaches/asia	http://www.mirror.co.uk/advice/travel/asia
advice/holidays/beaches/americas	http://www.mirror.co.uk/advice/travel/north-america
advice/holidays/beaches	http://www.mirror.co.uk/advice/travel
advice/holidays/adventure/natural-world	http://www.mirror.co.uk/advice/travel
advice/holidays/adventure/families	http://www.mirror.co.uk/advice/travel
advice/holidays/adventure/cruises	http://www.mirror.co.uk/advice/travel
advice/holidays/adventure/activities	http://www.mirror.co.uk/advice/travel/britain/activity-holidays
advice/holidays/adventure	http://www.mirror.co.uk/advice/travel/britain/activity-holidays
advice/holidays	http://www.mirror.co.uk/advice/travel
advice/gardening/special-offers	http://www.mirror.co.uk/advice/archive/gardening/special-offers
advice/gardening/how-to	http://www.mirror.co.uk/advice/archive/gardening/how-to
advice/gardening/get-the-look	http://www.mirror.co.uk/advice/archive/gardening/get-the-look
advice/gardening/gardening-tasks	http://www.mirror.co.uk/advice/archive/gardening/gardening-tasks
advice/gardening/garden-archive	http://www.mirror.co.uk/advice/archive/gardening
advice/gardening/expert	http://www.mirror.co.uk/advice/archive/gardening/expert
advice-old	http://www.mirror.co.uk/advice
aboutus/termsconditions	http://www.mirror.co.uk/terms_conditions
aboutus/fortherecord	http://www.mirror.co.uk/about-the-mirror/for-the-record
aboutus/corrections	http://www.mirror.co.uk/about-the-mirror/for-the-record
aboutus/contactus	http://www.mirror.co.uk/about-the-mirror/contact-us
aboutus	http://www.mirror.co.uk/about-the-mirror/about-us
aboutthemirror/fortherecord	http://www.mirror.co.uk/about-the-mirror/for-the-record
aboutthemirror/contactus	http://www.mirror.co.uk/about-the-mirror/contact-us
aboutthemirror/aboutus	http://www.mirror.co.uk/about-the-mirror/about-us
aboutthemirror	http://www.mirror.co.uk/about-the-mirror/about-us
abortion	http://www.mirror.co.uk
3am/wickedwhispers	http://www.mirror.co.uk/celebs/3am/wickedwhispers
3am/surveillance	http://www.mirror.co.uk/celebs/archive/surveillance
3am/3amhidden	http://www.mirror.co.uk/celebs/3am
3am/3amcontent	http://www.mirror.co.uk/celebs/3am
topics/pride-of-britain-awards	http://www.mirror.co.uk/news/pride-of-britain-awards
topics/pixiwoo		 http://www.mirror.co.uk/life-style/beauty
topics/nadia-sawalha	 http://www.mirror.co.uk/life-style/nadia-sawalha-food
topics/sally-morgan	 http://www.mirror.co.uk/life-style/psychic-sally-morgan
topics/danielle-lineker	 http://www.mirror.co.uk/news/columnists/danielle-lineker
topics/coleen-nolan	 http://www.mirror.co.uk/life-style/kids-and-family/coleen_nolan
topics/jeff-brazier	 http://www.mirror.co.uk/life-style/jeff-brazier-family-talk 

