news	http://www.dailypost.co.uk/news
business	http://www.dailypost.co.uk/news/business-news
sport	http://www.dailypost.co.uk/sport-news
sport/rugby	http://www.dailypost.co.uk/sport-news/rugby-news
business/businessnews	http://www.dailypost.co.uk/news/business-news
football/wrexhamfc	http://www.wrexhamchronicle.co.uk/wrexham-fc
wrexhamfc	http://www.dailypost.co.uk/sport-news/wrexham-fc/
wrexhamfc/news	http://www.dailypost.co.uk/sport-news/wrexham-fc/
post/speeding	http://www.dailypost.co.uk
post/wrexhamriots	http://www.dailypost.co.uk
post/safestations	http://www.dailypost.co.uk
post/secure	http://www.dailypost.co.uk
post/policeracism	http://www.dailypost.co.uk
business/achievementwales	http://www.dailypost.co.uk/news/business-news/achievement-north-wales
dailypost	http://www.dailypost.co.uk
dailypost/news	http://www.dailypost.co.uk/news
dailypost/sport	http://www.dailypost.co.uk/sport-news
dailypost/whatson	http://www.dailypost.co.uk/leisure
dailypost/eating	http://www.dailypost.co.uk/leisure
dailypost/farming	http://www.dailypost.co.uk/farming-north-wales
dailypost/business	http://www.dailypost.co.uk/news/business-news
dailypost/opinion	http://www.dailypost.co.uk/discussion
dailypost/contact	http://www.dailypost.co.uk/useful-info/contact-us 
dailypost/opinion/comment	http://www.dailypost.co.uk/discussion/comment
dailypost/opinion/letters	http://www.dailypost.co.uk/discussion/readers-letters
dailypost/eating/outforabite	http://www.dailypost.co.uk/leisure/restaurants-north-wales/bars-eateries
dailypost/eating/restaurant	http://www.dailypost.co.uk/leisure/restaurants-north-wales/
dailypost/whatson/news	http://www.dailypost.co.uk/leisure/entertainment-news 
dailypost/whatson/film	http://www.dailypost.co.uk/leisure/film-reviews
dailypost/news/national	http://www.dailypost.co.uk/news/uk-world-news
dailypost/news/multimedia	http://www.dailypost.co.uk/videos-pics
dailypost/news/tellus	http://www.dailypost.co.uk/useful-info/contact-us
dailypost/news/wales	http://www.dailypost.co.uk/news/north-wales-news
dailypost/sport/efc	http://www.dailypost.co.uk/sport-news/everton-fc
dailypost/sport/lfc	http://www.dailypost.co.uk/sport-news/liverpool-fc
dailypost/sport/mufc	http://www.dailypost.co.uk/sport/sport-news/man-utd-fc
dailypost/sport/wrexham	http://www.dailypost.co.uk/sport-news/wrexham-fc
dailypost/sport/wpremier	http://www.dailypost.co.uk/sport-news/welsh-football-league
dailypost/sport/football	http://www.dailypost.co.uk/sport-news/football-news
dailypost/sport/rugby	http://www.dailypost.co.uk/sport-news/rugby-news
dailypost/news/unsorted	http://www.dailypost.co.uk
dailypost/sport/sportunsorted	http://www.dailypost.co.uk
dailypost/sport/other	http://www.dailypost.co.uk/sport-news/other-sport
dailypost/whatson/ticketshop	http://www.dailypost.co.uk
dailypost/news/breakingnews	http://www.dailypost.co.uk/news/breaking-news 
dailypost/whatson/theatre	http://www.dailypost.co.uk/leisure/theatre-reviews
dailypost/sport/national	http://www.dailypost.co.uk/sport-news/wales-football-team
dailypost/eating/bestpubs	http://www.dailypost.co.uk/leisure/restaurants-north-wales/pubs-north-wales
dailypost/eating/tastetest	http://www.dailypost.co.uk/leisure/restaurants-north-wales/restaurant-reviews
dailypost/whatson/tvradio	http://www.dailypost.co.uk/leisure/tv-radio-listings
dailypost/games	http://www.dailypost.co.uk/fun-online-games/games
dailypost/games/billiards	http://www.dailypost.co.uk/fun-online-games/games/deluxe-blast-billiards
dailypost/games/golf	http://www.dailypost.co.uk/fun-online-games/games/3d-golf
dailypost/games/parking	http://www.dailypost.co.uk/fun-online-games/games/parking-perfection
dailypost/games/volley	http://www.dailypost.co.uk/fun-online-games/games/volley 
dailypost/bands	http://www.dailypost.co.uk/leisure/bands-music
dailypost/bands/localbands	http://www.dailypost.co.uk/leisure/bands-music/bands-north-wales
dailypost/bands/contact	http://www.dailypost.co.uk/leisure/bands-music/contact
dailypost/text	http://www.dailypost.co.uk
dailypost/sport/wrexham/dragonsden	http://www.dailypost.co.uk/sport-news/wrexham-fc
dailypost/news/postoffice	http://www.dailypost.co.uk/news/in-depth/post-offices
dailypost/weirdwales	http://www.dailypost.co.uk/fun-online-games/weird-wales
dailypost/countrywalks	http://www.dailypost.co.uk/leisure/walks-in-north-wales
dailypost/friends	http://www.dailypost.co.uk/discussion/friends-of-the-daily-post
dailypost/friends/messageboard	http://www.dailypost.co.uk/discussion/friends-of-the-daily-post
dailypost/friends/contact	http://www.dailypost.co.uk/discussion/friends-of-the-daily-post
dailypost/friends/registration	http://www.dailypost.co.uk/discussion/friends-of-the-daily-post/registration
dailypost/farming/blog	http://www.dailypost.co.uk/farming-north-wales/north-wales-farming-blogs
dailypost/blogs	http://www.dailypost.co.uk/discussion/north-wales-blogs
dailypost/rhyl	http://www.dailypost.co.uk/community-websites/rhyl-wales
dailypost/rhyl/yourstory	http://www.dailypost.co.uk/community-websites/rhyl-wales
dailypost/rhyl/yourpics	http://www.dailypost.co.uk/community-websites/rhyl-wales
dailypost/rhyl/yourvids	http://www.dailypost.co.uk/community-websites/rhyl-wales
dailypost/rhyl/contacts	http://www.dailypost.co.uk/community-websites/rhyl-wales
dailypost/rhyl/council	http://www.dailypost.co.uk/community-websites/rhyl-wales
dailypost/rhyl/education	http://www.dailypost.co.uk/community-websites/rhyl-wales
dailypost/rhyl/health	http://www.dailypost.co.uk/community-websites/rhyl-wales
dailypost/rhyl/tourism	http://www.dailypost.co.uk/community-websites/rhyl-wales
dailypost/rhyl/goingout	http://www.dailypost.co.uk/community-websites/rhyl-wales
dailypost/rhyl/charities	http://www.dailypost.co.uk/community-websites/rhyl-wales
dailypost/rhyl/about	http://www.dailypost.co.uk/community-websites/rhyl-wales
dailypost/rhyl/leisure	http://www.dailypost.co.uk/community-websites/rhyl-wales
dailypost/rhyl/yourpics/galleries	http://www.dailypost.co.uk/community-websites/rhyl-wales
dailypost/elections	http://www.dailypost.co.uk/news/in-depth/assembly-elections
dailypost/cyclinginquests	http://www.dailypost.co.uk/news/business-news/achievement-north-wales
dailypost/tygobaith	http://www.dailypost.co.uk
dailypost/tygobaith/multimedia	http://www.dailypost.co.uk
dailypost/tygobaith/history	http://www.dailypost.co.uk
dailypost/tygobaith/howtohelp	http://www.dailypost.co.uk
dailypost/achievementwales	http://www.dailypost.co.uk/news/business-news/achievement-north-wales
dailypost/eisteddfod	http://www.dailypost.co.uk/news/in-depth/national-eisteddfod
dailypost/eisteddfod/news	http://www.dailypost.co.uk/news/in-depth/national-eisteddfod
dailypost/eisteddfod/pictures	http://www.dailypost.co.uk/news/in-depth/national-eisteddfod
yourvale/yourviews/messageboard	http://www.yourvale.co.uk/views-blogs/north-wales-forums
yourvale/yourviews/letters	http://www.yourvale.co.uk/views-blogs
yourvale/yourviews/forums	http://www.yourvale.co.uk/views-blogs/north-wales-forums
yourvale/yourviews/blogs	http://www.yourvale.co.uk/views-blogs/blogs
yourvale/yourviews	http://www.yourvale.co.uk/views-blogs
yourvale/yourtime	http://www.yourvale.co.uk/leisure
yourvale/yoursport/rugby	http://www.yourvale.co.uk/sport/clwyd-rugby-union-news
yourvale/yoursport/othersport	http://www.yourvale.co.uk/sport/vale-of-clwyd-sport 
yourvale/yoursport/football	http://www.yourvale.co.uk/sport/clwyd-football-news 
yourvale/yoursport/cricket	http://www.yourvale.co.uk/sport/clwyd-cricket-news
yourvale/yoursport	http://www.yourvale.co.uk/sport
yourvale/yournews	http://www.yourvale.co.uk/news
yourvale/yourgalleries	http://www.yourvale.co.uk/videos-pics
yourvale/stasaph/stasaphsport	http://www.yourvale.co.uk/sport
yourvale/stasaph/stasaphnews	http://www.yourvale.co.uk/news/where-i-live/st-asaph-news
yourvale/stasaph	http://www.yourvale.co.uk/news/where-i-live/st-asaph-news
yourvale/ruthin/ruthinsport	http://www.yourvale.co.uk/sport
yourvale/ruthin/ruthinnews	http://www.yourvale.co.uk/news/where-i-live/ruthin-news
yourvale/ruthin	http://www.yourvale.co.uk/news/where-i-live/ruthin-news
yourvale/otherareas/otherareassport	http://www.yourvale.co.uk/sport
yourvale/otherareas/otherareasnews	http://www.yourvale.co.uk/news/where-i-live
yourvale/otherareas	http://www.yourvale.co.uk/news/where-i-live
yourvale/localjobs	http://www.yourvale.co.uk/vale-of-clwyd-classifieds
yourvale/llangollen/llangollensport	http://www.yourvale.co.uk/sport
yourvale/llangollen/llangollennews	http://www.yourvale.co.uk/news/where-i-live/llangollen-news
yourvale/llangollen	http://www.yourvale.co.uk/news/where-i-live/llangollen-news
yourvale/focus/urdd2008	http://www.yourvale.co.uk
yourvale/focus/elections08	http://www.yourvale.co.uk
yourvale/focus	http://www.yourvale.co.uk
yourvale/denbigh/denbighsport	http://www.yourvale.co.uk/sport
yourvale/denbigh/denbighnews	http://www.yourvale.co.uk/news/where-i-live/denbigh-news
yourvale/denbigh	http://www.yourvale.co.uk/news/where-i-live/denbigh-news
yourvale/corwen/corwensport	http://www.yourvale.co.uk/sport
yourvale/corwen/corwennews	http://www.yourvale.co.uk/news/where-i-live/corwen-news
yourvale/corwen	http://www.yourvale.co.uk/news/where-i-live/corwen-news
yourvale/contactus	http://www.yourvale.co.uk
yourvale/community	http://www.yourvale.co.uk
yourvale/bala/balasport	http://www.yourvale.co.uk/sport
yourvale/bala/balanews	http://www.yourvale.co.uk/news/where-i-live/bala-news
yourvale/bala	http://www.yourvale.co.uk/news/where-i-live/bala-news
yourvale/adfeatures	http://www.yourvale.co.uk
yourvale	http://www.yourvale.co.uk
valeadvertiser/yourtime/theatre	http://www.yourvale.co.uk/leisure
valeadvertiser/yourtime/past	http://www.yourvale.co.uk/leisure
valeadvertiser/yourtime/outdoors	http://www.yourvale.co.uk/leisure
valeadvertiser/yourtime/music	http://www.yourvale.co.uk/leisure
valeadvertiser/yourtime/health	http://www.yourvale.co.uk/leisure
valeadvertiser/yourtime/garden	http://www.yourvale.co.uk/leisure
valeadvertiser/yourtime/family	http://www.yourvale.co.uk/leisure
valeadvertiser/yourtime/books	http://www.yourvale.co.uk/leisure
valeadvertiser/yourtime/art	http://www.yourvale.co.uk/leisure
valeadvertiser/yourtime	http://www.yourvale.co.uk/leisure
valeadvertiser/weekend	http://www.yourvale.co.uk/leisure
valeadvertiser/views/messageboard	http://www.yourvale.co.uk/views-blogs/north-wales-forums
valeadvertiser/views/blogs	http://www.yourvale.co.uk/views-blogs/blogs
valeadvertiser/views	http://www.yourvale.co.uk/views-blogs
valeadvertiser/test/denbigh	http://www.yourvale.co.uk
valeadvertiser/test	http://www.yourvale.co.uk
valeadvertiser/sport/forum	http://www.yourvale.co.uk/sport
valeadvertiser/sport	http://www.yourvale.co.uk/sport
valeadvertiser/news	http://www.yourvale.co.uk/news
valeadvertiser/letters	http://www.yourvale.co.uk/views-blogs
valeadvertiser/galleries	http://www.yourvale.co.uk/videos-pics
valeadvertiser/contacts/travel	http://www.yourvale.co.uk
valeadvertiser/contacts/politics	http://www.yourvale.co.uk
valeadvertiser/contacts/localorganisations	http://www.yourvale.co.uk
valeadvertiser/contacts/leisure	http://www.yourvale.co.uk
valeadvertiser/contacts/health	http://www.yourvale.co.uk
valeadvertiser/contacts/goingout	http://www.yourvale.co.uk
valeadvertiser/contacts/facilities	http://www.yourvale.co.uk
valeadvertiser/contacts/emergency	http://www.yourvale.co.uk
valeadvertiser/contacts/education	http://www.yourvale.co.uk
valeadvertiser/contacts	http://www.yourvale.co.uk
valeadvertiser/contact	http://www.yourvale.co.uk
valeadvertiser/christmas	http://www.yourvale.co.uk
valeadvertiser/adfeatures	http://www.yourvale.co.uk
valeadvertiser	http://www.yourvale.co.uk

# North Wales Weekly News
weeklynews/yourchampions		http://www.northwalesweeklynews.co.uk/conwy-county-news
weeklynews/whatson/theatre		http://www.northwalesweeklynews.co.uk/lifestyle-leisure/entertainment-news
weeklynews/whatson/past			http://www.northwalesweeklynews.co.uk/lifestyle-leisure/entertainment-news
weeklynews/whatson/outdoors		http://www.northwalesweeklynews.co.uk/lifestyle-leisure/entertainment-news
weeklynews/whatson/music		http://www.northwalesweeklynews.co.uk/lifestyle-leisure/entertainment-news
weeklynews/whatson/health		http://www.northwalesweeklynews.co.uk/lifestyle-leisure/entertainment-news
weeklynews/whatson/garden		http://www.northwalesweeklynews.co.uk/lifestyle-leisure/entertainment-news
weeklynews/whatson/family		http://www.northwalesweeklynews.co.uk/lifestyle-leisure/entertainment-news
weeklynews/whatson/books		http://www.northwalesweeklynews.co.uk/lifestyle-leisure/entertainment-news
weeklynews/whatson/art			http://www.northwalesweeklynews.co.uk/lifestyle-leisure/entertainment-news
weeklynews/whatson				http://www.northwalesweeklynews.co.uk/lifestyle-leisure/entertainment-news
weeklynews/wewantwalton			http://www.northwalesweeklynews.co.uk/conwy-county-news
weeklynews/welshwizard			http://www.northwalesweeklynews.co.uk/conwy-county-news
weeklynews/weekend				http://www.northwalesweeklynews.co.uk/conwy-county-news
weeklynews/views/messageboard	http://www.northwalesweeklynews.co.uk/views-blogs/forums
weeklynews/views				http://www.northwalesweeklynews.co.uk/views-blogs
weeklynews/unsorted/news		http://www.northwalesweeklynews.co.uk
weeklynews/unsorted				http://www.northwalesweeklynews.co.uk
weeklynews/sportingmemories		http://www.northwalesweeklynews.co.uk/conwy-sport
weeklynews/sport/forum			http://www.northwalesweeklynews.co.uk/conwy-sport
weeklynews/sport/awards/athletes	http://www.northwalesweeklynews.co.uk/conwy-sport
weeklynews/sport/awards			http://www.northwalesweeklynews.co.uk/conwy-sport
weeklynews/sport				http://www.northwalesweeklynews.co.uk/conwy-sport
weeklynews/saveourshops			http://www.northwalesweeklynews.co.uk/conwy-county-news
weeklynews/poetscorner			http://www.northwalesweeklynews.co.uk/conwy-county-news
weeklynews/petidol				http://www.northwalesweeklynews.co.uk/conwy-county-news
weeklynews/pasttimes			http://www.northwalesweeklynews.co.uk/conwy-county-news
weeklynews/news					http://www.northwalesweeklynews.co.uk/conwy-county-news/local-conwy-news
weeklynews/multimedia			http://www.northwalesweeklynews.co.uk/videos-pictures
weeklynews/localjobs			http://www.northwalesweeklynews.co.uk/classifieds
weeklynews/letters				http://www.northwalesweeklynews.co.uk/views-blogs/readers-letters
weeklynews/ggallery				http://www.northwalesweeklynews.co.uk/videos-pictures
weeklynews/gardening			http://www.northwalesweeklynews.co.uk/lifestyle-leisure
weeklynews/galleries			http://www.northwalesweeklynews.co.uk/videos-pictures
weeklynews/focus/urdd/gallery	http://www.northwalesweeklynews.co.uk/conwy-county-news
weeklynews/focus/urdd/english	http://www.northwalesweeklynews.co.uk/conwy-county-news
weeklynews/focus/urdd/cymraeg	http://www.northwalesweeklynews.co.uk/conwy-county-news
weeklynews/focus/urdd			http://www.northwalesweeklynews.co.uk/conwy-county-news
weeklynews/focus/schools		http://www.northwalesweeklynews.co.uk/conwy-county-news
weeklynews/focus/election08		http://www.northwalesweeklynews.co.uk/conwy-county-news
weeklynews/focus/brunstrom		http://www.northwalesweeklynews.co.uk/conwy-county-news
weeklynews/focus				http://www.northwalesweeklynews.co.uk/conwy-county-news
weeklynews/contacts/travel		http://www.northwalesweeklynews.co.uk
weeklynews/contacts/politics	http://www.northwalesweeklynews.co.uk
weeklynews/contacts/localorganisations	http://www.northwalesweeklynews.co.uk
weeklynews/contacts/lesiure		http://www.northwalesweeklynews.co.uk
weeklynews/contacts/health		http://www.northwalesweeklynews.co.uk
weeklynews/contacts/goingout	http://www.northwalesweeklynews.co.uk
weeklynews/contacts/facilities	http://www.northwalesweeklynews.co.uk
weeklynews/contacts/emergency	http://www.northwalesweeklynews.co.uk
weeklynews/contacts/education	http://www.northwalesweeklynews.co.uk
weeklynews/contacts				http://www.northwalesweeklynews.co.uk
weeklynews/contact				http://www.northwalesweeklynews.co.uk/site-map/contact-us
weeklynews/christmas			http://www.northwalesweeklynews.co.uk/classifieds/advertising-features
weeklynews/breaking				http://www.northwalesweeklynews.co.uk/conwy-county-news/conwy-breaking-news
weeklynews/blogs				http://www.northwalesweeklynews.co.uk/views-blogs/blogs
weeklynews/adfeatures/body		http://www.northwalesweeklynews.co.uk/classifieds/advertising-features
weeklynews/adfeatures			http://www.northwalesweeklynews.co.uk/classifieds/advertising-features
weeklynews						http://www.northwalesweeklynews.co.uk

## icNorthWales redirects
caernarfonherald/women									http://www.caernarfonherald.co.uk/lifestyle-leisure
caernarfonherald/whatson/theatre						http://www.caernarfonherald.co.uk/lifestyle-leisure
caernarfonherald/whatson/past							http://www.caernarfonherald.co.uk/lifestyle-leisure
caernarfonherald/whatson/outdoors						http://www.caernarfonherald.co.uk/lifestyle-leisure
caernarfonherald/whatson/music							http://www.caernarfonherald.co.uk/lifestyle-leisure
caernarfonherald/whatson/health							http://www.caernarfonherald.co.uk/lifestyle-leisure
caernarfonherald/whatson/garden							http://www.caernarfonherald.co.uk/lifestyle-leisure
caernarfonherald/whatson/family							http://www.caernarfonherald.co.uk/lifestyle-leisure
caernarfonherald/whatson/books							http://www.caernarfonherald.co.uk/lifestyle-leisure
caernarfonherald/whatson/art							http://www.caernarfonherald.co.uk/lifestyle-leisure
caernarfonherald/whatson								http://www.caernarfonherald.co.uk/lifestyle-leisure
caernarfonherald/welshwizard							http://www.caernarfonherald.co.uk/lifestyle-leisure
caernarfonherald/weekend								http://www.caernarfonherald.co.uk/caernarfon-county-news
caernarfonherald/views/messageboard						http://www.caernarfonherald.co.uk/views-blogs/forums
caernarfonherald/views/blogs							http://www.caernarfonherald.co.uk/views-blogs/blogs
caernarfonherald/views									http://www.caernarfonherald.co.uk/views-blogs
caernarfonherald/usefulcontacts/travel					http://www.caernarfonherald.co.uk/caernarfon-county-news
caernarfonherald/usefulcontacts/politics				http://www.caernarfonherald.co.uk/caernarfon-county-news
caernarfonherald/usefulcontacts/leisure					http://www.caernarfonherald.co.uk/caernarfon-county-news
caernarfonherald/usefulcontacts/health					http://www.caernarfonherald.co.uk/caernarfon-county-news
caernarfonherald/usefulcontacts/emergencycontacts		http://www.caernarfonherald.co.uk/caernarfon-county-news
caernarfonherald/usefulcontacts/education				http://www.caernarfonherald.co.uk/caernarfon-county-news
caernarfonherald/usefulcontacts/communityfacilities		http://www.caernarfonherald.co.uk/caernarfon-county-news
caernarfonherald/usefulcontacts							http://www.caernarfonherald.co.uk/caernarfon-county-news
caernarfonherald/sport/heraldsportforums				http://www.caernarfonherald.co.uk/caernarfon-sport
caernarfonherald/sport/extra							http://www.caernarfonherald.co.uk/caernarfon-sport
caernarfonherald/sport/blastfromthepast					http://www.caernarfonherald.co.uk/caernarfon-sport
caernarfonherald/sport									http://www.caernarfonherald.co.uk/caernarfon-sport
caernarfonherald/news									http://www.caernarfonherald.co.uk/caernarfon-county-news
caernarfonherald/multimedia								http://www.caernarfonherald.co.uk/videos-pictures
caernarfonherald/memorylane								http://www.caernarfonherald.co.uk/videos-pictures
caernarfonherald/localjobs								http://www.caernarfonherald.co.uk/caernarfon-jobs
caernarfonherald/letters								http://www.caernarfonherald.co.uk/views-blogs/readers-letters
caernarfonherald/grassroots								http://www.caernarfonherald.co.uk/caernarfon-county-news
caernarfonherald/galleries								http://www.caernarfonherald.co.uk/videos-pictures
caernarfonherald/focus/urdd2008							http://www.caernarfonherald.co.uk/caernarfon-county-news
caernarfonherald/focus/schools/gallery					http://www.caernarfonherald.co.uk/caernarfon-county-news
caernarfonherald/focus/schools							http://www.caernarfonherald.co.uk/caernarfon-county-news
caernarfonherald/focus/rescue							http://www.caernarfonherald.co.uk/caernarfon-county-news
caernarfonherald/focus/race/gallery						http://www.caernarfonherald.co.uk/caernarfon-county-news
caernarfonherald/focus/race								http://www.caernarfonherald.co.uk/caernarfon-county-news
caernarfonherald/focus/election08						http://www.caernarfonherald.co.uk/caernarfon-county-news
caernarfonherald/focus/caernarfon2008/gallery			http://www.caernarfonherald.co.uk/caernarfon-county-news
caernarfonherald/focus/caernarfon2008					http://www.caernarfonherald.co.uk/caernarfon-county-news
caernarfonherald/focus									http://www.caernarfonherald.co.uk/caernarfon-county-news
caernarfonherald/contact								http://www.caernarfonherald.co.uk/sitemap/contact-us
caernarfonherald/christmas								http://www.caernarfonherald.co.uk/caernarfon-county-news
caernarfonherald/breaking								http://www.caernarfonherald.co.uk/caernarfon-county-news/caernarfon-breaking-news
caernarfonherald/adfeatures/out-and-about-at-easter		http://www.caernarfonherald.co.uk/classifieds
caernarfonherald/adfeatures/new-registration			http://www.caernarfonherald.co.uk/classifieds
caernarfonherald/adfeatures/londis-y-ffor				http://www.caernarfonherald.co.uk/classifieds
caernarfonherald/adfeatures/fairways					http://www.caernarfonherald.co.uk/classifieds/
caernarfonherald/adfeatures/easter-homes-and-gardens	http://www.caernarfonherald.co.uk/classifieds
caernarfonherald/adfeatures/brides						http://www.caernarfonherald.co.uk/classifieds
caernarfonherald/adfeatures/beautique					http://www.caernarfonherald.co.uk/classifieds
caernarfonherald/adfeatures								http://www.caernarfonherald.co.uk/classifieds
caernarfonherald										http://www.caernarfonherald.co.uk
#Online series
bangorandangleseymail/yourtime/theatre	http://www.theonlinemail.co.uk/lifestyle-leisure
bangorandangleseymail/yourtime/past	http://www.theonlinemail.co.uk/lifestyle-leisure
bangorandangleseymail/yourtime/outdoors	http://www.theonlinemail.co.uk/lifestyle-leisure
bangorandangleseymail/yourtime/music	http://www.theonlinemail.co.uk/lifestyle-leisure
bangorandangleseymail/yourtime/health	http://www.theonlinemail.co.uk/lifestyle-leisure
bangorandangleseymail/yourtime/garden	http://www.theonlinemail.co.uk/lifestyle-leisure
bangorandangleseymail/yourtime/family	http://www.theonlinemail.co.uk/lifestyle-leisure
bangorandangleseymail/yourtime/books	http://www.theonlinemail.co.uk/lifestyle-leisure
bangorandangleseymail/yourtime/art	http://www.theonlinemail.co.uk/lifestyle-leisure
bangorandangleseymail/yourtime	http://www.theonlinemail.co.uk/lifestyle-leisure
bangorandangleseymail/weekend	http://www.theonlinemail.co.uk/lifestyle-leisure
bangorandangleseymail/views/messageboard	http://www.theonlinemail.co.uk/views-blogs/forums
bangorandangleseymail/views/blogs	http://www.theonlinemail.co.uk/views-blogs/blogs
bangorandangleseymail/views	http://www.theonlinemail.co.uk/views-blogs
bangorandangleseymail/sport/forum	http://www.theonlinemail.co.uk/sport
bangorandangleseymail/sport	http://www.theonlinemail.co.uk/sport
bangorandangleseymail/news	http://www.theonlinemail.co.uk/bangor-and-anglesey-news
bangorandangleseymail/localjobs	http://www.theonlinemail.co.uk/classifieds/local-jobs
bangorandangleseymail/letters	http://www.theonlinemail.co.uk/views-blogs/readers-letters
bangorandangleseymail/galleries	http://www.theonlinemail.co.uk/videos-pictures/bangor-and-anglesey-photos
bangorandangleseymail/focus/urdd2008	http://www.theonlinemail.co.uk/bangor-and-anglesey-news
bangorandangleseymail/focus/election08	http://www.theonlinemail.co.uk/bangor-and-anglesey-news
bangorandangleseymail/focus	http://www.theonlinemail.co.uk/bangor-and-anglesey-news
bangorandangleseymail/contacts/travel	http://www.theonlinemail.co.uk
bangorandangleseymail/contacts/politics	http://www.theonlinemail.co.uk
bangorandangleseymail/contacts/localorganisations	http://www.theonlinemail.co.uk
bangorandangleseymail/contacts/leisure	http://www.theonlinemail.co.uk
bangorandangleseymail/contacts/health	http://www.theonlinemail.co.uk
bangorandangleseymail/contacts/goingout	http://www.theonlinemail.co.uk
bangorandangleseymail/contacts/facilities	http://www.theonlinemail.co.uk
bangorandangleseymail/contacts/emergency	http://www.theonlinemail.co.uk
bangorandangleseymail/contacts/education	http://www.theonlinemail.co.uk
bangorandangleseymail/contacts	http://www.theonlinemail.co.uk/sitemap/contact-us
bangorandangleseymail/contact	http://www.theonlinemail.co.uk/sitemap/contact-us
bangorandangleseymail/christmas	http://www.theonlinemail.co.uk
bangorandangleseymail/adfeatures/xpression-hair-design	http://www.theonlinemail.co.uk/classifieds
bangorandangleseymail/adfeatures/wedding-belles	http://www.theonlinemail.co.uk/classifieds
bangorandangleseymail/adfeatures/tre-ysgawen-hall-bridal-fair	http://www.theonlinemail.co.uk/classifieds
bangorandangleseymail/adfeatures/out-and-about-at-easter	http://www.theonlinemail.co.uk/classifieds
bangorandangleseymail/adfeatures/new-registration	http://www.theonlinemail.co.uk/classifieds
bangorandangleseymail/adfeatures/mudian-ysgol-meithrin	http://www.theonlinemail.co.uk/classifieds
bangorandangleseymail/adfeatures/fairways	http://www.theonlinemail.co.uk/classifieds
bangorandangleseymail/adfeatures/easter-homes-and-gardens	http://www.theonlinemail.co.uk/classifieds
bangorandangleseymail/adfeatures/brides	http://www.theonlinemail.co.uk/classifieds
bangorandangleseymail/adfeatures	http://www.theonlinemail.co.uk/classifieds
bangorandangleseymail	http://www.theonlinemail.co.uk
	
#flintshirechronicle

flintshire/infodesk/travel	http://www.flintshirechronicle.co.uk/flintshire-information/flintshire-community-contacts/flintshire-transport
flintshire/infodesk/mps		http://www.flintshirechronicle.co.uk/flintshire-information/flintshire-community-contacts/flintshire-mps-councillors
flintshire/infodesk/local	http://www.flintshirechronicle.co.uk/flintshire-information/flintshire-community-contacts/flintshire-local-organisations
flintshire/infodesk/leisure	http://www.flintshirechronicle.co.uk/flintshire-information/flintshire-community-contacts/flintshire-sport-leisure-groups
flintshire/infodesk/health	http://www.flintshirechronicle.co.uk/flintshire-information/flintshire-community-contacts/flintshire-health-contacts
flintshire/infodesk/facilities	http://www.flintshirechronicle.co.uk/flintshire-information/flintshire-community-contacts/flintshire-community-facilities
flintshire/infodesk/emergency	http://www.flintshirechronicle.co.uk/flintshire-information/flintshire-community-contacts/flintshire-emergency-numbers
flintshire/infodesk/education	http://www.flintshirechronicle.co.uk/flintshire-information/flintshire-community-contacts/flintshire-education-schools
flintshire/infodesk		http://www.flintshirechronicle.co.uk/flintshire-information
flintshire/forums		http://www.flintshirechronicle.co.uk/views-blogs/flintshire-forums
flintshire/flintshire-garden-competition	http://www.flintshirechronicle.co.uk/flintshire-news/campaigns
flintshire/feedback		http://www.flintshirechronicle.co.uk/views-blogs/send-a-story
flintshire/contact		http://www.flintshirechronicle.co.uk/sitemap/contact-flintshire-chronicle
flintshire/celebrations		http://www.flintshirechronicle.co.uk/entertainment-flintshire
flintshire/breaking		http://www.flintshirechronicle.co.uk/flintshire-news/flintshire-breaking-news
flintshire/blogs		http://www.flintshirechronicle.co.uk/views-blogs/flintshire-blogs
flintshire/advertising-features	http://www.flintshirechronicle.co.uk/flintshire-classifieds/flintshire-supplements-features
flintshire			http://www.flintshirechronicle.co.uk

#wrexhamchronicle

wrexham-chronicle	http://www.wrexhamchronicle.co.uk
wrexhamfc/news	http://www.wrexhamchronicle.co.uk/wrexham-fc
wrexhamfc	http://www.wrexhamchronicle.co.uk/wrexham-fc
wrexham-chronicle/wrexham-sport	http://www.wrexhamchronicle.co.uk/wrexham-sport
wrexham-chronicle/wrexham-news	http://www.wrexhamchronicle.co.uk/wrexham-news
wrexham-chronicle/wrexham-forums	http://forums.wrexhamchronicle.co.uk
wrexham-chronicle/wrexham-fc-news	http://www.wrexhamchronicle.co.uk/wrexham-fc
wrexham-chronicle/wrexham-e-edition	http://www.wrexhamchronicle.co.uk/wrexham-news
wrexham-chronicle/contact-wrexham-chronicle	http://www.wrexhamchronicle.co.uk/sitemap/contact-wrexham-chronicle
wrexham-chronicle/advertising-features	http://www.wrexhamchronicle.co.uk/wrexham-classifieds
