ytm http://www.mirror.co.uk/sunday-mirror/ytm
video	http://www.mirror.co.uk/video
thebigquestion	http://www.mirror.co.uk
terms_conditions	http://www.mirror.co.uk/terms_conditions
tc	http://www.mirror.co.uk/terms_conditions
sundaymirrorclassic	http://www.mirror.co.uk/sport
sport/tennis	http://www.mirror.co.uk/sport/more-sport/tennis
sport/snooker	http://www.mirror.co.uk/sport/more-sport/snooker
sport/rugby	http://www.mirror.co.uk/sport/rugby
sport/racing	http://www.mirror.co.uk/sport/racing-betting
sport/poker	http://www.mirror-poker.co.uk
sport/motorsport	http://www.mirror.co.uk/sport/more-sport
sport/moresport	http://www.mirror.co.uk/sport/more-sport
sport/latestsport	http://www.mirror.co.uk/sport/latest
sport/golf	http://www.mirror.co.uk/sport/more-sport/golf
sport/frontpagesport	http://www.mirror.co.uk/sport
sport/football	http://www.mirror.co.uk/sport/football
sport/cricket	http://www.mirror.co.uk/sport/cricket
sport/columnists/thewritestuff	http://www.mirror.co.uk/sport/columnists
sport/columnists/themole	http://www.mirror.co.uk/sport/columnists/the-mole
sport/columnists/pearce	http://www.mirror.co.uk/sport/columnists/jonathan-pearce
sport/columnists/hay	http://www.mirror.co.uk/sport/columnists
sport/columnists/butcher	http://www.mirror.co.uk/sport/columnists
sport/columnists/alecstewart	http://www.mirror.co.uk/sport/columnists/alec-stewart
sport/columnists	http://www.mirror.co.uk/sport/columnists
sport/casino	http://www.sundaymirrorcasino.com
sport/boxing	http://www.mirror.co.uk/sport/more-sport/boxing
sport/bingo	http://www.sundaymirrorbingo.com
sport/athletics	http://www.mirror.co.uk/sport/more-sport/athletics
sport	http://www.mirror.co.uk/sport
sixnations http://www.mirror.co.uk/rugby
showbiz/zoesinvite	http://www.mirror.co.uk/celebs/columnists/zoe
showbiz/tv	http://www.mirror.co.uk/tv-entertainment/tv
showbiz/slimming	http://www.mirror.co.uk/life-style/dieting
showbiz/showbiznews	http://www.mirror.co.uk/celebs/latest
showbiz/music	http://www.mirror.co.uk/tv-entertainment/music
showbiz/movies	http://www.mirror.co.uk/tv-entertainment/film
showbiz/horoscopes	http://www.mirror.co.uk/life-style/horoscopes
showbiz/health/slimming	http://www.mirror.co.uk/life-style/dieting
showbiz/health/sexdoctor	http://www.mirror.co.uk/advice/sex-doctor
showbiz/health	http://www.mirror.co.uk/life-style/sex-health
showbiz/dating	http://www.mirror.co.uk/dating
showbiz/celebsonsunday/themostglamorouschristmasever	http://www.mirror.co.uk/celebs/celebs-on-sunday
showbiz/celebsonsunday/thebiginterview	http://www.mirror.co.uk/celebs/celebs-on-sunday
showbiz/celebsonsunday/interrogation	http://www.mirror.co.uk/celebs/celebs-on-sunday
showbiz/celebsonsunday/beauty	http://www.mirror.co.uk/celebs/celebs-on-sunday
showbiz/celebsonsunday	http://www.mirror.co.uk/celebs/celebs-on-sunday
showbiz/bingo	http://www.sundaymirrorbingo.com
showbiz/bigbrother	http://www.mirror.co.uk/tv-entertainment/big-brother
showbiz	http://www.mirror.co.uk/celebs
scratchcards http://www.mirror.co.uk/scratchcards
rules	http://www.mirror.co.uk/rules
register	http://www.mirror.co.uk/registration
promotions	http://www.mirror.co.uk/fun-games/competitions
priv_statement	http://www.mirror.co.uk/priv_statement
news		http://www.mirror.co.uk/news
news/yourmoney/treasurehunter	http://www.mirror.co.uk/advice/money
news/yourmoney	http://www.mirror.co.uk/advice/money/melanie-wright
news/wepay	http://www.mirror.co.uk/news
news/weather	http://www.mirror.co.uk/news/weather
news/sunday	http://www.mirror.co.uk/sunday-mirror
news/motoring/willson	http://www.mirror.co.uk/advice/motoring/willson
news/motoring/judgetread	http://www.mirror.co.uk/advice/motoring/judge-tread
news/motoring	http://www.mirror.co.uk/advice/motoring
news/homesandholidays/travelguides	http://www.mirror.co.uk/advice/holidays
news/homesandholidays/travelfeatures	http://www.mirror.co.uk/advice/holidays
news/homesandholidays/homes/tricksofthetrade	http://www.mirror.co.uk/advice/homes/how-to
news/homesandholidays/homes/propertyoftheweek	http://www.mirror.co.uk/advice/homes
news/homesandholidays/homes/homesarchive	http://www.mirror.co.uk/advice/homes
news/homesandholidays/homes/buyingguidehome/renovationdevelopmentecoliving	http://www.mirror.co.uk/advice/homes/buying-guide
news/homesandholidays/homes/buyingguidehome/firsttimebuyers	http://www.mirror.co.uk/advice/homes/buying-guide
news/homesandholidays/homes/buyingguidehome/buytoletandinvestment	http://www.mirror.co.uk/advice/homes/buying-guide
news/homesandholidays/homes/buyingguidehome/buildinganewlife	http://www.mirror.co.uk/advice/homes/buying-guide
news/homesandholidays/homes/buyingguidehome	http://www.mirror.co.uk/advice/homes/buying-guide
news/homesandholidays/homes/buyingguideabroad/guidestobuyingabroad	http://www.mirror.co.uk/advice/homes/buying-guide
news/homesandholidays/homes/buyingguideabroad/buyinginspain	http://www.mirror.co.uk/advice/homes/buying-guide
news/homesandholidays/homes/buyingguideabroad/buyinginrestofworld	http://www.mirror.co.uk/advice/homes/buying-guide
news/homesandholidays/homes/buyingguideabroad/buyingineurope	http://www.mirror.co.uk/advice/homes/buying-guide
news/homesandholidays/homes/buyingguideabroad	http://www.mirror.co.uk/advice/homes/buying-guide
news/homesandholidays/homes	http://www.mirror.co.uk/advice/homes
news/homesandholidays/holidays/ukgreatdaysout	http://www.mirror.co.uk/advice/holidays
news/homesandholidays/holidays/dealsoftheweek	http://www.mirror.co.uk/advice/holidays
news/homesandholidays/holidays	http://www.mirror.co.uk/advice/holidays
news/homesandholidays/gardening/mustdointhegaredenthisweek	http://www.mirror.co.uk/advice/gardening/gardening-tasks
news/homesandholidays/gardening/gardenarchive	http://www.mirror.co.uk/advice/gardening/garden-archive
news/homesandholidays/gardening	http://www.mirror.co.uk/advice/gardening
news/homesandholidays/cities/worldwide	http://www.mirror.co.uk/advice/holidays
news/homesandholidays/cities/europe	http://www.mirror.co.uk/advice/holidays
news/homesandholidays/cities/asia	http://www.mirror.co.uk/advice/holidays
news/homesandholidays/cities/americas	http://www.mirror.co.uk/advice/holidays
news/homesandholidays/cities	http://www.mirror.co.uk/advice/holidays
news/homesandholidays/britain/hotelsbandbs	http://www.mirror.co.uk/advice/holidays/britain
news/homesandholidays/britain/country	http://www.mirror.co.uk/advice/holidays/britain
news/homesandholidays/britain/coast	http://www.mirror.co.uk/advice/holidays/britain
news/homesandholidays/britain/cities	http://www.mirror.co.uk/advice/holidays/britain
news/homesandholidays/britain	http://www.mirror.co.uk/advice/holidays/britain
news/homesandholidays/beaches/worldwide	http://www.mirror.co.uk/advice/holidays/beaches
news/homesandholidays/beaches/europe	http://www.mirror.co.uk/advice/holidays/beaches
news/homesandholidays/beaches/asia	http://www.mirror.co.uk/advice/holidays/beaches
news/homesandholidays/beaches/americas	http://www.mirror.co.uk/advice/holidays/beaches
news/homesandholidays/beaches	http://www.mirror.co.uk/advice/holidays/beaches
news/homesandholidays/adventure/naturalworld	http://www.mirror.co.uk/advice/holidays/adventure
news/homesandholidays/adventure/families	http://www.mirror.co.uk/advice/holidays/adventure
news/homesandholidays/adventure/cruises	http://www.mirror.co.uk/advice/holidays/adventure
news/homesandholidays/adventure/activities	http://www.mirror.co.uk/advice/holidays/adventure
news/homesandholidays/adventure	http://www.mirror.co.uk/advice/holidays/adventure
news/homesandholidays			http://www.mirror.co.uk/advice/holidays
news/gotastory					http://www.mirror.co.uk/about-the-mirror/sunday-sell-story
news/dailynews					http://www.mirror.co.uk/news
news/competitions				http://www.mirror.co.uk/fun-games/competitions
news/columnists/stott			http://www.mirror.co.uk/opinion
news/columnists/opinion			http://www.mirror.co.uk/opinion
news/columnists/markaustin		http://www.mirror.co.uk/opinion
news/columnists/malone			http://www.mirror.co.uk/opinion
news/columnists/fionamcintosh	http://www.mirror.co.uk/opinion
news/columnists/annasmith		http://www.mirror.co.uk/opinion
news/columnists		http://www.mirror.co.uk/opinion
news/businessguides	http://www.mirror.co.uk/advice/more-advice/business-guide
news				http://www.mirror.co.uk/advice/motoring
national			http://www.mirror.co.uk
motoring			http://www.mirror.co.uk/advice/motoring
match-tracker		http://www.mirror.co.uk/match-tracker
lotto				https://mirror.mylotto24.co.uk
irishytm			http://irishsundaymirror.youthemanager.co.uk
irishrugby			http://www.mirror.co.uk/sport/rugby
holidayhell			http://www.mirror.co.uk/advice/holidays
gardening			http://gardening.mirror.co.uk
golfgenius			http://www.mirror.co.uk/sport/more-sport/golf
forums				http://forums.mirror.co.uk
fathersday		http://www.mirror.co.uk/news/fathers-day/upload
fantasyrugby		http://www.mirror.co.uk/sport/rugby
diehard4			http://www.mirror.co.uk/tv-entertainment/film
contactus			http://www.mirror.co.uk/about-the-mirror/contact-us
competitions		http://www.mirror.co.uk/fun-games/competitions
celebs-on-sunday	http://www.mirror.co.uk/celebs/celebs-on-sunday
celebs				http://www.mirror.co.uk/celebs
blogs				http://www.mirror.co.uk/opinion
bingo				http://www.sundaymirrorbingo.com
beautysurvey			http://www.mirror.co.uk/life-style/fashion-beauty
advice/credit-crunch	http://www.mirror.co.uk/advice/credit-crunch
travel/top10 			http://www.mirror.co.uk/travel/top-10
top10 					http://www.mirror.co.uk/travel/top-10
celebsonsundayfashion	http://www.mirror.co.uk/celebs/news/2009/09/02/celebs-on-sunday-fashion-115875-21642454
celebsonsunday/win		http://www.myoffers.co.uk/prizedraw.asp?src=196437&cid=2070&pd=8353&pn=0&r=1&nopopup=1&cpid=93
win			http://www.mirror.co.uk/sunday-mirror/win
