youngscot/young-scot-stories	http://www.dailyrecord.co.uk
tv-showbiz-news/tv-news/soap-news	http://www.dailyrecord.co.uk/showbiz/television-news
tv-showbiz-news/tv-news	http://www.dailyrecord.co.uk/showbiz/television-news
tv-showbiz-news/music-news	http://www.dailyrecord.co.uk/showbiz/music-news
tv-showbiz-news/entertainment-news	http://www.dailyrecord.co.uk/showbiz
tv-showbiz-news	http://www.dailyrecord.co.uk/showbiz
true-crime/underword-rich-list	http://www.dailyrecord.co.uk
true-crime/special-reports	http://www.dailyrecord.co.uk
true-crime/scottish-crime-news	http://www.dailyrecord.co.uk
true-crime/prime-suspect	http://www.dailyrecord.co.uk/life
true-crime/iceman	http://www.dailyrecord.co.uk
sport-news/sportfeed	http://www.dailyrecord.co.uk/sport
sport-news/scottish-football/spl/top-spl-section	http://www.dailyrecord.co.uk/football/spl
sport-news/scottish-football/spl/inverness-caledonian-fc	http://www.dailyrecord.co.uk/football/sfl/division-one
sport-news/scottish-football/spl/gretna-fc	http://www.dailyrecord.co.uk/football
sport-news/scottish-football/spl/glasgow-rangers-fc/roadtomanchester	http://www.dailyrecord.co.uk/football/spl/rangers
sport-news/scottish-football/spl/glasgow-rangers-fc	http://www.dailyrecord.co.uk/football/spl/rangers
sport-news/scottish-football/spl/celtic-fc	http://www.dailyrecord.co.uk/football/spl/celtic
sport-news/scottish-football/spl	http://www.dailyrecord.co.uk/football
sport-news/scottish-football/sfl/sfl-1st-division	http://www.dailyrecord.co.uk/football/sfl/division-one
sport-news/scottish-football/international-football/euro2008	http://www.dailyrecord.co.uk/football
sport-news/scottish-football/cis-cup	http://www.dailyrecord.co.uk/football/cups/league-cup
sport-news/scottish-football	http://www.dailyrecord.co.uk/football
sport-news/olympics-2008	http://www.dailyrecord.co.uk/sport
sport-news	http://www.dailyrecord.co.uk/football
rules http://www.dailyrecord.co.uk/terms-conditions/
opinion/you-say	http://www.dailyrecord.co.uk
opinion/we-say	http://www.dailyrecord.co.uk
opinion/columnists/elaine-c-smith	http://www.dailyrecord.co.uk/opinion
opinion/columnists/Andy Bollen	http://www.dailyrecord.co.uk/opinion
opinion	http://www.dailyrecord.co.uk/opinion
news/uk-and-international-news	http://www.dailyrecord.co.uk/news/uk-world-news
news/special-reports/stop-the-carnage/special-reports	http://www.dailyrecord.co.uk
news/scottish-weather-forecast	http://www.dailyrecord.co.uk/weather
news/scottish-news	http://www.dailyrecord.co.uk/news
news/newsfeed	http://www.dailyrecord.co.uk/news
news/editors-choice	http://www.dailyrecord.co.uk/news/editors-choice
lightbulbs	http://www.dailyrecord.co.uk
lifestyle/travel-news	http://www.dailyrecord.co.uk/life/travel
lifestyle/real-life-stories	http://www.dailyrecord.co.uk/news/real-life
lifestyle/pets-online/pets-of-the-week	http://www.dailyrecord.co.uk/life
lifestyle/pets-online/pet-care	http://www.dailyrecord.co.uk/life
lifestyle/lifestyle-catchall	http://www.dailyrecord.co.uk/life
lifestyle/law-advice/need-advice	http://www.dailyrecord.co.uk/life/consumer
lifestyle/law-advice	http://www.dailyrecord.co.uk/life/consumer
lifestyle/jobs-in-scotland	http://www.dailyrecord.co.uk/life
lifestyle/horoscopes	http://www.dailyrecord.co.uk/life
lifestyle/home-and-garden/home-improvements/new-homes-scotland	http://www.dailyrecord.co.uk/life
lifestyle/home-and-garden/home-improvements/john-amabile	http://www.dailyrecord.co.uk/life
lifestyle/home-and-garden/home-improvements/homestyle	http://www.dailyrecord.co.uk/life
lifestyle/home-and-garden/home-improvements/homes-abroad	http://www.dailyrecord.co.uk/life
lifestyle/home-and-garden/home-improvements/colin-and-justin	http://www.dailyrecord.co.uk/life
lifestyle/home-and-garden/home-improvements	http://www.dailyrecord.co.uk/life
lifestyle/home-and-garden/gardening/carolyn-spray	http://www.dailyrecord.co.uk/life
lifestyle/home-and-garden/gardening/bill-chudziak	http://www.dailyrecord.co.uk/life
lifestyle/home-and-garden/gardening	http://www.dailyrecord.co.uk/life
lifestyle/home-and-garden/diy-advice	http://www.dailyrecord.co.uk/life
lifestyle/home-and-garden	http://www.dailyrecord.co.uk/life
lifestyle/health-advice/online-doctors-advice	http://www.dailyrecord.co.uk/life
lifestyle/health-advice/doctors-help	http://www.dailyrecord.co.uk/life
lifestyle/food-and-drink/food-recipes	http://www.dailyrecord.co.uk/life/food-and-drink
lifestyle/food-and-drink/cooking-tips	http://www.dailyrecord.co.uk/life/food-and-drink
lifestyle/food-and-drink	http://www.dailyrecord.co.uk/life/food-and-drink
lifestyle/fashion-news/beauty-tips	http://www.dailyrecord.co.uk/life
lifestyle/cars-motors	http://www.dailyrecord.co.uk/life
lifestyle	http://www.dailyrecord.co.uk/life
fun-and-games/just-ask	http://www.dailyrecord.co.uk
fun-and-games/fun-quiz-of-the-week	http://www.dailyrecord.co.uk
fun-and-games/crazy-world	http://www.dailyrecord.co.uk
fun-and-games/competitions/terms-and-conditions	http://www.dailyrecord.co.uk/competitions/terms-and-conditions
fun-and-games/competitions	http://www.dailyrecord.co.uk/competitions
feature	http://www.dailyrecord.co.uk/sunday-mail/feature
loiswinstone	http://dailyrecord.co.uk/loiswinstone                         
weddingandmoney	http://dailyrecord.co.uk/weddingandmoney                 
flightstoflorida	http://dailyrecord.co.uk/flightstoflorida                         
beachholidays	http://dailyrecord.co.uk/beachholidays   
beautyoffer	http://www.dailyrecord.co.uk/beautyoffer
cruise        	http://dailyrecord.co.uk/cruise                                 
downloads	http://dailyrecord.co.uk/downloads                         
scrappageandenvironment	http://dailyrecord.co.uk/scrappageandenvironment         
waterproofhome	http://dailyrecord.co.uk/waterproofhome                 
toptips	http://dailyrecord.co.uk/toptips                         
jumbojet	http://dailyrecord.co.uk/jumbojet      
scotlandsislands	http://www.dailyrecord.co.uk/sunday-mail/scotlandsislands       
visitscotland	http://www.visitscotland.com/surprisetrails   
